Archive member included to satisfy reference by file (symbol)

C:/Users/ntan/git/BlinkyLED05/BlinkyLED05_mainapp_cm0p_psoc6pdl/Debug/libBlinkyLED05_mainapp_cm0p_psoc6pdl.a(cy_syslib_gcc.o)
                              ./psoc6sw-1.0/components/psoc6pdl/devices/psoc6/startup/system_psoc6_cm0plus.o (Cy_SysLib_EnterCriticalSection)
C:/Users/ntan/git/BlinkyLED05/BlinkyLED05_mainapp_cm0p_psoc6pdl/Debug/libBlinkyLED05_mainapp_cm0p_psoc6pdl.a(cy_device.o)
                              ./psoc6sw-1.0/components/psoc6pdl/devices/psoc6/startup/system_psoc6_cm0plus.o (Cy_PDL_Init)
C:/Users/ntan/git/BlinkyLED05/BlinkyLED05_mainapp_cm0p_psoc6pdl/Debug/libBlinkyLED05_mainapp_cm0p_psoc6pdl.a(cy_gpio.o)
                              ./BlinkyLED05_config/GeneratedSource/cycfg_pins.o (Cy_GPIO_Pin_Init)
C:/Users/ntan/git/BlinkyLED05/BlinkyLED05_mainapp_cm0p_psoc6pdl/Debug/libBlinkyLED05_mainapp_cm0p_psoc6pdl.a(cy_ipc_pipe.o)
                              ./psoc6sw-1.0/components/psoc6pdl/devices/psoc6/startup/system_psoc6_cm0plus.o (Cy_IPC_Pipe_Config)
C:/Users/ntan/git/BlinkyLED05/BlinkyLED05_mainapp_cm0p_psoc6pdl/Debug/libBlinkyLED05_mainapp_cm0p_psoc6pdl.a(cy_ipc_sema.o)
                              ./psoc6sw-1.0/components/psoc6pdl/devices/psoc6/startup/system_psoc6_cm0plus.o (Cy_IPC_Sema_Init)
C:/Users/ntan/git/BlinkyLED05/BlinkyLED05_mainapp_cm0p_psoc6pdl/Debug/libBlinkyLED05_mainapp_cm0p_psoc6pdl.a(cy_sysclk.o)
                              ./BlinkyLED05_config/GeneratedSource/cycfg_platform.o (Cy_SysClk_ClkPathSetSource)
C:/Users/ntan/git/BlinkyLED05/BlinkyLED05_mainapp_cm0p_psoc6pdl/Debug/libBlinkyLED05_mainapp_cm0p_psoc6pdl.a(cy_sysint.o)
                              C:/Users/ntan/git/BlinkyLED05/BlinkyLED05_mainapp_cm0p_psoc6pdl/Debug/libBlinkyLED05_mainapp_cm0p_psoc6pdl.a(cy_ipc_pipe.o) (Cy_SysInt_Init)
C:/Users/ntan/git/BlinkyLED05/BlinkyLED05_mainapp_cm0p_psoc6pdl/Debug/libBlinkyLED05_mainapp_cm0p_psoc6pdl.a(cy_syslib.o)
                              ./BlinkyLED05_config/GeneratedSource/cycfg_platform.o (Cy_SysLib_DelayUs)
C:/Users/ntan/git/BlinkyLED05/BlinkyLED05_mainapp_cm0p_psoc6pdl/Debug/libBlinkyLED05_mainapp_cm0p_psoc6pdl.a(cy_syspm.o)
                              ./BlinkyLED05_config/GeneratedSource/cycfg_platform.o (Cy_SysPm_LdoSetVoltage)
C:/Users/ntan/git/BlinkyLED05/BlinkyLED05_mainapp_cm0p_psoc6pdl/Debug/libBlinkyLED05_mainapp_cm0p_psoc6pdl.a(cy_wdt.o)
                              ./psoc6sw-1.0/components/psoc6pdl/devices/psoc6/startup/system_psoc6_cm0plus.o (Cy_WDT_Unlock)
C:/Users/ntan/git/BlinkyLED05/BlinkyLED05_mainapp_cm0p_psoc6pdl/Debug/libBlinkyLED05_mainapp_cm0p_psoc6pdl.a(cy_ipc_drv.o)
                              C:/Users/ntan/git/BlinkyLED05/BlinkyLED05_mainapp_cm0p_psoc6pdl/Debug/libBlinkyLED05_mainapp_cm0p_psoc6pdl.a(cy_ipc_pipe.o) (Cy_IPC_Drv_LockRelease)
C:/Users/ntan/git/BlinkyLED05/BlinkyLED05_mainapp_cm0p_psoc6pdl/Debug/libBlinkyLED05_mainapp_cm0p_psoc6pdl.a(cy_prot.o)
                              C:/Users/ntan/git/BlinkyLED05/BlinkyLED05_mainapp_cm0p_psoc6pdl/Debug/libBlinkyLED05_mainapp_cm0p_psoc6pdl.a(cy_syspm.o) (Cy_Prot_GetActivePC)
c:/users/ntan/modustoolbox_1.0/tools/gcc-7.2.1-1.0/bin/../lib/gcc/arm-none-eabi/7.2.1/thumb/v6-m\libgcc.a(_udivsi3.o)
                              ./psoc6sw-1.0/components/psoc6pdl/devices/psoc6/startup/system_psoc6_cm0plus.o (__aeabi_uidiv)
c:/users/ntan/modustoolbox_1.0/tools/gcc-7.2.1-1.0/bin/../lib/gcc/arm-none-eabi/7.2.1/thumb/v6-m\libgcc.a(_dvmd_tls.o)
                              c:/users/ntan/modustoolbox_1.0/tools/gcc-7.2.1-1.0/bin/../lib/gcc/arm-none-eabi/7.2.1/thumb/v6-m\libgcc.a(_udivsi3.o) (__aeabi_idiv0)
c:/users/ntan/modustoolbox_1.0/tools/gcc-7.2.1-1.0/bin/../lib/gcc/arm-none-eabi/7.2.1/thumb/v6-m\libgcc.a(_arm_cmpsf2.o)
                              C:/Users/ntan/git/BlinkyLED05/BlinkyLED05_mainapp_cm0p_psoc6pdl/Debug/libBlinkyLED05_mainapp_cm0p_psoc6pdl.a(cy_sysclk.o) (__aeabi_fcmplt)
c:/users/ntan/modustoolbox_1.0/tools/gcc-7.2.1-1.0/bin/../lib/gcc/arm-none-eabi/7.2.1/thumb/v6-m\libgcc.a(_aeabi_uldivmod.o)
                              C:/Users/ntan/git/BlinkyLED05/BlinkyLED05_mainapp_cm0p_psoc6pdl/Debug/libBlinkyLED05_mainapp_cm0p_psoc6pdl.a(cy_sysclk.o) (__aeabi_uldivmod)
c:/users/ntan/modustoolbox_1.0/tools/gcc-7.2.1-1.0/bin/../lib/gcc/arm-none-eabi/7.2.1/thumb/v6-m\libgcc.a(_muldi3.o)
                              C:/Users/ntan/git/BlinkyLED05/BlinkyLED05_mainapp_cm0p_psoc6pdl/Debug/libBlinkyLED05_mainapp_cm0p_psoc6pdl.a(cy_sysclk.o) (__aeabi_lmul)
c:/users/ntan/modustoolbox_1.0/tools/gcc-7.2.1-1.0/bin/../lib/gcc/arm-none-eabi/7.2.1/thumb/v6-m\libgcc.a(_fixunssfsi.o)
                              C:/Users/ntan/git/BlinkyLED05/BlinkyLED05_mainapp_cm0p_psoc6pdl/Debug/libBlinkyLED05_mainapp_cm0p_psoc6pdl.a(cy_sysclk.o) (__aeabi_f2uiz)
c:/users/ntan/modustoolbox_1.0/tools/gcc-7.2.1-1.0/bin/../lib/gcc/arm-none-eabi/7.2.1/thumb/v6-m\libgcc.a(_fixunsdfsi.o)
[...]
Memory Configuration

Name             Origin             Length             Attributes
ram              0x08000000         0x00020000         xrw
flash            0x10000000         0x00100000         xr
em_eeprom        0x14000000         0x00008000         xr
sflash_user_data 0x16000800         0x00000800         xr
sflash_nar       0x16001a00         0x00000200         xr
sflash_public_key 0x16005a00         0x00000c00         xr
sflash_toc_2     0x16007c00         0x00000200         xr
sflash_rtoc_2    0x16007e00         0x00000200         xr
xip              0x18000000         0x08000000         xr
efuse            0x90700000         0x00100000         r
*default*        0x00000000         0xffffffff

Linker script and memory map

LOAD c:/users/ntan/modustoolbox_1.0/tools/gcc-7.2.1-1.0/bin/../lib/gcc/arm-none-eabi/7.2.1/thumb/v6-m/crti.o
LOAD c:/users/ntan/modustoolbox_1.0/tools/gcc-7.2.1-1.0/bin/../lib/gcc/arm-none-eabi/7.2.1/thumb/v6-m/crtbegin.o
LOAD c:/users/ntan/modustoolbox_1.0/tools/gcc-7.2.1-1.0/bin/../lib/gcc/arm-none-eabi/7.2.1/../../../../arm-none-eabi/lib/thumb/v6-m/crt0.o
START GROUP
LOAD ./psoc6sw-1.0/components/psoc6pdl/devices/psoc6/startup/gcc/startup_psoc6_02_cm0plus.o
LOAD ./psoc6sw-1.0/components/psoc6pdl/devices/psoc6/startup/system_psoc6_cm0plus.o
LOAD ./Source_cm0p/main.o
LOAD ./BlinkyLED05_config/GeneratedSource/cycfg.o
LOAD ./BlinkyLED05_config/GeneratedSource/cycfg_clocks.o
LOAD ./BlinkyLED05_config/GeneratedSource/cycfg_connectivity.o
LOAD ./BlinkyLED05_config/GeneratedSource/cycfg_peripherals.o
LOAD ./BlinkyLED05_config/GeneratedSource/cycfg_pins.o
LOAD ./BlinkyLED05_config/GeneratedSource/cycfg_platform.o
LOAD C:/Users/ntan/git/BlinkyLED05/BlinkyLED05_mainapp_cm0p_psoc6pdl/Debug/libBlinkyLED05_mainapp_cm0p_psoc6pdl.a
END GROUP
START GROUP
LOAD c:/users/ntan/modustoolbox_1.0/tools/gcc-7.2.1-1.0/bin/../lib/gcc/arm-none-eabi/7.2.1/thumb/v6-m\libgcc.a
LOAD c:/users/ntan/modustoolbox_1.0/tools/gcc-7.2.1-1.0/bin/../lib/gcc/arm-none-eabi/7.2.1/../../../../arm-none-eabi/lib/thumb/v6-m\libg_nano.a
LOAD c:/users/ntan/modustoolbox_1.0/tools/gcc-7.2.1-1.0/bin/../lib/gcc/arm-none-eabi/7.2.1/../../../../arm-none-eabi/lib/thumb/v6-m\libc_nano.a
END GROUP
START GROUP
LOAD c:/users/ntan/modustoolbox_1.0/tools/gcc-7.2.1-1.0/bin/../lib/gcc/arm-none-eabi/7.2.1/thumb/v6-m\libgcc.a
LOAD c:/users/ntan/modustoolbox_1.0/tools/gcc-7.2.1-1.0/bin/../lib/gcc/arm-none-eabi/7.2.1/../../../../arm-none-eabi/lib/thumb/v6-m\libc_nano.a
END GROUP
LOAD c:/users/ntan/modustoolbox_1.0/tools/gcc-7.2.1-1.0/bin/../lib/gcc/arm-none-eabi/7.2.1/thumb/v6-m/crtend.o
LOAD c:/users/ntan/modustoolbox_1.0/tools/gcc-7.2.1-1.0/bin/../lib/gcc/arm-none-eabi/7.2.1/thumb/v6-m/crtn.o
START GROUP
LOAD c:/users/ntan/modustoolbox_1.0/tools/gcc-7.2.1-1.0/bin/../lib/gcc/arm-none-eabi/7.2.1/thumb/v6-m\libgcc.a
LOAD c:/users/ntan/modustoolbox_1.0/tools/gcc-7.2.1-1.0/bin/../lib/gcc/arm-none-eabi/7.2.1/../../../../arm-none-eabi/lib/thumb/v6-m\libc.a
LOAD c:/users/ntan/modustoolbox_1.0/tools/gcc-7.2.1-1.0/bin/../lib/gcc/arm-none-eabi/7.2.1/../../../../arm-none-eabi/lib/thumb/v6-m\libnosys.a
END GROUP
START GROUP
LOAD c:/users/ntan/modustoolbox_1.0/tools/gcc-7.2.1-1.0/bin/../lib/gcc/arm-none-eabi/7.2.1/thumb/v6-m\libgcc.a
LOAD c:/users/ntan/modustoolbox_1.0/tools/gcc-7.2.1-1.0/bin/../lib/gcc/arm-none-eabi/7.2.1/../../../../arm-none-eabi/lib/thumb/v6-m\libc.a
LOAD c:/users/ntan/modustoolbox_1.0/tools/gcc-7.2.1-1.0/bin/../lib/gcc/arm-none-eabi/7.2.1/../../../../arm-none-eabi/lib/thumb/v6-m\libm.a
LOAD c:/users/ntan/modustoolbox_1.0/tools/gcc-7.2.1-1.0/bin/../lib/gcc/arm-none-eabi/7.2.1/../../../../arm-none-eabi/lib/thumb/v6-m\libnosys.a
END GROUP

.cy_app_header
 *(.cy_app_header)

.text           0x10000000     0x12d8
                0x10000000                . = ALIGN (0x4)
                0x10000000                __Vectors = .
 *(.vectors)
 .vectors       0x10000000       0x80 ./psoc6sw-1.0/components/psoc6pdl/devices/psoc6/startup/gcc/startup_psoc6_02_cm0plus.o
                0x10000080                . = ALIGN (0x4)
                0x10000080                __Vectors_End = .
                0x00000080                __Vectors_Size = (__Vectors_End - __Vectors)
                0x10000080                __end__ = .
                0x10000080                . = ALIGN (0x4)
 *(.text*)
 .text          0x10000080       0x48 c:/users/ntan/modustoolbox_1.0/tools/gcc-7.2.1-1.0/bin/../lib/gcc/arm-none-eabi/7.2.1/thumb/v6-m/crtbegin.o
 .text          0x100000c8       0x80 ./psoc6sw-1.0/components/psoc6pdl/devices/psoc6/startup/gcc/startup_psoc6_02_cm0plus.o
                0x100000c8                Cy_OnResetUser
                0x100000ca                Reset_Handler
                0x10000128                Internal4_IRQHandler
                0x10000128                PendSV_Handler
                0x10000128                NMI_Handler
                0x10000128                SysTick_Handler
                0x10000128                Internal3_IRQHandler
                0x10000128                Internal6_IRQHandler
                0x10000128                NvicMux0_IRQHandler
                0x10000128                Internal7_IRQHandler
                0x10000128                NvicMux6_IRQHandler
                0x10000128                NvicMux7_IRQHandler
                0x10000128                Internal5_IRQHandler
                0x10000128                NvicMux2_IRQHandler
                0x10000128                Internal0_IRQHandler
                0x10000128                NvicMux4_IRQHandler
                0x10000128                Default_Handler
                0x10000128                NvicMux5_IRQHandler
                0x10000128                NvicMux3_IRQHandler
                0x10000128                Internal1_IRQHandler
                0x10000128                SVC_Handler
                0x10000128                NvicMux1_IRQHandler
                0x10000128                Internal2_IRQHandler
                0x1000012c                HardFault_Handler
 .text.Cy_SysIpcPipeIsrCm0
                0x10000148        0xa ./psoc6sw-1.0/components/psoc6pdl/devices/psoc6/startup/system_psoc6_cm0plus.o
                0x10000148                Cy_SysIpcPipeIsrCm0
 .text.Cy_SystemInit
                0x10000152        0x2 ./psoc6sw-1.0/components/psoc6pdl/devices/psoc6/startup/system_psoc6_cm0plus.o
                0x10000152                Cy_SystemInit
 .text.SystemCoreClockUpdate
                0x10000154      0x1c8 ./psoc6sw-1.0/components/psoc6pdl/devices/psoc6/startup/system_psoc6_cm0plus.o
                0x10000154                SystemCoreClockUpdate
 .text.SystemInit
                0x1000031c       0xa0 ./psoc6sw-1.0/components/psoc6pdl/devices/psoc6/startup/system_psoc6_cm0plus.o
                0x1000031c                SystemInit
 .text.Cy_SysGetCM4Status
                0x100003bc       0x14 ./psoc6sw-1.0/components/psoc6pdl/devices/psoc6/startup/system_psoc6_cm0plus.o
                0x100003bc                Cy_SysGetCM4Status
 .text.Cy_SysResetCM4
                0x100003d0       0x34 ./psoc6sw-1.0/components/psoc6pdl/devices/psoc6/startup/system_psoc6_cm0plus.o
                0x100003d0                Cy_SysResetCM4
 .text.Cy_SysEnableCM4
                0x10000404       0x60 ./psoc6sw-1.0/components/psoc6pdl/devices/psoc6/startup/system_psoc6_cm0plus.o
                0x10000404                Cy_SysEnableCM4
 .text.main     0x10000464       0x18 ./Source_cm0p/main.o
                0x10000464                main
 *fill*         0x1000047c        0x4 
 .text          0x10000480       0x20 C:/Users/ntan/git/BlinkyLED05/BlinkyLED05_mainapp_cm0p_psoc6pdl/Debug/libBlinkyLED05_mainapp_cm0p_psoc6pdl.a(cy_syslib_gcc.o)
                0x10000480                Cy_SysLib_DelayCycles
                0x10000492                Cy_SysLib_EnterCriticalSection
                0x1000049a                Cy_SysLib_ExitCriticalSection
 .text.Cy_PDL_Init
                0x100004a0        0xc C:/Users/ntan/git/BlinkyLED05/BlinkyLED05_mainapp_cm0p_psoc6pdl/Debug/libBlinkyLED05_mainapp_cm0p_psoc6pdl.a(cy_device.o)
                0x100004a0                Cy_PDL_Init
 .text.Cy_IPC_Pipe_Config
                0x100004ac       0x14 C:/Users/ntan/git/BlinkyLED05/BlinkyLED05_mainapp_cm0p_psoc6pdl/Debug/libBlinkyLED05_mainapp_cm0p_psoc6pdl.a(cy_ipc_pipe.o)
                0x100004ac                Cy_IPC_Pipe_Config
 .text.Cy_IPC_Pipe_EndpointInit
                0x100004c0       0xe4 C:/Users/ntan/git/BlinkyLED05/BlinkyLED05_mainapp_cm0p_psoc6pdl/Debug/libBlinkyLED05_mainapp_cm0p_psoc6pdl.a(cy_ipc_pipe.o)
                0x100004c0                Cy_IPC_Pipe_EndpointInit
 .text.Cy_IPC_Pipe_Init
                0x100005a4       0xc4 C:/Users/ntan/git/BlinkyLED05/BlinkyLED05_mainapp_cm0p_psoc6pdl/Debug/libBlinkyLED05_mainapp_cm0p_psoc6pdl.a(cy_ipc_pipe.o)
                0x100005a4                Cy_IPC_Pipe_Init
 .text.Cy_IPC_Pipe_ExecCallback
                0x10000668       0xdc C:/Users/ntan/git/BlinkyLED05/BlinkyLED05_mainapp_cm0p_psoc6pdl/Debug/libBlinkyLED05_mainapp_cm0p_psoc6pdl.a(cy_ipc_pipe.o)
                0x10000668                Cy_IPC_Pipe_ExecCallback
 .text.Cy_IPC_Pipe_ExecuteCallback
                0x10000744       0x30 C:/Users/ntan/git/BlinkyLED05/BlinkyLED05_mainapp_cm0p_psoc6pdl/Debug/libBlinkyLED05_mainapp_cm0p_psoc6pdl.a(cy_ipc_pipe.o)
                0x10000744                Cy_IPC_Pipe_ExecuteCallback
 .text.Cy_IPC_Sema_InitExt
                0x10000774       0xb0 C:/Users/ntan/git/BlinkyLED05/BlinkyLED05_mainapp_cm0p_psoc6pdl/Debug/libBlinkyLED05_mainapp_cm0p_psoc6pdl.a(cy_ipc_sema.o)
                0x10000774                Cy_IPC_Sema_InitExt
 .text.Cy_IPC_Sema_Init
                0x10000824       0x70 C:/Users/ntan/git/BlinkyLED05/BlinkyLED05_mainapp_cm0p_psoc6pdl/Debug/libBlinkyLED05_mainapp_cm0p_psoc6pdl.a(cy_ipc_sema.o)
                0x10000824                Cy_IPC_Sema_Init
 .text.Cy_SysInt_SetInterruptSource
                0x10000894       0x74 C:/Users/ntan/git/BlinkyLED05/BlinkyLED05_mainapp_cm0p_psoc6pdl/Debug/libBlinkyLED05_mainapp_cm0p_psoc6pdl.a(cy_sysint.o)
                0x10000894                Cy_SysInt_SetInterruptSource
 .text.Cy_SysInt_SetVector
                0x10000908       0x48 C:/Users/ntan/git/BlinkyLED05/BlinkyLED05_mainapp_cm0p_psoc6pdl/Debug/libBlinkyLED05_mainapp_cm0p_psoc6pdl.a(cy_sysint.o)
                0x10000908                Cy_SysInt_SetVector
 .text.Cy_SysInt_Init
                0x10000950       0xd4 C:/Users/ntan/git/BlinkyLED05/BlinkyLED05_mainapp_cm0p_psoc6pdl/Debug/libBlinkyLED05_mainapp_cm0p_psoc6pdl.a(cy_sysint.o)
                0x10000950                Cy_SysInt_Init
 .text.Cy_SysLib_Halt
                0x10000a24        0x4 C:/Users/ntan/git/BlinkyLED05/BlinkyLED05_mainapp_cm0p_psoc6pdl/Debug/libBlinkyLED05_mainapp_cm0p_psoc6pdl.a(cy_syslib.o)
                0x10000a24                Cy_SysLib_Halt
 .text.Cy_SysLib_AssertFailed
                0x10000a28       0x1c C:/Users/ntan/git/BlinkyLED05/BlinkyLED05_mainapp_cm0p_psoc6pdl/Debug/libBlinkyLED05_mainapp_cm0p_psoc6pdl.a(cy_syslib.o)
                0x10000a28                Cy_SysLib_AssertFailed
 .text.Cy_SysLib_ProcessingFault
                0x10000a44        0x2 C:/Users/ntan/git/BlinkyLED05/BlinkyLED05_mainapp_cm0p_psoc6pdl/Debug/libBlinkyLED05_mainapp_cm0p_psoc6pdl.a(cy_syslib.o)
                0x10000a44                Cy_SysLib_ProcessingFault
 *fill*         0x10000a46        0x2 
 .text.Cy_SysLib_FaultHandler
                0x10000a48       0x30 C:/Users/ntan/git/BlinkyLED05/BlinkyLED05_mainapp_cm0p_psoc6pdl/Debug/libBlinkyLED05_mainapp_cm0p_psoc6pdl.a(cy_syslib.o)
                0x10000a48                Cy_SysLib_FaultHandler
 .text.Cy_SysPm_ExecuteCallback
                0x10000a78       0xd8 C:/Users/ntan/git/BlinkyLED05/BlinkyLED05_mainapp_cm0p_psoc6pdl/Debug/libBlinkyLED05_mainapp_cm0p_psoc6pdl.a(cy_syspm.o)
                0x10000a78                Cy_SysPm_ExecuteCallback
 .text.Cy_SysPm_SaveRegisters
                0x10000b50       0x80 C:/Users/ntan/git/BlinkyLED05/BlinkyLED05_mainapp_cm0p_psoc6pdl/Debug/libBlinkyLED05_mainapp_cm0p_psoc6pdl.a(cy_syspm.o)
                0x10000b50                Cy_SysPm_SaveRegisters
 .text.Cy_SysPm_RestoreRegisters
                0x10000bd0       0x80 C:/Users/ntan/git/BlinkyLED05/BlinkyLED05_mainapp_cm0p_psoc6pdl/Debug/libBlinkyLED05_mainapp_cm0p_psoc6pdl.a(cy_syspm.o)
                0x10000bd0                Cy_SysPm_RestoreRegisters
 .text.Cy_SysPm_CpuEnterDeepSleep
                0x10000c50       0xf4 C:/Users/ntan/git/BlinkyLED05/BlinkyLED05_mainapp_cm0p_psoc6pdl/Debug/libBlinkyLED05_mainapp_cm0p_psoc6pdl.a(cy_syspm.o)
                0x10000c50                Cy_SysPm_CpuEnterDeepSleep
 .text.Cy_WDT_Unlock
                0x10000d44       0x24 C:/Users/ntan/git/BlinkyLED05/BlinkyLED05_mainapp_cm0p_psoc6pdl/Debug/libBlinkyLED05_mainapp_cm0p_psoc6pdl.a(cy_wdt.o)
                0x10000d44                Cy_WDT_Unlock
 .text.Cy_IPC_Drv_LockRelease
                0x10000d68       0x44 C:/Users/ntan/git/BlinkyLED05/BlinkyLED05_mainapp_cm0p_psoc6pdl/Debug/libBlinkyLED05_mainapp_cm0p_psoc6pdl.a(cy_ipc_drv.o)
                0x10000d68                Cy_IPC_Drv_LockRelease
 .text.Cy_IPC_Drv_SendMsgWord
                0x10000dac       0x38 C:/Users/ntan/git/BlinkyLED05/BlinkyLED05_mainapp_cm0p_psoc6pdl/Debug/libBlinkyLED05_mainapp_cm0p_psoc6pdl.a(cy_ipc_drv.o)
                0x10000dac                Cy_IPC_Drv_SendMsgWord
 .text.Cy_IPC_Drv_ReadMsgWord
                0x10000de4       0x3c C:/Users/ntan/git/BlinkyLED05/BlinkyLED05_mainapp_cm0p_psoc6pdl/Debug/libBlinkyLED05_mainapp_cm0p_psoc6pdl.a(cy_ipc_drv.o)
                0x10000de4                Cy_IPC_Drv_ReadMsgWord
 .text          0x10000e20      0x114 c:/users/ntan/modustoolbox_1.0/tools/gcc-7.2.1-1.0/bin/../lib/gcc/arm-none-eabi/7.2.1/thumb/v6-m\libgcc.a(_udivsi3.o)
                0x10000e20                __aeabi_uidiv
                0x10000e20                __udivsi3
                0x10000f2c                __aeabi_uidivmod
 .text          0x10000f34        0x4 c:/users/ntan/modustoolbox_1.0/tools/gcc-7.2.1-1.0/bin/../lib/gcc/arm-none-eabi/7.2.1/thumb/v6-m\libgcc.a(_dvmd_tls.o)
                0x10000f34                __aeabi_idiv0
                0x10000f34                __aeabi_ldiv0
 .text.memset   0x10000f38       0x10 c:/users/ntan/modustoolbox_1.0/tools/gcc-7.2.1-1.0/bin/../lib/gcc/arm-none-eabi/7.2.1/../../../../arm-none-eabi/lib/thumb/v6-m\libg_nano.a(lib_a-memset.o)
                0x10000f38                memset
 .text.strncpy  0x10000f48       0x28 c:/users/ntan/modustoolbox_1.0/tools/gcc-7.2.1-1.0/bin/../lib/gcc/arm-none-eabi/7.2.1/../../../../arm-none-eabi/lib/thumb/v6-m\libg_nano.a(lib_a-strncpy.o)
                0x10000f48                strncpy
 *(.init)
 .init          0x10000f70        0x4 c:/users/ntan/modustoolbox_1.0/tools/gcc-7.2.1-1.0/bin/../lib/gcc/arm-none-eabi/7.2.1/thumb/v6-m/crti.o
                0x10000f70                _init
 .init          0x10000f74        0x8 c:/users/ntan/modustoolbox_1.0/tools/gcc-7.2.1-1.0/bin/../lib/gcc/arm-none-eabi/7.2.1/thumb/v6-m/crtn.o
 *(.fini)
 .fini          0x10000f7c        0x4 c:/users/ntan/modustoolbox_1.0/tools/gcc-7.2.1-1.0/bin/../lib/gcc/arm-none-eabi/7.2.1/thumb/v6-m/crti.o
                0x10000f7c                _fini
 .fini          0x10000f80        0x8 c:/users/ntan/modustoolbox_1.0/tools/gcc-7.2.1-1.0/bin/../lib/gcc/arm-none-eabi/7.2.1/thumb/v6-m/crtn.o
 .fini.__stub   0x10000f88       0x10 linker stubs
 *crtbegin.o(.ctors)
 *crtbegin?.o(.ctors)
 *(EXCLUDE_FILE(*crtend.o *crtend?.o) .ctors)
 *(SORT_BY_NAME(.ctors.*))
 *(.ctors)
 *crtbegin.o(.dtors)
 *crtbegin?.o(.dtors)
 *(EXCLUDE_FILE(*crtend.o *crtend?.o) .dtors)
 *(SORT_BY_NAME(.dtors.*))
 *(.dtors)
 *(.rodata .rodata.* .constdata .constdata.* .conststring .conststring.*)
 .rodata.Cy_SysEnableCM4.str1.4
                0x10000f98       0x50 ./psoc6sw-1.0/components/psoc6pdl/devices/psoc6/startup/system_psoc6_cm0plus.o
 .rodata.systemIpcPipeConfigCm0.10426
                0x10000fe8       0x34 ./psoc6sw-1.0/components/psoc6pdl/devices/psoc6/startup/system_psoc6_cm0plus.o
 .rodata.cy_deviceIpBlockCfgPSoC6_02
                0x1000101c       0xb8 C:/Users/ntan/git/BlinkyLED05/BlinkyLED05_mainapp_cm0p_psoc6pdl/Debug/libBlinkyLED05_mainapp_cm0p_psoc6pdl.a(cy_device.o)
                0x1000101c                cy_deviceIpBlockCfgPSoC6_02
 .rodata.Cy_IPC_Pipe_EndpointInit.str1.4
                0x100010d4       0xce C:/Users/ntan/git/BlinkyLED05/BlinkyLED05_mainapp_cm0p_psoc6pdl/Debug/libBlinkyLED05_mainapp_cm0p_psoc6pdl.a(cy_ipc_pipe.o)
 .rodata.Cy_IPC_Sema_InitExt.str1.4
                0x100011a2       0x66 C:/Users/ntan/git/BlinkyLED05/BlinkyLED05_mainapp_cm0p_psoc6pdl/Debug/libBlinkyLED05_mainapp_cm0p_psoc6pdl.a(cy_ipc_sema.o)
 *fill*         0x100011a2        0x2 
 .rodata.Cy_SysInt_SetInterruptSource.str1.4
                0x100011a4       0x64 C:/Users/ntan/git/BlinkyLED05/BlinkyLED05_mainapp_cm0p_psoc6pdl/Debug/libBlinkyLED05_mainapp_cm0p_psoc6pdl.a(cy_sysint.o)
 .rodata.Cy_SysPm_SetHibernateWakeupSource.str1.4
                0x10001208       0x63 C:/Users/ntan/git/BlinkyLED05/BlinkyLED05_mainapp_cm0p_psoc6pdl/Debug/libBlinkyLED05_mainapp_cm0p_psoc6pdl.a(cy_syspm.o)
 .rodata.Cy_IPC_Drv_LockRelease.str1.4
                0x1000126b       0x66 C:/Users/ntan/git/BlinkyLED05/BlinkyLED05_mainapp_cm0p_psoc6pdl/Debug/libBlinkyLED05_mainapp_cm0p_psoc6pdl.a(cy_ipc_drv.o)
 *fill*         0x1000126b        0x1 
 .rodata.Cy_IPC_Drv_ReadMsgWord.str1.4
                0x1000126c       0x68 C:/Users/ntan/git/BlinkyLED05/BlinkyLED05_mainapp_cm0p_psoc6pdl/Debug/libBlinkyLED05_mainapp_cm0p_psoc6pdl.a(cy_ipc_drv.o)
                                 0x65 (size before relaxing)
 *(.eh_frame*)
 .eh_frame      0x100012d4        0x0 c:/users/ntan/modustoolbox_1.0/tools/gcc-7.2.1-1.0/bin/../lib/gcc/arm-none-eabi/7.2.1/thumb/v6-m/crtbegin.o
 .eh_frame      0x100012d4        0x4 c:/users/ntan/modustoolbox_1.0/tools/gcc-7.2.1-1.0/bin/../lib/gcc/arm-none-eabi/7.2.1/thumb/v6-m/crtend.o

.glue_7         0x100012d8        0x0
 .glue_7        0x100012d8        0x0 linker stubs

.glue_7t        0x100012d8        0x0
 .glue_7t       0x100012d8        0x0 linker stubs

.vfp11_veneer   0x100012d8        0x0
 .vfp11_veneer  0x100012d8        0x0 linker stubs

.v4_bx          0x100012d8        0x0
 .v4_bx         0x100012d8        0x0 linker stubs

.iplt           0x100012d8        0x0
 .iplt          0x100012d8        0x0 c:/users/ntan/modustoolbox_1.0/tools/gcc-7.2.1-1.0/bin/../lib/gcc/arm-none-eabi/7.2.1/thumb/v6-m/crtbegin.o

.rel.dyn        0x100012d8        0x0
 .rel.iplt      0x100012d8        0x0 c:/users/ntan/modustoolbox_1.0/tools/gcc-7.2.1-1.0/bin/../lib/gcc/arm-none-eabi/7.2.1/thumb/v6-m/crtbegin.o

.ARM.extab
 *(.ARM.extab* .gnu.linkonce.armextab.*)
                0x100012d8                __exidx_start = .

.ARM.exidx
 *(.ARM.exidx* .gnu.linkonce.armexidx.*)
                0x100012d8                __exidx_end = .

.copy.table     0x100012d8       0x18
                0x100012d8                . = ALIGN (0x4)
                0x100012d8                __copy_table_start__ = .
                0x100012d8        0x4 LONG 0x10000000 __Vectors
                0x100012dc        0x4 LONG 0x8000000 __ram_vectors_start__
                0x100012e0        0x4 LONG 0x80 (__Vectors_End - __Vectors)
                0x100012e4        0x4 LONG 0x100012f8 __etext
                0x100012e8        0x4 LONG 0x8000080 __data_start__
                0x100012ec        0x4 LONG 0x244 (__data_end__ - __data_start__)
                0x100012f0                __copy_table_end__ = .

.zero.table     0x100012f0        0x8
                0x100012f0                . = ALIGN (0x4)
                0x100012f0                __zero_table_start__ = .
                0x100012f0        0x4 LONG 0x8000304 __bss_start__
                0x100012f4        0x4 LONG 0x1f8 (__bss_end__ - __bss_start__)
                0x100012f8                __zero_table_end__ = .
                0x100012f8                __etext = .

.ramVectors     0x08000000       0x80
                0x08000000                __ram_vectors_start__ = .
 *(.ram_vectors)
 .ram_vectors   0x08000000       0x80 ./psoc6sw-1.0/components/psoc6pdl/devices/psoc6/startup/gcc/startup_psoc6_02_cm0plus.o
                0x08000000                __ramVectors
                0x08000080                __ram_vectors_end__ = .

.data           0x08000080      0x244 load address 0x100012f8
                0x08000080                __data_start__ = .
 *(vtable)
 *(.data*)
 .data.SystemCoreClock
                0x08000080        0x4 ./psoc6sw-1.0/components/psoc6pdl/devices/psoc6/startup/system_psoc6_cm0plus.o
                0x08000080                SystemCoreClock
 .data.cy_Hfclk0FreqHz
                0x08000084        0x4 ./psoc6sw-1.0/components/psoc6pdl/devices/psoc6/startup/system_psoc6_cm0plus.o
                0x08000084                cy_Hfclk0FreqHz
 .data.cy_PeriClkFreqHz
                0x08000088        0x4 ./psoc6sw-1.0/components/psoc6pdl/devices/psoc6/startup/system_psoc6_cm0plus.o
                0x08000088                cy_PeriClkFreqHz
 .data.cy_delay32kMs
                0x0800008c        0x4 ./psoc6sw-1.0/components/psoc6pdl/devices/psoc6/startup/system_psoc6_cm0plus.o
                0x0800008c                cy_delay32kMs
 .data.cy_delayFreqHz
                0x08000090        0x4 ./psoc6sw-1.0/components/psoc6pdl/devices/psoc6/startup/system_psoc6_cm0plus.o
                0x08000090                cy_delayFreqHz
 .data.cy_delayFreqKhz
                0x08000094        0x4 ./psoc6sw-1.0/components/psoc6pdl/devices/psoc6/startup/system_psoc6_cm0plus.o
                0x08000094                cy_delayFreqKhz
 .data.cy_delayFreqMhz
                0x08000098        0x1 ./psoc6sw-1.0/components/psoc6pdl/devices/psoc6/startup/system_psoc6_cm0plus.o
                0x08000098                cy_delayFreqMhz
                0x0800009c                . = ALIGN (0x4)
 *fill*         0x08000099        0x3 
                0x0800009c                PROVIDE (__preinit_array_start, .)
 *(.preinit_array)
                0x0800009c                PROVIDE (__preinit_array_end, .)
                0x0800009c                . = ALIGN (0x4)
                0x0800009c                PROVIDE (__init_array_start, .)
 *(SORT_BY_NAME(.init_array.*))
 *(.init_array)
 .init_array    0x0800009c        0x4 c:/users/ntan/modustoolbox_1.0/tools/gcc-7.2.1-1.0/bin/../lib/gcc/arm-none-eabi/7.2.1/thumb/v6-m/crtbegin.o
                0x080000a0                PROVIDE (__init_array_end, .)
                0x080000a0                . = ALIGN (0x4)
                [!provide]                PROVIDE (__fini_array_start, .)
 *(SORT_BY_NAME(.fini_array.*))
 *(.fini_array)
 .fini_array    0x080000a0        0x4 c:/users/ntan/modustoolbox_1.0/tools/gcc-7.2.1-1.0/bin/../lib/gcc/arm-none-eabi/7.2.1/thumb/v6-m/crtbegin.o
                [!provide]                PROVIDE (__fini_array_end, .)
 *(.jcr*)
                0x080000a4                . = ALIGN (0x4)
 *(.cy_ramfunc*)
 .cy_ramfunc    0x080000a4      0x220 C:/Users/ntan/git/BlinkyLED05/BlinkyLED05_mainapp_cm0p_psoc6pdl/Debug/libBlinkyLED05_mainapp_cm0p_psoc6pdl.a(cy_syspm.o)
                0x080002c4                . = ALIGN (0x4)
                0x080002c4                __data_end__ = .

.igot.plt       0x080002c4        0x0 load address 0x1000153c
 .igot.plt      0x080002c4        0x0 c:/users/ntan/modustoolbox_1.0/tools/gcc-7.2.1-1.0/bin/../lib/gcc/arm-none-eabi/7.2.1/thumb/v6-m/crtbegin.o

.noinit         0x080002c8       0x3c load address 0x10001540
 *(.noinit)
 .noinit        0x080002c8       0x3c C:/Users/ntan/git/BlinkyLED05/BlinkyLED05_mainapp_cm0p_psoc6pdl/Debug/libBlinkyLED05_mainapp_cm0p_psoc6pdl.a(cy_syslib.o)
                0x080002c8                cy_assertFileName
                0x080002e0                cy_assertLine
                0x080002e4                cy_faultFrame

.bss            0x08000304      0x1f8 load address 0x1000157c
                0x08000304                . = ALIGN (0x4)
                0x08000304                __bss_start__ = .
 *(.bss*)
 .bss           0x08000304       0x1c c:/users/ntan/modustoolbox_1.0/tools/gcc-7.2.1-1.0/bin/../lib/gcc/arm-none-eabi/7.2.1/thumb/v6-m/crtbegin.o
 .bss.ipcSemaArray.10423
                0x08000320       0x10 ./psoc6sw-1.0/components/psoc6pdl/devices/psoc6/startup/system_psoc6_cm0plus.o
 .bss.systemIpcPipeEpArray.10424
                0x08000330      0x160 ./psoc6sw-1.0/components/psoc6pdl/devices/psoc6/startup/system_psoc6_cm0plus.o
 .bss.systemIpcPipeSysCbArray.10425
                0x08000490       0x20 ./psoc6sw-1.0/components/psoc6pdl/devices/psoc6/startup/system_psoc6_cm0plus.o
 .bss.cy_ipc_pipe_epArray
                0x080004b0        0x4 C:/Users/ntan/git/BlinkyLED05/BlinkyLED05_mainapp_cm0p_psoc6pdl/Debug/libBlinkyLED05_mainapp_cm0p_psoc6pdl.a(cy_ipc_pipe.o)
 .bss.cy_semaData.10646
                0x080004b4        0x8 C:/Users/ntan/git/BlinkyLED05/BlinkyLED05_mainapp_cm0p_psoc6pdl/Debug/libBlinkyLED05_mainapp_cm0p_psoc6pdl.a(cy_ipc_sema.o)
 .bss.cy_semaIpcStruct
                0x080004bc        0x4 C:/Users/ntan/git/BlinkyLED05/BlinkyLED05_mainapp_cm0p_psoc6pdl/Debug/libBlinkyLED05_mainapp_cm0p_psoc6pdl.a(cy_ipc_sema.o)
 .bss.lastExecutedCallback.11132
                0x080004c0        0x4 C:/Users/ntan/git/BlinkyLED05/BlinkyLED05_mainapp_cm0p_psoc6pdl/Debug/libBlinkyLED05_mainapp_cm0p_psoc6pdl.a(cy_syspm.o)
 .bss.pmCallbackRoot
                0x080004c4       0x14 C:/Users/ntan/git/BlinkyLED05/BlinkyLED05_mainapp_cm0p_psoc6pdl/Debug/libBlinkyLED05_mainapp_cm0p_psoc6pdl.a(cy_syspm.o)
 .bss.regs.11026
                0x080004d8       0x20 C:/Users/ntan/git/BlinkyLED05/BlinkyLED05_mainapp_cm0p_psoc6pdl/Debug/libBlinkyLED05_mainapp_cm0p_psoc6pdl.a(cy_syspm.o)
 *(COMMON)
 COMMON         0x080004f8        0x4 C:/Users/ntan/git/BlinkyLED05/BlinkyLED05_mainapp_cm0p_psoc6pdl/Debug/libBlinkyLED05_mainapp_cm0p_psoc6pdl.a(cy_device.o)
                0x080004f8                cy_device
                0x080004fc                . = ALIGN (0x4)
                0x080004fc                __bss_end__ = .

.heap           0x08000500      0x400
                0x08000500                __HeapBase = .
                0x08000500                __end__ = .
                0x08000500                end = __end__
 *(.heap*)
 .heap          0x08000500      0x400 ./psoc6sw-1.0/components/psoc6pdl/devices/psoc6/startup/gcc/startup_psoc6_02_cm0plus.o
                0x08000900                __HeapLimit = .

.stack_dummy    0x08000500     0x1000
 *(.stack*)
 .stack         0x08000500     0x1000 ./psoc6sw-1.0/components/psoc6pdl/devices/psoc6/startup/gcc/startup_psoc6_02_cm0plus.o
                0x08020000                __StackTop = (ORIGIN (ram) + LENGTH (ram))
                0x0801f000                __StackLimit = (__StackTop - SIZEOF (.stack_dummy))
                0x08020000                PROVIDE (__stack, __StackTop)
                0x00000001                ASSERT ((__StackLimit >= __HeapLimit), region RAM overflowed with stack)

.cy_em_eeprom
 *(.cy_em_eeprom)

.cy_sflash_user_data
 *(.cy_sflash_user_data)

.cy_sflash_nar
 *(.cy_sflash_nar)

.cy_sflash_public_key
 *(.cy_sflash_public_key)

.cy_toc_part2
 *(.cy_toc_part2)

.cy_rtoc_part2
 *(.cy_rtoc_part2)

.cy_xip
 *(.cy_xip)

.cy_efuse
 *(.cy_efuse)

.cymeta
 *(.cymeta)
                0x10000000                __cy_memory_0_start = 0x10000000
                0x00200000                __cy_memory_0_length = 0x200000
                0x00000200                __cy_memory_0_row_size = 0x200
                0x14000000                __cy_memory_1_start = 0x14000000
                0x00008000                __cy_memory_1_length = 0x8000
                0x00000200                __cy_memory_1_row_size = 0x200
                0x16000000                __cy_memory_2_start = 0x16000000
                0x00008000                __cy_memory_2_length = 0x8000
                0x00000200                __cy_memory_2_row_size = 0x200
                0x18000000                __cy_memory_3_start = 0x18000000
                0x08000000                __cy_memory_3_length = 0x8000000
                0x00000200                __cy_memory_3_row_size = 0x200
                0x90700000                __cy_memory_4_start = 0x90700000
                0x00100000                __cy_memory_4_length = 0x100000
                0x00000001                __cy_memory_4_row_size = 0x1
OUTPUT(BlinkyLED05_mainapp_cm0p.elf elf32-littlearm)

.ARM.attributes
                0x00000000       0x28
 .ARM.attributes
                0x00000000       0x1e c:/users/ntan/modustoolbox_1.0/tools/gcc-7.2.1-1.0/bin/../lib/gcc/arm-none-eabi/7.2.1/thumb/v6-m/crti.o
 .ARM.attributes
                0x0000001e       0x2c c:/users/ntan/modustoolbox_1.0/tools/gcc-7.2.1-1.0/bin/../lib/gcc/arm-none-eabi/7.2.1/thumb/v6-m/crtbegin.o
 .ARM.attributes
                0x0000004a       0x1b ./psoc6sw-1.0/components/psoc6pdl/devices/psoc6/startup/gcc/startup_psoc6_02_cm0plus.o
 .ARM.attributes
                0x00000065       0x32 ./psoc6sw-1.0/components/psoc6pdl/devices/psoc6/startup/system_psoc6_cm0plus.o
 .ARM.attributes
                0x00000097       0x32 ./Source_cm0p/main.o
 .ARM.attributes
                0x000000c9       0x22 C:/Users/ntan/git/BlinkyLED05/BlinkyLED05_mainapp_cm0p_psoc6pdl/Debug/libBlinkyLED05_mainapp_cm0p_psoc6pdl.a(cy_syslib_gcc.o)
 .ARM.attributes
                0x000000eb       0x32 C:/Users/ntan/git/BlinkyLED05/BlinkyLED05_mainapp_cm0p_psoc6pdl/Debug/libBlinkyLED05_mainapp_cm0p_psoc6pdl.a(cy_device.o)
 .ARM.attributes
                0x0000011d       0x32 C:/Users/ntan/git/BlinkyLED05/BlinkyLED05_mainapp_cm0p_psoc6pdl/Debug/libBlinkyLED05_mainapp_cm0p_psoc6pdl.a(cy_ipc_pipe.o)
 .ARM.attributes
                0x0000014f       0x32 C:/Users/ntan/git/BlinkyLED05/BlinkyLED05_mainapp_cm0p_psoc6pdl/Debug/libBlinkyLED05_mainapp_cm0p_psoc6pdl.a(cy_ipc_sema.o)
 .ARM.attributes
                0x00000181       0x32 C:/Users/ntan/git/BlinkyLED05/BlinkyLED05_mainapp_cm0p_psoc6pdl/Debug/libBlinkyLED05_mainapp_cm0p_psoc6pdl.a(cy_sysint.o)
 .ARM.attributes
                0x000001b3       0x32 C:/Users/ntan/git/BlinkyLED05/BlinkyLED05_mainapp_cm0p_psoc6pdl/Debug/libBlinkyLED05_mainapp_cm0p_psoc6pdl.a(cy_syslib.o)
 .ARM.attributes
                0x000001e5       0x32 C:/Users/ntan/git/BlinkyLED05/BlinkyLED05_mainapp_cm0p_psoc6pdl/Debug/libBlinkyLED05_mainapp_cm0p_psoc6pdl.a(cy_syspm.o)
 .ARM.attributes
                0x00000217       0x32 C:/Users/ntan/git/BlinkyLED05/BlinkyLED05_mainapp_cm0p_psoc6pdl/Debug/libBlinkyLED05_mainapp_cm0p_psoc6pdl.a(cy_wdt.o)
 .ARM.attributes
                0x00000249       0x32 C:/Users/ntan/git/BlinkyLED05/BlinkyLED05_mainapp_cm0p_psoc6pdl/Debug/libBlinkyLED05_mainapp_cm0p_psoc6pdl.a(cy_ipc_drv.o)
 .ARM.attributes
                0x0000027b       0x1e c:/users/ntan/modustoolbox_1.0/tools/gcc-7.2.1-1.0/bin/../lib/gcc/arm-none-eabi/7.2.1/thumb/v6-m\libgcc.a(_udivsi3.o)
 .ARM.attributes
                0x00000299       0x1e c:/users/ntan/modustoolbox_1.0/tools/gcc-7.2.1-1.0/bin/../lib/gcc/arm-none-eabi/7.2.1/thumb/v6-m\libgcc.a(_dvmd_tls.o)
 .ARM.attributes
                0x000002b7       0x2c c:/users/ntan/modustoolbox_1.0/tools/gcc-7.2.1-1.0/bin/../lib/gcc/arm-none-eabi/7.2.1/../../../../arm-none-eabi/lib/thumb/v6-m\libg_nano.a(lib_a-memset.o)
 .ARM.attributes
                0x000002e3       0x2c c:/users/ntan/modustoolbox_1.0/tools/gcc-7.2.1-1.0/bin/../lib/gcc/arm-none-eabi/7.2.1/../../../../arm-none-eabi/lib/thumb/v6-m\libg_nano.a(lib_a-strncpy.o)
 .ARM.attributes
                0x0000030f       0x2c c:/users/ntan/modustoolbox_1.0/tools/gcc-7.2.1-1.0/bin/../lib/gcc/arm-none-eabi/7.2.1/thumb/v6-m/crtend.o
 .ARM.attributes
                0x0000033b       0x1e c:/users/ntan/modustoolbox_1.0/tools/gcc-7.2.1-1.0/bin/../lib/gcc/arm-none-eabi/7.2.1/thumb/v6-m/crtn.o

.comment        0x00000000       0x7f
 .comment       0x00000000       0x7f ./psoc6sw-1.0/components/psoc6pdl/devices/psoc6/startup/system_psoc6_cm0plus.o
                                 0x80 (size before relaxing)
 .comment       0x0000007f       0x80 ./Source_cm0p/main.o
 .comment       0x0000007f       0x80 C:/Users/ntan/git/BlinkyLED05/BlinkyLED05_mainapp_cm0p_psoc6pdl/Debug/libBlinkyLED05_mainapp_cm0p_psoc6pdl.a(cy_device.o)
 .comment       0x0000007f       0x80 C:/Users/ntan/git/BlinkyLED05/BlinkyLED05_mainapp_cm0p_psoc6pdl/Debug/libBlinkyLED05_mainapp_cm0p_psoc6pdl.a(cy_ipc_pipe.o)
 .comment       0x0000007f       0x80 C:/Users/ntan/git/BlinkyLED05/BlinkyLED05_mainapp_cm0p_psoc6pdl/Debug/libBlinkyLED05_mainapp_cm0p_psoc6pdl.a(cy_ipc_sema.o)
 .comment       0x0000007f       0x80 C:/Users/ntan/git/BlinkyLED05/BlinkyLED05_mainapp_cm0p_psoc6pdl/Debug/libBlinkyLED05_mainapp_cm0p_psoc6pdl.a(cy_sysint.o)
 .comment       0x0000007f       0x80 C:/Users/ntan/git/BlinkyLED05/BlinkyLED05_mainapp_cm0p_psoc6pdl/Debug/libBlinkyLED05_mainapp_cm0p_psoc6pdl.a(cy_syslib.o)
 .comment       0x0000007f       0x80 C:/Users/ntan/git/BlinkyLED05/BlinkyLED05_mainapp_cm0p_psoc6pdl/Debug/libBlinkyLED05_mainapp_cm0p_psoc6pdl.a(cy_syspm.o)
 .comment       0x0000007f       0x80 C:/Users/ntan/git/BlinkyLED05/BlinkyLED05_mainapp_cm0p_psoc6pdl/Debug/libBlinkyLED05_mainapp_cm0p_psoc6pdl.a(cy_wdt.o)
 .comment       0x0000007f       0x80 C:/Users/ntan/git/BlinkyLED05/BlinkyLED05_mainapp_cm0p_psoc6pdl/Debug/libBlinkyLED05_mainapp_cm0p_psoc6pdl.a(cy_ipc_drv.o)

.debug_line     0x00000000     0x5c81
 .debug_line    0x00000000       0xcb ./psoc6sw-1.0/components/psoc6pdl/devices/psoc6/startup/gcc/startup_psoc6_02_cm0plus.o
 .debug_line    0x000000cb      0x91c ./psoc6sw-1.0/components/psoc6pdl/devices/psoc6/startup/system_psoc6_cm0plus.o
 .debug_line    0x000009e7      0x759 ./Source_cm0p/main.o
 .debug_line    0x00001140       0xac C:/Users/ntan/git/BlinkyLED05/BlinkyLED05_mainapp_cm0p_psoc6pdl/Debug/libBlinkyLED05_mainapp_cm0p_psoc6pdl.a(cy_syslib_gcc.o)
 .debug_line    0x000011ec      0x4f2 C:/Users/ntan/git/BlinkyLED05/BlinkyLED05_mainapp_cm0p_psoc6pdl/Debug/libBlinkyLED05_mainapp_cm0p_psoc6pdl.a(cy_device.o)
 .debug_line    0x000016de      0xa14 C:/Users/ntan/git/BlinkyLED05/BlinkyLED05_mainapp_cm0p_psoc6pdl/Debug/libBlinkyLED05_mainapp_cm0p_psoc6pdl.a(cy_ipc_pipe.o)
 .debug_line    0x000020f2      0x9a3 C:/Users/ntan/git/BlinkyLED05/BlinkyLED05_mainapp_cm0p_psoc6pdl/Debug/libBlinkyLED05_mainapp_cm0p_psoc6pdl.a(cy_ipc_sema.o)
 .debug_line    0x00002a95      0x88f C:/Users/ntan/git/BlinkyLED05/BlinkyLED05_mainapp_cm0p_psoc6pdl/Debug/libBlinkyLED05_mainapp_cm0p_psoc6pdl.a(cy_sysint.o)
 .debug_line    0x00003324      0x9a6 C:/Users/ntan/git/BlinkyLED05/BlinkyLED05_mainapp_cm0p_psoc6pdl/Debug/libBlinkyLED05_mainapp_cm0p_psoc6pdl.a(cy_syslib.o)
 .debug_line    0x00003cca      0xf5b C:/Users/ntan/git/BlinkyLED05/BlinkyLED05_mainapp_cm0p_psoc6pdl/Debug/libBlinkyLED05_mainapp_cm0p_psoc6pdl.a(cy_syspm.o)
 .debug_line    0x00004c25      0x834 C:/Users/ntan/git/BlinkyLED05/BlinkyLED05_mainapp_cm0p_psoc6pdl/Debug/libBlinkyLED05_mainapp_cm0p_psoc6pdl.a(cy_wdt.o)
 .debug_line    0x00005459      0x828 C:/Users/ntan/git/BlinkyLED05/BlinkyLED05_mainapp_cm0p_psoc6pdl/Debug/libBlinkyLED05_mainapp_cm0p_psoc6pdl.a(cy_ipc_drv.o)

.debug_info     0x00000000     0xf5a4
 .debug_info    0x00000000       0x26 ./psoc6sw-1.0/components/psoc6pdl/devices/psoc6/startup/gcc/startup_psoc6_02_cm0plus.o
 .debug_info    0x00000026     0x1b39 ./psoc6sw-1.0/components/psoc6pdl/devices/psoc6/startup/system_psoc6_cm0plus.o
 .debug_info    0x00001b5f      0x6ce ./Source_cm0p/main.o
 .debug_info    0x0000222d       0x26 C:/Users/ntan/git/BlinkyLED05/BlinkyLED05_mainapp_cm0p_psoc6pdl/Debug/libBlinkyLED05_mainapp_cm0p_psoc6pdl.a(cy_syslib_gcc.o)
 .debug_info    0x00002253      0x55f C:/Users/ntan/git/BlinkyLED05/BlinkyLED05_mainapp_cm0p_psoc6pdl/Debug/libBlinkyLED05_mainapp_cm0p_psoc6pdl.a(cy_device.o)
 .debug_info    0x000027b2     0x1c34 C:/Users/ntan/git/BlinkyLED05/BlinkyLED05_mainapp_cm0p_psoc6pdl/Debug/libBlinkyLED05_mainapp_cm0p_psoc6pdl.a(cy_ipc_pipe.o)
 .debug_info    0x000043e6     0x15c2 C:/Users/ntan/git/BlinkyLED05/BlinkyLED05_mainapp_cm0p_psoc6pdl/Debug/libBlinkyLED05_mainapp_cm0p_psoc6pdl.a(cy_ipc_sema.o)
 .debug_info    0x000059a8     0x1b9a C:/Users/ntan/git/BlinkyLED05/BlinkyLED05_mainapp_cm0p_psoc6pdl/Debug/libBlinkyLED05_mainapp_cm0p_psoc6pdl.a(cy_sysint.o)
 .debug_info    0x00007542     0x28f5 C:/Users/ntan/git/BlinkyLED05/BlinkyLED05_mainapp_cm0p_psoc6pdl/Debug/libBlinkyLED05_mainapp_cm0p_psoc6pdl.a(cy_syslib.o)
 .debug_info    0x00009e37     0x3f70 C:/Users/ntan/git/BlinkyLED05/BlinkyLED05_mainapp_cm0p_psoc6pdl/Debug/libBlinkyLED05_mainapp_cm0p_psoc6pdl.a(cy_syspm.o)
 .debug_info    0x0000dda7      0xd7c C:/Users/ntan/git/BlinkyLED05/BlinkyLED05_mainapp_cm0p_psoc6pdl/Debug/libBlinkyLED05_mainapp_cm0p_psoc6pdl.a(cy_wdt.o)
 .debug_info    0x0000eb23      0xa81 C:/Users/ntan/git/BlinkyLED05/BlinkyLED05_mainapp_cm0p_psoc6pdl/Debug/libBlinkyLED05_mainapp_cm0p_psoc6pdl.a(cy_ipc_drv.o)

.debug_abbrev   0x00000000     0x1890
 .debug_abbrev  0x00000000       0x14 ./psoc6sw-1.0/components/psoc6pdl/devices/psoc6/startup/gcc/startup_psoc6_02_cm0plus.o
 .debug_abbrev  0x00000014      0x29d ./psoc6sw-1.0/components/psoc6pdl/devices/psoc6/startup/system_psoc6_cm0plus.o
 .debug_abbrev  0x000002b1      0x14c ./Source_cm0p/main.o
 .debug_abbrev  0x000003fd       0x14 C:/Users/ntan/git/BlinkyLED05/BlinkyLED05_mainapp_cm0p_psoc6pdl/Debug/libBlinkyLED05_mainapp_cm0p_psoc6pdl.a(cy_syslib_gcc.o)
 .debug_abbrev  0x00000411       0xab C:/Users/ntan/git/BlinkyLED05/BlinkyLED05_mainapp_cm0p_psoc6pdl/Debug/libBlinkyLED05_mainapp_cm0p_psoc6pdl.a(cy_device.o)
 .debug_abbrev  0x000004bc      0x371 C:/Users/ntan/git/BlinkyLED05/BlinkyLED05_mainapp_cm0p_psoc6pdl/Debug/libBlinkyLED05_mainapp_cm0p_psoc6pdl.a(cy_ipc_pipe.o)
 .debug_abbrev  0x0000082d      0x331 C:/Users/ntan/git/BlinkyLED05/BlinkyLED05_mainapp_cm0p_psoc6pdl/Debug/libBlinkyLED05_mainapp_cm0p_psoc6pdl.a(cy_ipc_sema.o)
 .debug_abbrev  0x00000b5e      0x2a4 C:/Users/ntan/git/BlinkyLED05/BlinkyLED05_mainapp_cm0p_psoc6pdl/Debug/libBlinkyLED05_mainapp_cm0p_psoc6pdl.a(cy_sysint.o)
 .debug_abbrev  0x00000e02      0x3df C:/Users/ntan/git/BlinkyLED05/BlinkyLED05_mainapp_cm0p_psoc6pdl/Debug/libBlinkyLED05_mainapp_cm0p_psoc6pdl.a(cy_syslib.o)
 .debug_abbrev  0x000011e1      0x360 C:/Users/ntan/git/BlinkyLED05/BlinkyLED05_mainapp_cm0p_psoc6pdl/Debug/libBlinkyLED05_mainapp_cm0p_psoc6pdl.a(cy_syspm.o)
 .debug_abbrev  0x00001541      0x1a6 C:/Users/ntan/git/BlinkyLED05/BlinkyLED05_mainapp_cm0p_psoc6pdl/Debug/libBlinkyLED05_mainapp_cm0p_psoc6pdl.a(cy_wdt.o)
 .debug_abbrev  0x000016e7      0x1a9 C:/Users/ntan/git/BlinkyLED05/BlinkyLED05_mainapp_cm0p_psoc6pdl/Debug/libBlinkyLED05_mainapp_cm0p_psoc6pdl.a(cy_ipc_drv.o)

.debug_aranges  0x00000000      0x408
 .debug_aranges
                0x00000000       0x20 ./psoc6sw-1.0/components/psoc6pdl/devices/psoc6/startup/gcc/startup_psoc6_02_cm0plus.o
 .debug_aranges
                0x00000020       0x60 ./psoc6sw-1.0/components/psoc6pdl/devices/psoc6/startup/system_psoc6_cm0plus.o
 .debug_aranges
                0x00000080       0x20 ./Source_cm0p/main.o
 .debug_aranges
                0x000000a0       0x20 C:/Users/ntan/git/BlinkyLED05/BlinkyLED05_mainapp_cm0p_psoc6pdl/Debug/libBlinkyLED05_mainapp_cm0p_psoc6pdl.a(cy_syslib_gcc.o)
 .debug_aranges
                0x000000c0       0x20 C:/Users/ntan/git/BlinkyLED05/BlinkyLED05_mainapp_cm0p_psoc6pdl/Debug/libBlinkyLED05_mainapp_cm0p_psoc6pdl.a(cy_device.o)
 .debug_aranges
                0x000000e0       0x68 C:/Users/ntan/git/BlinkyLED05/BlinkyLED05_mainapp_cm0p_psoc6pdl/Debug/libBlinkyLED05_mainapp_cm0p_psoc6pdl.a(cy_ipc_pipe.o)
 .debug_aranges
                0x00000148       0x48 C:/Users/ntan/git/BlinkyLED05/BlinkyLED05_mainapp_cm0p_psoc6pdl/Debug/libBlinkyLED05_mainapp_cm0p_psoc6pdl.a(cy_ipc_sema.o)
 .debug_aranges
                0x00000190       0x58 C:/Users/ntan/git/BlinkyLED05/BlinkyLED05_mainapp_cm0p_psoc6pdl/Debug/libBlinkyLED05_mainapp_cm0p_psoc6pdl.a(cy_sysint.o)
 .debug_aranges
                0x000001e8       0x80 C:/Users/ntan/git/BlinkyLED05/BlinkyLED05_mainapp_cm0p_psoc6pdl/Debug/libBlinkyLED05_mainapp_cm0p_psoc6pdl.a(cy_syslib.o)
 .debug_aranges
                0x00000268      0x118 C:/Users/ntan/git/BlinkyLED05/BlinkyLED05_mainapp_cm0p_psoc6pdl/Debug/libBlinkyLED05_mainapp_cm0p_psoc6pdl.a(cy_syspm.o)
 .debug_aranges
                0x00000380       0x58 C:/Users/ntan/git/BlinkyLED05/BlinkyLED05_mainapp_cm0p_psoc6pdl/Debug/libBlinkyLED05_mainapp_cm0p_psoc6pdl.a(cy_wdt.o)
 .debug_aranges
                0x000003d8       0x30 C:/Users/ntan/git/BlinkyLED05/BlinkyLED05_mainapp_cm0p_psoc6pdl/Debug/libBlinkyLED05_mainapp_cm0p_psoc6pdl.a(cy_ipc_drv.o)

.debug_str      0x00000000    0xac711
 .debug_str     0x00000000       0xa4 ./psoc6sw-1.0/components/psoc6pdl/devices/psoc6/startup/gcc/startup_psoc6_02_cm0plus.o
 .debug_str     0x000000a4    0xa150b ./psoc6sw-1.0/components/psoc6pdl/devices/psoc6/startup/system_psoc6_cm0plus.o
                              0xa1814 (size before relaxing)
 .debug_str     0x000a15af     0x2236 ./Source_cm0p/main.o
                              0xa1ad4 (size before relaxing)
 .debug_str     0x000a37e5       0xb2 C:/Users/ntan/git/BlinkyLED05/BlinkyLED05_mainapp_cm0p_psoc6pdl/Debug/libBlinkyLED05_mainapp_cm0p_psoc6pdl.a(cy_syslib_gcc.o)
                                 0xc1 (size before relaxing)
 .debug_str     0x000a3897       0x64 C:/Users/ntan/git/BlinkyLED05/BlinkyLED05_mainapp_cm0p_psoc6pdl/Debug/libBlinkyLED05_mainapp_cm0p_psoc6pdl.a(cy_device.o)
                              0x5f20a (size before relaxing)
 .debug_str     0x000a38fb     0x185d C:/Users/ntan/git/BlinkyLED05/BlinkyLED05_mainapp_cm0p_psoc6pdl/Debug/libBlinkyLED05_mainapp_cm0p_psoc6pdl.a(cy_ipc_pipe.o)
                              0xa1f54 (size before relaxing)
 .debug_str     0x000a5158     0x2f68 C:/Users/ntan/git/BlinkyLED05/BlinkyLED05_mainapp_cm0p_psoc6pdl/Debug/libBlinkyLED05_mainapp_cm0p_psoc6pdl.a(cy_ipc_sema.o)
                              0xa2caa (size before relaxing)
 .debug_str     0x000a80c0      0x276 C:/Users/ntan/git/BlinkyLED05/BlinkyLED05_mainapp_cm0p_psoc6pdl/Debug/libBlinkyLED05_mainapp_cm0p_psoc6pdl.a(cy_sysint.o)
                              0xa185f (size before relaxing)
 .debug_str     0x000a8336      0xc7c C:/Users/ntan/git/BlinkyLED05/BlinkyLED05_mainapp_cm0p_psoc6pdl/Debug/libBlinkyLED05_mainapp_cm0p_psoc6pdl.a(cy_syslib.o)
                              0xa3b6b (size before relaxing)
 .debug_str     0x000a8fb2     0x35e3 C:/Users/ntan/git/BlinkyLED05/BlinkyLED05_mainapp_cm0p_psoc6pdl/Debug/libBlinkyLED05_mainapp_cm0p_psoc6pdl.a(cy_syspm.o)
                              0xa70a2 (size before relaxing)
 .debug_str     0x000ac595       0xe5 C:/Users/ntan/git/BlinkyLED05/BlinkyLED05_mainapp_cm0p_psoc6pdl/Debug/libBlinkyLED05_mainapp_cm0p_psoc6pdl.a(cy_wdt.o)
                              0x9ffdb (size before relaxing)
 .debug_str     0x000ac67a       0x97 C:/Users/ntan/git/BlinkyLED05/BlinkyLED05_mainapp_cm0p_psoc6pdl/Debug/libBlinkyLED05_mainapp_cm0p_psoc6pdl.a(cy_ipc_drv.o)
                              0x9fc82 (size before relaxing)

.debug_loc      0x00000000     0x32ee
 .debug_loc     0x00000000      0x3b4 ./psoc6sw-1.0/components/psoc6pdl/devices/psoc6/startup/system_psoc6_cm0plus.o
 .debug_loc     0x000003b4      0xa41 C:/Users/ntan/git/BlinkyLED05/BlinkyLED05_mainapp_cm0p_psoc6pdl/Debug/libBlinkyLED05_mainapp_cm0p_psoc6pdl.a(cy_ipc_pipe.o)
 .debug_loc     0x00000df5      0x8b5 C:/Users/ntan/git/BlinkyLED05/BlinkyLED05_mainapp_cm0p_psoc6pdl/Debug/libBlinkyLED05_mainapp_cm0p_psoc6pdl.a(cy_ipc_sema.o)
 .debug_loc     0x000016aa      0x527 C:/Users/ntan/git/BlinkyLED05/BlinkyLED05_mainapp_cm0p_psoc6pdl/Debug/libBlinkyLED05_mainapp_cm0p_psoc6pdl.a(cy_sysint.o)
 .debug_loc     0x00001bd1      0x19f C:/Users/ntan/git/BlinkyLED05/BlinkyLED05_mainapp_cm0p_psoc6pdl/Debug/libBlinkyLED05_mainapp_cm0p_psoc6pdl.a(cy_syslib.o)
 .debug_loc     0x00001d70     0x1107 C:/Users/ntan/git/BlinkyLED05/BlinkyLED05_mainapp_cm0p_psoc6pdl/Debug/libBlinkyLED05_mainapp_cm0p_psoc6pdl.a(cy_syspm.o)
 .debug_loc     0x00002e77       0x84 C:/Users/ntan/git/BlinkyLED05/BlinkyLED05_mainapp_cm0p_psoc6pdl/Debug/libBlinkyLED05_mainapp_cm0p_psoc6pdl.a(cy_wdt.o)
 .debug_loc     0x00002efb      0x3f3 C:/Users/ntan/git/BlinkyLED05/BlinkyLED05_mainapp_cm0p_psoc6pdl/Debug/libBlinkyLED05_mainapp_cm0p_psoc6pdl.a(cy_ipc_drv.o)

.debug_ranges   0x00000000      0x5c8
 .debug_ranges  0x00000000       0x68 ./psoc6sw-1.0/components/psoc6pdl/devices/psoc6/startup/system_psoc6_cm0plus.o
 .debug_ranges  0x00000068       0x10 ./Source_cm0p/main.o
 .debug_ranges  0x00000078       0x10 C:/Users/ntan/git/BlinkyLED05/BlinkyLED05_mainapp_cm0p_psoc6pdl/Debug/libBlinkyLED05_mainapp_cm0p_psoc6pdl.a(cy_device.o)
 .debug_ranges  0x00000088       0xb8 C:/Users/ntan/git/BlinkyLED05/BlinkyLED05_mainapp_cm0p_psoc6pdl/Debug/libBlinkyLED05_mainapp_cm0p_psoc6pdl.a(cy_ipc_pipe.o)
 .debug_ranges  0x00000140       0x80 C:/Users/ntan/git/BlinkyLED05/BlinkyLED05_mainapp_cm0p_psoc6pdl/Debug/libBlinkyLED05_mainapp_cm0p_psoc6pdl.a(cy_ipc_sema.o)
 .debug_ranges  0x000001c0       0x60 C:/Users/ntan/git/BlinkyLED05/BlinkyLED05_mainapp_cm0p_psoc6pdl/Debug/libBlinkyLED05_mainapp_cm0p_psoc6pdl.a(cy_sysint.o)
 .debug_ranges  0x00000220       0xa0 C:/Users/ntan/git/BlinkyLED05/BlinkyLED05_mainapp_cm0p_psoc6pdl/Debug/libBlinkyLED05_mainapp_cm0p_psoc6pdl.a(cy_syslib.o)
 .debug_ranges  0x000002c0      0x270 C:/Users/ntan/git/BlinkyLED05/BlinkyLED05_mainapp_cm0p_psoc6pdl/Debug/libBlinkyLED05_mainapp_cm0p_psoc6pdl.a(cy_syspm.o)
 .debug_ranges  0x00000530       0x48 C:/Users/ntan/git/BlinkyLED05/BlinkyLED05_mainapp_cm0p_psoc6pdl/Debug/libBlinkyLED05_mainapp_cm0p_psoc6pdl.a(cy_wdt.o)
 .debug_ranges  0x00000578       0x50 C:/Users/ntan/git/BlinkyLED05/BlinkyLED05_mainapp_cm0p_psoc6pdl/Debug/libBlinkyLED05_mainapp_cm0p_psoc6pdl.a(cy_ipc_drv.o)

.debug_macro    0x00000000    0x1e0c6
 .debug_macro   0x00000000      0x41b ./psoc6sw-1.0/components/psoc6pdl/devices/psoc6/startup/system_psoc6_cm0plus.o
 .debug_macro   0x0000041b      0xa48 ./psoc6sw-1.0/components/psoc6pdl/devices/psoc6/startup/system_psoc6_cm0plus.o
 .debug_macro   0x00000e63       0x22 ./psoc6sw-1.0/components/psoc6pdl/devices/psoc6/startup/system_psoc6_cm0plus.o
 .debug_macro   0x00000e85       0x22 ./psoc6sw-1.0/components/psoc6pdl/devices/psoc6/startup/system_psoc6_cm0plus.o
 .debug_macro   0x00000ea7       0x87 ./psoc6sw-1.0/components/psoc6pdl/devices/psoc6/startup/system_psoc6_cm0plus.o
 .debug_macro   0x00000f2e       0x51 ./psoc6sw-1.0/components/psoc6pdl/devices/psoc6/startup/system_psoc6_cm0plus.o
 .debug_macro   0x00000f7f       0xef ./psoc6sw-1.0/components/psoc6pdl/devices/psoc6/startup/system_psoc6_cm0plus.o
 .debug_macro   0x0000106e       0x6a ./psoc6sw-1.0/components/psoc6pdl/devices/psoc6/startup/system_psoc6_cm0plus.o
 .debug_macro   0x000010d8      0x1df ./psoc6sw-1.0/components/psoc6pdl/devices/psoc6/startup/system_psoc6_cm0plus.o
 .debug_macro   0x000012b7       0xb3 ./psoc6sw-1.0/components/psoc6pdl/devices/psoc6/startup/system_psoc6_cm0plus.o
 .debug_macro   0x0000136a      0x174 ./psoc6sw-1.0/components/psoc6pdl/devices/psoc6/startup/system_psoc6_cm0plus.o
 .debug_macro   0x000014de       0x1c ./psoc6sw-1.0/components/psoc6pdl/devices/psoc6/startup/system_psoc6_cm0plus.o
 .debug_macro   0x000014fa      0x50a ./psoc6sw-1.0/components/psoc6pdl/devices/psoc6/startup/system_psoc6_cm0plus.o
 .debug_macro   0x00001a04      0x6e1 ./psoc6sw-1.0/components/psoc6pdl/devices/psoc6/startup/system_psoc6_cm0plus.o
 .debug_macro   0x000020e5      0xa7a ./psoc6sw-1.0/components/psoc6pdl/devices/psoc6/startup/system_psoc6_cm0plus.o
 .debug_macro   0x00002b5f      0xdec ./psoc6sw-1.0/components/psoc6pdl/devices/psoc6/startup/system_psoc6_cm0plus.o
 .debug_macro   0x0000394b      0x9e3 ./psoc6sw-1.0/components/psoc6pdl/devices/psoc6/startup/system_psoc6_cm0plus.o
 .debug_macro   0x0000432e      0x9e4 ./psoc6sw-1.0/components/psoc6pdl/devices/psoc6/startup/system_psoc6_cm0plus.o
 .debug_macro   0x00004d12       0xbe ./psoc6sw-1.0/components/psoc6pdl/devices/psoc6/startup/system_psoc6_cm0plus.o
 .debug_macro   0x00004dd0       0xfa ./psoc6sw-1.0/components/psoc6pdl/devices/psoc6/startup/system_psoc6_cm0plus.o
 .debug_macro   0x00004eca      0x5f8 ./psoc6sw-1.0/components/psoc6pdl/devices/psoc6/startup/system_psoc6_cm0plus.o
 .debug_macro   0x000054c2      0xb49 ./psoc6sw-1.0/components/psoc6pdl/devices/psoc6/startup/system_psoc6_cm0plus.o
 .debug_macro   0x0000600b      0x3a8 ./psoc6sw-1.0/components/psoc6pdl/devices/psoc6/startup/system_psoc6_cm0plus.o
 .debug_macro   0x000063b3      0x8bb ./psoc6sw-1.0/components/psoc6pdl/devices/psoc6/startup/system_psoc6_cm0plus.o
 .debug_macro   0x00006c6e      0x3bd ./psoc6sw-1.0/components/psoc6pdl/devices/psoc6/startup/system_psoc6_cm0plus.o
 .debug_macro   0x0000702b     0x1218 ./psoc6sw-1.0/components/psoc6pdl/devices/psoc6/startup/system_psoc6_cm0plus.o
 .debug_macro   0x00008243       0xca ./psoc6sw-1.0/components/psoc6pdl/devices/psoc6/startup/system_psoc6_cm0plus.o
 .debug_macro   0x0000830d      0x6aa ./psoc6sw-1.0/components/psoc6pdl/devices/psoc6/startup/system_psoc6_cm0plus.o
 .debug_macro   0x000089b7      0x6aa ./psoc6sw-1.0/components/psoc6pdl/devices/psoc6/startup/system_psoc6_cm0plus.o
 .debug_macro   0x00009061      0x118 ./psoc6sw-1.0/components/psoc6pdl/devices/psoc6/startup/system_psoc6_cm0plus.o
 .debug_macro   0x00009179      0x124 ./psoc6sw-1.0/components/psoc6pdl/devices/psoc6/startup/system_psoc6_cm0plus.o
 .debug_macro   0x0000929d     0x2cd8 ./psoc6sw-1.0/components/psoc6pdl/devices/psoc6/startup/system_psoc6_cm0plus.o
 .debug_macro   0x0000bf75      0x1e1 ./psoc6sw-1.0/components/psoc6pdl/devices/psoc6/startup/system_psoc6_cm0plus.o
 .debug_macro   0x0000c156      0x294 ./psoc6sw-1.0/components/psoc6pdl/devices/psoc6/startup/system_psoc6_cm0plus.o
 .debug_macro   0x0000c3ea      0x384 ./psoc6sw-1.0/components/psoc6pdl/devices/psoc6/startup/system_psoc6_cm0plus.o
 .debug_macro   0x0000c76e      0x517 ./psoc6sw-1.0/components/psoc6pdl/devices/psoc6/startup/system_psoc6_cm0plus.o
 .debug_macro   0x0000cc85      0x22d ./psoc6sw-1.0/components/psoc6pdl/devices/psoc6/startup/system_psoc6_cm0plus.o
 .debug_macro   0x0000ceb2       0xd0 ./psoc6sw-1.0/components/psoc6pdl/devices/psoc6/startup/system_psoc6_cm0plus.o
 .debug_macro   0x0000cf82     0x11aa ./psoc6sw-1.0/components/psoc6pdl/devices/psoc6/startup/system_psoc6_cm0plus.o
 .debug_macro   0x0000e12c      0x106 ./psoc6sw-1.0/components/psoc6pdl/devices/psoc6/startup/system_psoc6_cm0plus.o
 .debug_macro   0x0000e232     0x13c9 ./psoc6sw-1.0/components/psoc6pdl/devices/psoc6/startup/system_psoc6_cm0plus.o
 .debug_macro   0x0000f5fb       0x2d ./psoc6sw-1.0/components/psoc6pdl/devices/psoc6/startup/system_psoc6_cm0plus.o
 .debug_macro   0x0000f628       0x1c ./psoc6sw-1.0/components/psoc6pdl/devices/psoc6/startup/system_psoc6_cm0plus.o
 .debug_macro   0x0000f644       0x22 ./psoc6sw-1.0/components/psoc6pdl/devices/psoc6/startup/system_psoc6_cm0plus.o
 .debug_macro   0x0000f666       0xb5 ./psoc6sw-1.0/components/psoc6pdl/devices/psoc6/startup/system_psoc6_cm0plus.o
 .debug_macro   0x0000f71b      0x4a9 ./psoc6sw-1.0/components/psoc6pdl/devices/psoc6/startup/system_psoc6_cm0plus.o
 .debug_macro   0x0000fbc4       0xe2 ./psoc6sw-1.0/components/psoc6pdl/devices/psoc6/startup/system_psoc6_cm0plus.o
 .debug_macro   0x0000fca6       0x66 ./psoc6sw-1.0/components/psoc6pdl/devices/psoc6/startup/system_psoc6_cm0plus.o
 .debug_macro   0x0000fd0c      0x1e7 ./psoc6sw-1.0/components/psoc6pdl/devices/psoc6/startup/system_psoc6_cm0plus.o
 .debug_macro   0x0000fef3      0x13e ./psoc6sw-1.0/components/psoc6pdl/devices/psoc6/startup/system_psoc6_cm0plus.o
 .debug_macro   0x00010031      0x72c ./psoc6sw-1.0/components/psoc6pdl/devices/psoc6/startup/system_psoc6_cm0plus.o
 .debug_macro   0x0001075d       0xd6 ./psoc6sw-1.0/components/psoc6pdl/devices/psoc6/startup/system_psoc6_cm0plus.o
 .debug_macro   0x00010833      0x66c ./psoc6sw-1.0/components/psoc6pdl/devices/psoc6/startup/system_psoc6_cm0plus.o
 .debug_macro   0x00010e9f      0x106 ./psoc6sw-1.0/components/psoc6pdl/devices/psoc6/startup/system_psoc6_cm0plus.o
 .debug_macro   0x00010fa5      0x28c ./psoc6sw-1.0/components/psoc6pdl/devices/psoc6/startup/system_psoc6_cm0plus.o
 .debug_macro   0x00011231      0x930 ./psoc6sw-1.0/components/psoc6pdl/devices/psoc6/startup/system_psoc6_cm0plus.o
 .debug_macro   0x00011b61      0x269 ./psoc6sw-1.0/components/psoc6pdl/devices/psoc6/startup/system_psoc6_cm0plus.o
 .debug_macro   0x00011dca     0x21b6 ./psoc6sw-1.0/components/psoc6pdl/devices/psoc6/startup/system_psoc6_cm0plus.o
 .debug_macro   0x00013f80      0x5a1 ./psoc6sw-1.0/components/psoc6pdl/devices/psoc6/startup/system_psoc6_cm0plus.o
 .debug_macro   0x00014521     0x103a ./psoc6sw-1.0/components/psoc6pdl/devices/psoc6/startup/system_psoc6_cm0plus.o
 .debug_macro   0x0001555b      0x526 ./psoc6sw-1.0/components/psoc6pdl/devices/psoc6/startup/system_psoc6_cm0plus.o
 .debug_macro   0x00015a81      0x10c ./psoc6sw-1.0/components/psoc6pdl/devices/psoc6/startup/system_psoc6_cm0plus.o
 .debug_macro   0x00015b8d      0xd79 ./psoc6sw-1.0/components/psoc6pdl/devices/psoc6/startup/system_psoc6_cm0plus.o
 .debug_macro   0x00016906      0x166 ./psoc6sw-1.0/components/psoc6pdl/devices/psoc6/startup/system_psoc6_cm0plus.o
 .debug_macro   0x00016a6c     0x1dd9 ./psoc6sw-1.0/components/psoc6pdl/devices/psoc6/startup/system_psoc6_cm0plus.o
 .debug_macro   0x00018845      0xc7e ./psoc6sw-1.0/components/psoc6pdl/devices/psoc6/startup/system_psoc6_cm0plus.o
 .debug_macro   0x000194c3     0x105e ./psoc6sw-1.0/components/psoc6pdl/devices/psoc6/startup/system_psoc6_cm0plus.o
 .debug_macro   0x0001a521      0x322 ./psoc6sw-1.0/components/psoc6pdl/devices/psoc6/startup/system_psoc6_cm0plus.o
 .debug_macro   0x0001a843       0x5f ./psoc6sw-1.0/components/psoc6pdl/devices/psoc6/startup/system_psoc6_cm0plus.o
 .debug_macro   0x0001a8a2       0x43 ./psoc6sw-1.0/components/psoc6pdl/devices/psoc6/startup/system_psoc6_cm0plus.o
 .debug_macro   0x0001a8e5       0x22 ./psoc6sw-1.0/components/psoc6pdl/devices/psoc6/startup/system_psoc6_cm0plus.o
 .debug_macro   0x0001a907       0xcf ./psoc6sw-1.0/components/psoc6pdl/devices/psoc6/startup/system_psoc6_cm0plus.o
 .debug_macro   0x0001a9d6       0x7b ./psoc6sw-1.0/components/psoc6pdl/devices/psoc6/startup/system_psoc6_cm0plus.o
 .debug_macro   0x0001aa51      0x32d ./Source_cm0p/main.o
 .debug_macro   0x0001ad7e       0xb9 ./Source_cm0p/main.o
 .debug_macro   0x0001ae37      0x5f2 ./Source_cm0p/main.o
 .debug_macro   0x0001b429      0x510 ./Source_cm0p/main.o
 .debug_macro   0x0001b939      0x353 ./Source_cm0p/main.o
 .debug_macro   0x0001bc8c      0x186 C:/Users/ntan/git/BlinkyLED05/BlinkyLED05_mainapp_cm0p_psoc6pdl/Debug/libBlinkyLED05_mainapp_cm0p_psoc6pdl.a(cy_device.o)
 .debug_macro   0x0001be12      0x34c C:/Users/ntan/git/BlinkyLED05/BlinkyLED05_mainapp_cm0p_psoc6pdl/Debug/libBlinkyLED05_mainapp_cm0p_psoc6pdl.a(cy_ipc_pipe.o)
 .debug_macro   0x0001c15e      0x401 C:/Users/ntan/git/BlinkyLED05/BlinkyLED05_mainapp_cm0p_psoc6pdl/Debug/libBlinkyLED05_mainapp_cm0p_psoc6pdl.a(cy_ipc_sema.o)
 .debug_macro   0x0001c55f       0x58 C:/Users/ntan/git/BlinkyLED05/BlinkyLED05_mainapp_cm0p_psoc6pdl/Debug/libBlinkyLED05_mainapp_cm0p_psoc6pdl.a(cy_ipc_sema.o)
 .debug_macro   0x0001c5b7       0x17 C:/Users/ntan/git/BlinkyLED05/BlinkyLED05_mainapp_cm0p_psoc6pdl/Debug/libBlinkyLED05_mainapp_cm0p_psoc6pdl.a(cy_ipc_sema.o)
 .debug_macro   0x0001c5ce       0x35 C:/Users/ntan/git/BlinkyLED05/BlinkyLED05_mainapp_cm0p_psoc6pdl/Debug/libBlinkyLED05_mainapp_cm0p_psoc6pdl.a(cy_ipc_sema.o)
 .debug_macro   0x0001c603       0x9c C:/Users/ntan/git/BlinkyLED05/BlinkyLED05_mainapp_cm0p_psoc6pdl/Debug/libBlinkyLED05_mainapp_cm0p_psoc6pdl.a(cy_ipc_sema.o)
 .debug_macro   0x0001c69f       0x58 C:/Users/ntan/git/BlinkyLED05/BlinkyLED05_mainapp_cm0p_psoc6pdl/Debug/libBlinkyLED05_mainapp_cm0p_psoc6pdl.a(cy_ipc_sema.o)
 .debug_macro   0x0001c6f7       0x1f C:/Users/ntan/git/BlinkyLED05/BlinkyLED05_mainapp_cm0p_psoc6pdl/Debug/libBlinkyLED05_mainapp_cm0p_psoc6pdl.a(cy_ipc_sema.o)
 .debug_macro   0x0001c716       0x43 C:/Users/ntan/git/BlinkyLED05/BlinkyLED05_mainapp_cm0p_psoc6pdl/Debug/libBlinkyLED05_mainapp_cm0p_psoc6pdl.a(cy_ipc_sema.o)
 .debug_macro   0x0001c759       0x20 C:/Users/ntan/git/BlinkyLED05/BlinkyLED05_mainapp_cm0p_psoc6pdl/Debug/libBlinkyLED05_mainapp_cm0p_psoc6pdl.a(cy_ipc_sema.o)
 .debug_macro   0x0001c779      0x18e C:/Users/ntan/git/BlinkyLED05/BlinkyLED05_mainapp_cm0p_psoc6pdl/Debug/libBlinkyLED05_mainapp_cm0p_psoc6pdl.a(cy_ipc_sema.o)
 .debug_macro   0x0001c907      0x32a C:/Users/ntan/git/BlinkyLED05/BlinkyLED05_mainapp_cm0p_psoc6pdl/Debug/libBlinkyLED05_mainapp_cm0p_psoc6pdl.a(cy_ipc_sema.o)
 .debug_macro   0x0001cc31       0x10 C:/Users/ntan/git/BlinkyLED05/BlinkyLED05_mainapp_cm0p_psoc6pdl/Debug/libBlinkyLED05_mainapp_cm0p_psoc6pdl.a(cy_ipc_sema.o)
 .debug_macro   0x0001cc41       0x35 C:/Users/ntan/git/BlinkyLED05/BlinkyLED05_mainapp_cm0p_psoc6pdl/Debug/libBlinkyLED05_mainapp_cm0p_psoc6pdl.a(cy_ipc_sema.o)
 .debug_macro   0x0001cc76      0x329 C:/Users/ntan/git/BlinkyLED05/BlinkyLED05_mainapp_cm0p_psoc6pdl/Debug/libBlinkyLED05_mainapp_cm0p_psoc6pdl.a(cy_sysint.o)
 .debug_macro   0x0001cf9f      0x413 C:/Users/ntan/git/BlinkyLED05/BlinkyLED05_mainapp_cm0p_psoc6pdl/Debug/libBlinkyLED05_mainapp_cm0p_psoc6pdl.a(cy_syslib.o)
 .debug_macro   0x0001d3b2      0x506 C:/Users/ntan/git/BlinkyLED05/BlinkyLED05_mainapp_cm0p_psoc6pdl/Debug/libBlinkyLED05_mainapp_cm0p_psoc6pdl.a(cy_syspm.o)
 .debug_macro   0x0001d8b8      0x170 C:/Users/ntan/git/BlinkyLED05/BlinkyLED05_mainapp_cm0p_psoc6pdl/Debug/libBlinkyLED05_mainapp_cm0p_psoc6pdl.a(cy_syspm.o)
 .debug_macro   0x0001da28      0x31e C:/Users/ntan/git/BlinkyLED05/BlinkyLED05_mainapp_cm0p_psoc6pdl/Debug/libBlinkyLED05_mainapp_cm0p_psoc6pdl.a(cy_wdt.o)
 .debug_macro   0x0001dd46       0x58 C:/Users/ntan/git/BlinkyLED05/BlinkyLED05_mainapp_cm0p_psoc6pdl/Debug/libBlinkyLED05_mainapp_cm0p_psoc6pdl.a(cy_wdt.o)
 .debug_macro   0x0001dd9e      0x328 C:/Users/ntan/git/BlinkyLED05/BlinkyLED05_mainapp_cm0p_psoc6pdl/Debug/libBlinkyLED05_mainapp_cm0p_psoc6pdl.a(cy_ipc_drv.o)

.debug_frame    0x00000000      0x9b4
 .debug_frame   0x00000000       0xe0 ./psoc6sw-1.0/components/psoc6pdl/devices/psoc6/startup/system_psoc6_cm0plus.o
 .debug_frame   0x000000e0       0x28 ./Source_cm0p/main.o
 .debug_frame   0x00000108       0x20 C:/Users/ntan/git/BlinkyLED05/BlinkyLED05_mainapp_cm0p_psoc6pdl/Debug/libBlinkyLED05_mainapp_cm0p_psoc6pdl.a(cy_device.o)
 .debug_frame   0x00000128      0x128 C:/Users/ntan/git/BlinkyLED05/BlinkyLED05_mainapp_cm0p_psoc6pdl/Debug/libBlinkyLED05_mainapp_cm0p_psoc6pdl.a(cy_ipc_pipe.o)
 .debug_frame   0x00000250       0xa4 C:/Users/ntan/git/BlinkyLED05/BlinkyLED05_mainapp_cm0p_psoc6pdl/Debug/libBlinkyLED05_mainapp_cm0p_psoc6pdl.a(cy_ipc_sema.o)
 .debug_frame   0x000002f4       0xd4 C:/Users/ntan/git/BlinkyLED05/BlinkyLED05_mainapp_cm0p_psoc6pdl/Debug/libBlinkyLED05_mainapp_cm0p_psoc6pdl.a(cy_sysint.o)
 .debug_frame   0x000003c8      0x120 C:/Users/ntan/git/BlinkyLED05/BlinkyLED05_mainapp_cm0p_psoc6pdl/Debug/libBlinkyLED05_mainapp_cm0p_psoc6pdl.a(cy_syslib.o)
 .debug_frame   0x000004e8      0x34c C:/Users/ntan/git/BlinkyLED05/BlinkyLED05_mainapp_cm0p_psoc6pdl/Debug/libBlinkyLED05_mainapp_cm0p_psoc6pdl.a(cy_syspm.o)
 .debug_frame   0x00000834       0xb0 C:/Users/ntan/git/BlinkyLED05/BlinkyLED05_mainapp_cm0p_psoc6pdl/Debug/libBlinkyLED05_mainapp_cm0p_psoc6pdl.a(cy_wdt.o)
 .debug_frame   0x000008e4       0x64 C:/Users/ntan/git/BlinkyLED05/BlinkyLED05_mainapp_cm0p_psoc6pdl/Debug/libBlinkyLED05_mainapp_cm0p_psoc6pdl.a(cy_ipc_drv.o)
 .debug_frame   0x00000948       0x20 c:/users/ntan/modustoolbox_1.0/tools/gcc-7.2.1-1.0/bin/../lib/gcc/arm-none-eabi/7.2.1/thumb/v6-m\libgcc.a(_udivsi3.o)
 .debug_frame   0x00000968       0x20 c:/users/ntan/modustoolbox_1.0/tools/gcc-7.2.1-1.0/bin/../lib/gcc/arm-none-eabi/7.2.1/../../../../arm-none-eabi/lib/thumb/v6-m\libg_nano.a(lib_a-memset.o)
 .debug_frame   0x00000988       0x2c c:/users/ntan/modustoolbox_1.0/tools/gcc-7.2.1-1.0/bin/../lib/gcc/arm-none-eabi/7.2.1/../../../../arm-none-eabi/lib/thumb/v6-m\libg_nano.a(lib_a-strncpy.o)
