Archive member included to satisfy reference by file (symbol)

C:/Users/ntan/git/BlinkyLED05/BlinkyLED05_mainapp_psoc6pdl/Debug/libBlinkyLED05_mainapp_psoc6pdl.a(cy_syslib_gcc.o)
                              ./psoc6sw-1.0/components/psoc6pdl/devices/psoc6/startup/system_psoc6_cm4.o (Cy_SysLib_EnterCriticalSection)
C:/Users/ntan/git/BlinkyLED05/BlinkyLED05_mainapp_psoc6pdl/Debug/libBlinkyLED05_mainapp_psoc6pdl.a(cy_device.o)
                              ./psoc6sw-1.0/components/psoc6pdl/devices/psoc6/startup/system_psoc6_cm4.o (Cy_PDL_Init)
C:/Users/ntan/git/BlinkyLED05/BlinkyLED05_mainapp_psoc6pdl/Debug/libBlinkyLED05_mainapp_psoc6pdl.a(cy_gpio.o)
                              ./BlinkyLED05_config/GeneratedSource/cycfg_pins.o (Cy_GPIO_Pin_Init)
C:/Users/ntan/git/BlinkyLED05/BlinkyLED05_mainapp_psoc6pdl/Debug/libBlinkyLED05_mainapp_psoc6pdl.a(cy_ipc_pipe.o)
                              ./psoc6sw-1.0/components/psoc6pdl/devices/psoc6/startup/system_psoc6_cm4.o (Cy_IPC_Pipe_Config)
C:/Users/ntan/git/BlinkyLED05/BlinkyLED05_mainapp_psoc6pdl/Debug/libBlinkyLED05_mainapp_psoc6pdl.a(cy_ipc_sema.o)
                              ./psoc6sw-1.0/components/psoc6pdl/devices/psoc6/startup/system_psoc6_cm4.o (Cy_IPC_Sema_Init)
C:/Users/ntan/git/BlinkyLED05/BlinkyLED05_mainapp_psoc6pdl/Debug/libBlinkyLED05_mainapp_psoc6pdl.a(cy_sysclk.o)
                              ./BlinkyLED05_config/GeneratedSource/cycfg_platform.o (Cy_SysClk_ClkPathSetSource)
C:/Users/ntan/git/BlinkyLED05/BlinkyLED05_mainapp_psoc6pdl/Debug/libBlinkyLED05_mainapp_psoc6pdl.a(cy_sysint.o)
                              C:/Users/ntan/git/BlinkyLED05/BlinkyLED05_mainapp_psoc6pdl/Debug/libBlinkyLED05_mainapp_psoc6pdl.a(cy_ipc_pipe.o) (Cy_SysInt_Init)
C:/Users/ntan/git/BlinkyLED05/BlinkyLED05_mainapp_psoc6pdl/Debug/libBlinkyLED05_mainapp_psoc6pdl.a(cy_syslib.o)
                              ./BlinkyLED05_config/GeneratedSource/cycfg_platform.o (Cy_SysLib_DelayUs)
C:/Users/ntan/git/BlinkyLED05/BlinkyLED05_mainapp_psoc6pdl/Debug/libBlinkyLED05_mainapp_psoc6pdl.a(cy_syspm.o)
                              ./BlinkyLED05_config/GeneratedSource/cycfg_platform.o (Cy_SysPm_LdoSetVoltage)
C:/Users/ntan/git/BlinkyLED05/BlinkyLED05_mainapp_psoc6pdl/Debug/libBlinkyLED05_mainapp_psoc6pdl.a(cy_tcpwm_pwm.o)
                              ./Source/main.o (Cy_TCPWM_PWM_Init)
C:/Users/ntan/git/BlinkyLED05/BlinkyLED05_mainapp_psoc6pdl/Debug/libBlinkyLED05_mainapp_psoc6pdl.a(cy_ipc_drv.o)
                              C:/Users/ntan/git/BlinkyLED05/BlinkyLED05_mainapp_psoc6pdl/Debug/libBlinkyLED05_mainapp_psoc6pdl.a(cy_ipc_pipe.o) (Cy_IPC_Drv_LockRelease)
C:/Users/ntan/git/BlinkyLED05/BlinkyLED05_mainapp_psoc6pdl/Debug/libBlinkyLED05_mainapp_psoc6pdl.a(cy_prot.o)
                              C:/Users/ntan/git/BlinkyLED05/BlinkyLED05_mainapp_psoc6pdl/Debug/libBlinkyLED05_mainapp_psoc6pdl.a(cy_syspm.o) (Cy_Prot_GetActivePC)
c:/users/ntan/modustoolbox_1.0/tools/gcc-7.2.1-1.0/bin/../lib/gcc/arm-none-eabi/7.2.1/thumb/v7e-m/fpv4-sp/softfp\libgcc.a(_arm_addsubdf3.o)
                              C:/Users/ntan/git/BlinkyLED05/BlinkyLED05_mainapp_psoc6pdl/Debug/libBlinkyLED05_mainapp_psoc6pdl.a(cy_sysclk.o) (__aeabi_f2d)
c:/users/ntan/modustoolbox_1.0/tools/gcc-7.2.1-1.0/bin/../lib/gcc/arm-none-eabi/7.2.1/thumb/v7e-m/fpv4-sp/softfp\libgcc.a(_arm_muldivdf3.o)
                              C:/Users/ntan/git/BlinkyLED05/BlinkyLED05_mainapp_psoc6pdl/Debug/libBlinkyLED05_mainapp_psoc6pdl.a(cy_sysclk.o) (__aeabi_ddiv)
c:/users/ntan/modustoolbox_1.0/tools/gcc-7.2.1-1.0/bin/../lib/gcc/arm-none-eabi/7.2.1/thumb/v7e-m/fpv4-sp/softfp\libgcc.a(_arm_fixunsdfsi.o)
                              C:/Users/ntan/git/BlinkyLED05/BlinkyLED05_mainapp_psoc6pdl/Debug/libBlinkyLED05_mainapp_psoc6pdl.a(cy_sysclk.o) (__aeabi_d2uiz)
c:/users/ntan/modustoolbox_1.0/tools/gcc-7.2.1-1.0/bin/../lib/gcc/arm-none-eabi/7.2.1/thumb/v7e-m/fpv4-sp/softfp\libgcc.a(_arm_truncdfsf2.o)
                              C:/Users/ntan/git/BlinkyLED05/BlinkyLED05_mainapp_psoc6pdl/Debug/libBlinkyLED05_mainapp_psoc6pdl.a(cy_sysclk.o) (__aeabi_d2f)
c:/users/ntan/modustoolbox_1.0/tools/gcc-7.2.1-1.0/bin/../lib/gcc/arm-none-eabi/7.2.1/thumb/v7e-m/fpv4-sp/softfp\libgcc.a(_aeabi_uldivmod.o)
                              C:/Users/ntan/git/BlinkyLED05/BlinkyLED05_mainapp_psoc6pdl/Debug/libBlinkyLED05_mainapp_psoc6pdl.a(cy_sysclk.o) (__aeabi_uldivmod)
c:/users/ntan/modustoolbox_1.0/tools/gcc-7.2.1-1.0/bin/../lib/gcc/arm-none-eabi/7.2.1/thumb/v7e-m/fpv4-sp/softfp\libgcc.a(_udivmoddi4.o)
                              c:/users/ntan/modustoolbox_1.0/tools/gcc-7.2.1-1.0/bin/../lib/gcc/arm-none-eabi/7.2.1/thumb/v7e-m/fpv4-sp/softfp\libgcc.a(_aeabi_uldivmod.o) (__udivmoddi4)
c:/users/ntan/modustoolbox_1.0/tools/gcc-7.2.1-1.0/bin/../lib/gcc/arm-none-eabi/7.2.1/thumb/v7e-m/fpv4-sp/softfp\libgcc.a(_dvmd_tls.o)
[...]
Memory Configuration

Name             Origin             Length             Attributes
ram              0x08020000         0x000df800         xrw
flash            0x10100000         0x00100000         xr
em_eeprom        0x14000000         0x00008000         xr
sflash_user_data 0x16000800         0x00000800         xr
sflash_nar       0x16001a00         0x00000200         xr
sflash_public_key 0x16005a00         0x00000c00         xr
sflash_toc_2     0x16007c00         0x00000200         xr
sflash_rtoc_2    0x16007e00         0x00000200         xr
xip              0x18000000         0x08000000         xr
efuse            0x90700000         0x00100000         r
*default*        0x00000000         0xffffffff

Linker script and memory map

LOAD c:/users/ntan/modustoolbox_1.0/tools/gcc-7.2.1-1.0/bin/../lib/gcc/arm-none-eabi/7.2.1/thumb/v7e-m/fpv4-sp/softfp/crti.o
LOAD c:/users/ntan/modustoolbox_1.0/tools/gcc-7.2.1-1.0/bin/../lib/gcc/arm-none-eabi/7.2.1/thumb/v7e-m/fpv4-sp/softfp/crtbegin.o
LOAD c:/users/ntan/modustoolbox_1.0/tools/gcc-7.2.1-1.0/bin/../lib/gcc/arm-none-eabi/7.2.1/../../../../arm-none-eabi/lib/thumb/v7e-m/fpv4-sp/softfp/crt0.o
START GROUP
LOAD ./psoc6sw-1.0/components/psoc6pdl/devices/psoc6/startup/gcc/startup_psoc6_02_cm4.o
LOAD ./psoc6sw-1.0/components/psoc6pdl/devices/psoc6/startup/system_psoc6_cm4.o
LOAD ./Source/main.o
LOAD ./BlinkyLED05_config/GeneratedSource/cycfg.o
LOAD ./BlinkyLED05_config/GeneratedSource/cycfg_clocks.o
LOAD ./BlinkyLED05_config/GeneratedSource/cycfg_connectivity.o
LOAD ./BlinkyLED05_config/GeneratedSource/cycfg_peripherals.o
LOAD ./BlinkyLED05_config/GeneratedSource/cycfg_pins.o
LOAD ./BlinkyLED05_config/GeneratedSource/cycfg_platform.o
LOAD C:/Users/ntan/git/BlinkyLED05/BlinkyLED05_mainapp_psoc6pdl/Debug/libBlinkyLED05_mainapp_psoc6pdl.a
END GROUP
START GROUP
LOAD c:/users/ntan/modustoolbox_1.0/tools/gcc-7.2.1-1.0/bin/../lib/gcc/arm-none-eabi/7.2.1/thumb/v7e-m/fpv4-sp/softfp\libgcc.a
LOAD c:/users/ntan/modustoolbox_1.0/tools/gcc-7.2.1-1.0/bin/../lib/gcc/arm-none-eabi/7.2.1/../../../../arm-none-eabi/lib/thumb/v7e-m/fpv4-sp/softfp\libg_nano.a
LOAD c:/users/ntan/modustoolbox_1.0/tools/gcc-7.2.1-1.0/bin/../lib/gcc/arm-none-eabi/7.2.1/../../../../arm-none-eabi/lib/thumb/v7e-m/fpv4-sp/softfp\libc_nano.a
END GROUP
START GROUP
LOAD c:/users/ntan/modustoolbox_1.0/tools/gcc-7.2.1-1.0/bin/../lib/gcc/arm-none-eabi/7.2.1/thumb/v7e-m/fpv4-sp/softfp\libgcc.a
LOAD c:/users/ntan/modustoolbox_1.0/tools/gcc-7.2.1-1.0/bin/../lib/gcc/arm-none-eabi/7.2.1/../../../../arm-none-eabi/lib/thumb/v7e-m/fpv4-sp/softfp\libc_nano.a
END GROUP
LOAD c:/users/ntan/modustoolbox_1.0/tools/gcc-7.2.1-1.0/bin/../lib/gcc/arm-none-eabi/7.2.1/thumb/v7e-m/fpv4-sp/softfp/crtend.o
LOAD c:/users/ntan/modustoolbox_1.0/tools/gcc-7.2.1-1.0/bin/../lib/gcc/arm-none-eabi/7.2.1/thumb/v7e-m/fpv4-sp/softfp/crtn.o
START GROUP
LOAD c:/users/ntan/modustoolbox_1.0/tools/gcc-7.2.1-1.0/bin/../lib/gcc/arm-none-eabi/7.2.1/thumb/v7e-m/fpv4-sp/softfp\libgcc.a
LOAD c:/users/ntan/modustoolbox_1.0/tools/gcc-7.2.1-1.0/bin/../lib/gcc/arm-none-eabi/7.2.1/../../../../arm-none-eabi/lib/thumb/v7e-m/fpv4-sp/softfp\libc.a
LOAD c:/users/ntan/modustoolbox_1.0/tools/gcc-7.2.1-1.0/bin/../lib/gcc/arm-none-eabi/7.2.1/../../../../arm-none-eabi/lib/thumb/v7e-m/fpv4-sp/softfp\libnosys.a
END GROUP
START GROUP
LOAD c:/users/ntan/modustoolbox_1.0/tools/gcc-7.2.1-1.0/bin/../lib/gcc/arm-none-eabi/7.2.1/thumb/v7e-m/fpv4-sp/softfp\libgcc.a
LOAD c:/users/ntan/modustoolbox_1.0/tools/gcc-7.2.1-1.0/bin/../lib/gcc/arm-none-eabi/7.2.1/../../../../arm-none-eabi/lib/thumb/v7e-m/fpv4-sp/softfp\libc.a
LOAD c:/users/ntan/modustoolbox_1.0/tools/gcc-7.2.1-1.0/bin/../lib/gcc/arm-none-eabi/7.2.1/../../../../arm-none-eabi/lib/thumb/v7e-m/fpv4-sp/softfp\libm.a
LOAD c:/users/ntan/modustoolbox_1.0/tools/gcc-7.2.1-1.0/bin/../lib/gcc/arm-none-eabi/7.2.1/../../../../arm-none-eabi/lib/thumb/v7e-m/fpv4-sp/softfp\libnosys.a
END GROUP

.text           0x10100000     0x21ec
                0x10100000                . = ALIGN (0x4)
                0x10100000                __Vectors = .
 *(.vectors)
 .vectors       0x10100000      0x2e0 ./psoc6sw-1.0/components/psoc6pdl/devices/psoc6/startup/gcc/startup_psoc6_02_cm4.o
                0x101002e0                . = ALIGN (0x4)
                0x101002e0                __Vectors_End = .
                0x000002e0                __Vectors_Size = (__Vectors_End - __Vectors)
                0x101002e0                __end__ = .
                0x101002e0                . = ALIGN (0x4)
 *(.text*)
 .text          0x101002e0       0x40 c:/users/ntan/modustoolbox_1.0/tools/gcc-7.2.1-1.0/bin/../lib/gcc/arm-none-eabi/7.2.1/thumb/v7e-m/fpv4-sp/softfp/crtbegin.o
 .text          0x10100320       0x84 ./psoc6sw-1.0/components/psoc6pdl/devices/psoc6/startup/gcc/startup_psoc6_02_cm4.o
                0x10100320                Cy_OnResetUser
                0x10100322                Reset_Handler
                0x10100384                cpuss_interrupts_dw0_5_IRQHandler
                0x10100384                cpuss_interrupts_dw1_28_IRQHandler
                0x10100384                cpuss_interrupts_ipc_6_IRQHandler
                0x10100384                DebugMon_Handler
                0x10100384                tcpwm_1_interrupts_11_IRQHandler
                0x10100384                cpuss_interrupts_dw1_24_IRQHandler
                0x10100384                cpuss_interrupts_ipc_0_IRQHandler
                0x10100384                tcpwm_1_interrupts_15_IRQHandler
                0x10100384                cpuss_interrupts_dw0_23_IRQHandler
                0x10100384                cpuss_interrupts_dw1_18_IRQHandler
                0x10100384                cpuss_interrupts_dw1_21_IRQHandler
                0x10100384                tcpwm_1_interrupts_13_IRQHandler
                0x10100384                cpuss_interrupts_dw1_8_IRQHandler
                0x10100384                tcpwm_0_interrupts_0_IRQHandler
                0x10100384                SysTick_Handler
                0x10100384                cpuss_interrupt_fm_IRQHandler
                0x10100384                lpcomp_interrupt_IRQHandler
                0x10100384                tcpwm_1_interrupts_14_IRQHandler
                0x10100384                cpuss_interrupts_dmac_0_IRQHandler
                0x10100384                cpuss_interrupts_dw0_11_IRQHandler
                0x10100384                tcpwm_1_interrupts_9_IRQHandler
                0x10100384                cpuss_interrupts_cm0_cti_1_IRQHandler
                0x10100384                tcpwm_1_interrupts_22_IRQHandler
                0x10100384                cpuss_interrupts_dw0_4_IRQHandler
                0x10100384                PendSV_Handler
                0x10100384                NMI_Handler
                0x10100384                scb_10_interrupt_IRQHandler
                0x10100384                cpuss_interrupts_dw1_12_IRQHandler
                0x10100384                tcpwm_1_interrupts_12_IRQHandler
                0x10100384                smif_interrupt_IRQHandler
                0x10100384                tcpwm_1_interrupts_2_IRQHandler
                0x10100384                cpuss_interrupts_ipc_13_IRQHandler
                0x10100384                tcpwm_1_interrupts_18_IRQHandler
                0x10100384                cpuss_interrupts_ipc_7_IRQHandler
                0x10100384                tcpwm_0_interrupts_2_IRQHandler
                0x10100384                cpuss_interrupts_dw0_13_IRQHandler
                0x10100384                cpuss_interrupts_dw1_7_IRQHandler
                0x10100384                ioss_interrupts_gpio_1_IRQHandler
                0x10100384                ioss_interrupts_gpio_7_IRQHandler
                0x10100384                cpuss_interrupts_dw0_24_IRQHandler
                0x10100384                scb_5_interrupt_IRQHandler
                0x10100384                cpuss_interrupts_fault_1_IRQHandler
                0x10100384                cpuss_interrupts_ipc_4_IRQHandler
                0x10100384                cpuss_interrupts_ipc_5_IRQHandler
                0x10100384                cpuss_interrupts_dw0_19_IRQHandler
                0x10100384                cpuss_interrupts_dw1_10_IRQHandler
                0x10100384                audioss_0_interrupt_i2s_IRQHandler
                0x10100384                tcpwm_1_interrupts_6_IRQHandler
                0x10100384                scb_4_interrupt_IRQHandler
                0x10100384                ioss_interrupts_gpio_2_IRQHandler
                0x10100384                cpuss_interrupts_dw0_27_IRQHandler
                0x10100384                cpuss_interrupts_dw1_9_IRQHandler
                0x10100384                cpuss_interrupts_dw1_13_IRQHandler
                0x10100384                scb_2_interrupt_IRQHandler
                0x10100384                cpuss_interrupts_dw1_20_IRQHandler
                0x10100384                ioss_interrupts_gpio_13_IRQHandler
                0x10100384                cpuss_interrupts_dmac_3_IRQHandler
                0x10100384                cpuss_interrupts_cm4_fp_IRQHandler
                0x10100384                srss_interrupt_IRQHandler
                0x10100384                scb_0_interrupt_IRQHandler
                0x10100384                csd_interrupt_IRQHandler
                0x10100384                cpuss_interrupts_dw0_18_IRQHandler
                0x10100384                profile_interrupt_IRQHandler
                0x10100384                tcpwm_1_interrupts_1_IRQHandler
                0x10100384                scb_12_interrupt_IRQHandler
                0x10100384                audioss_0_interrupt_pdm_IRQHandler
                0x10100384                cpuss_interrupts_dw1_25_IRQHandler
                0x10100384                sdhc_0_interrupt_wakeup_IRQHandler
                0x10100384                cpuss_interrupts_ipc_12_IRQHandler
                0x10100384                tcpwm_1_interrupts_3_IRQHandler
                0x10100384                tcpwm_0_interrupts_7_IRQHandler
                0x10100384                cpuss_interrupts_dw1_1_IRQHandler
                0x10100384                cpuss_interrupts_dw1_0_IRQHandler
                0x10100384                cpuss_interrupts_dw0_9_IRQHandler
                0x10100384                scb_11_interrupt_IRQHandler
                0x10100384                tcpwm_1_interrupts_23_IRQHandler
                0x10100384                tcpwm_1_interrupts_20_IRQHandler
                0x10100384                ioss_interrupt_gpio_IRQHandler
                0x10100384                tcpwm_0_interrupts_1_IRQHandler
                0x10100384                sdhc_0_interrupt_general_IRQHandler
                0x10100384                ioss_interrupts_gpio_8_IRQHandler
                0x10100384                tcpwm_0_interrupts_6_IRQHandler
                0x10100384                scb_7_interrupt_IRQHandler
                0x10100384                tcpwm_1_interrupts_7_IRQHandler
                0x10100384                cpuss_interrupts_ipc_11_IRQHandler
                0x10100384                cpuss_interrupts_dw0_15_IRQHandler
                0x10100384                cpuss_interrupts_dw1_6_IRQHandler
                0x10100384                cpuss_interrupt_crypto_IRQHandler
                0x10100384                scb_1_interrupt_IRQHandler
                0x10100384                Default_Handler
                0x10100384                usb_interrupt_hi_IRQHandler
                0x10100384                tcpwm_1_interrupts_0_IRQHandler
                0x10100384                scb_9_interrupt_IRQHandler
                0x10100384                srss_interrupt_mcwdt_0_IRQHandler
                0x10100384                cpuss_interrupts_dmac_1_IRQHandler
                0x10100384                scb_3_interrupt_IRQHandler
                0x10100384                cpuss_interrupts_dw0_16_IRQHandler
                0x10100384                ioss_interrupts_gpio_3_IRQHandler
                0x10100384                scb_6_interrupt_IRQHandler
                0x10100384                cpuss_interrupts_cm4_cti_0_IRQHandler
                0x10100384                cpuss_interrupts_dw1_26_IRQHandler
                0x10100384                cpuss_interrupts_dw1_3_IRQHandler
                0x10100384                pass_interrupt_sar_IRQHandler
                0x10100384                ioss_interrupts_gpio_0_IRQHandler
                0x10100384                cpuss_interrupts_dw1_17_IRQHandler
                0x10100384                sdhc_1_interrupt_general_IRQHandler
                0x10100384                ioss_interrupts_gpio_14_IRQHandler
                0x10100384                tcpwm_0_interrupts_4_IRQHandler
                0x10100384                tcpwm_0_interrupts_5_IRQHandler
                0x10100384                cpuss_interrupts_dw1_16_IRQHandler
                0x10100384                cpuss_interrupts_ipc_15_IRQHandler
                0x10100384                cpuss_interrupts_cm4_cti_1_IRQHandler
                0x10100384                scb_8_interrupt_IRQHandler
                0x10100384                srss_interrupt_mcwdt_1_IRQHandler
                0x10100384                cpuss_interrupts_cm0_cti_0_IRQHandler
                0x10100384                SVC_Handler
                0x10100384                cpuss_interrupts_dw1_27_IRQHandler
                0x10100384                cpuss_interrupts_dw0_20_IRQHandler
                0x10100384                cpuss_interrupts_dw1_5_IRQHandler
                0x10100384                audioss_1_interrupt_i2s_IRQHandler
                0x10100384                cpuss_interrupts_ipc_1_IRQHandler
                0x10100384                cpuss_interrupts_dw0_0_IRQHandler
                0x10100384                ioss_interrupts_gpio_12_IRQHandler
                0x10100384                cpuss_interrupts_dw0_17_IRQHandler
                0x10100384                cpuss_interrupts_ipc_3_IRQHandler
                0x10100384                cpuss_interrupts_dw1_22_IRQHandler
                0x10100384                cpuss_interrupts_dw1_23_IRQHandler
                0x10100384                tcpwm_1_interrupts_17_IRQHandler
                0x10100384                srss_interrupt_backup_IRQHandler
                0x10100384                cpuss_interrupts_dw0_26_IRQHandler
                0x10100384                cpuss_interrupts_ipc_10_IRQHandler
                0x10100384                cpuss_interrupts_ipc_9_IRQHandler
                0x10100384                cpuss_interrupts_dw0_14_IRQHandler
                0x10100384                tcpwm_1_interrupts_4_IRQHandler
                0x10100384                tcpwm_0_interrupts_3_IRQHandler
                0x10100384                cpuss_interrupts_dw1_15_IRQHandler
                0x10100384                ioss_interrupts_gpio_10_IRQHandler
                0x10100384                cpuss_interrupts_dw0_8_IRQHandler
                0x10100384                cpuss_interrupts_dmac_2_IRQHandler
                0x10100384                ioss_interrupts_gpio_11_IRQHandler
                0x10100384                cpuss_interrupts_ipc_14_IRQHandler
                0x10100384                ioss_interrupts_gpio_5_IRQHandler
                0x10100384                ioss_interrupts_gpio_4_IRQHandler
                0x10100384                tcpwm_1_interrupts_8_IRQHandler
                0x10100384                cpuss_interrupts_dw1_14_IRQHandler
                0x10100384                cpuss_interrupts_dw0_22_IRQHandler
                0x10100384                usb_interrupt_med_IRQHandler
                0x10100384                cpuss_interrupts_dw0_2_IRQHandler
                0x10100384                tcpwm_1_interrupts_10_IRQHandler
                0x10100384                cpuss_interrupts_dw0_28_IRQHandler
                0x10100384                cpuss_interrupts_fault_0_IRQHandler
                0x10100384                cpuss_interrupts_dw0_12_IRQHandler
                0x10100384                ioss_interrupts_gpio_6_IRQHandler
                0x10100384                tcpwm_1_interrupts_21_IRQHandler
                0x10100384                tcpwm_1_interrupts_16_IRQHandler
                0x10100384                cpuss_interrupts_dw1_4_IRQHandler
                0x10100384                cpuss_interrupts_dw1_11_IRQHandler
                0x10100384                cpuss_interrupts_dw0_6_IRQHandler
                0x10100384                cpuss_interrupts_dw0_25_IRQHandler
                0x10100384                ioss_interrupt_vdd_IRQHandler
                0x10100384                cpuss_interrupts_dw1_2_IRQHandler
                0x10100384                tcpwm_1_interrupts_5_IRQHandler
                0x10100384                cpuss_interrupts_ipc_2_IRQHandler
                0x10100384                cpuss_interrupts_dw0_10_IRQHandler
                0x10100384                cpuss_interrupts_dw1_19_IRQHandler
                0x10100384                tcpwm_1_interrupts_19_IRQHandler
                0x10100384                cpuss_interrupts_dw0_1_IRQHandler
                0x10100384                ioss_interrupts_gpio_9_IRQHandler
                0x10100384                sdhc_1_interrupt_wakeup_IRQHandler
                0x10100384                usb_interrupt_lo_IRQHandler
                0x10100384                cpuss_interrupts_ipc_8_IRQHandler
                0x10100384                cpuss_interrupts_dw0_21_IRQHandler
                0x10100384                cpuss_interrupts_dw0_7_IRQHandler
                0x10100384                cpuss_interrupts_dw0_3_IRQHandler
                0x10100388                UsageFault_Handler
                0x10100388                HardFault_Handler
                0x10100388                MemManage_Handler
                0x10100388                BusFault_Handler
 .text.Cy_SysIpcPipeIsrCm4
                0x101003a4        0xa ./psoc6sw-1.0/components/psoc6pdl/devices/psoc6/startup/system_psoc6_cm4.o
                0x101003a4                Cy_SysIpcPipeIsrCm4
 .text.Cy_SystemInit
                0x101003ae        0x2 ./psoc6sw-1.0/components/psoc6pdl/devices/psoc6/startup/system_psoc6_cm4.o
                0x101003ae                Cy_SystemInit
 .text.SystemCoreClockUpdate
                0x101003b0      0x1a4 ./psoc6sw-1.0/components/psoc6pdl/devices/psoc6/startup/system_psoc6_cm4.o
                0x101003b0                SystemCoreClockUpdate
 .text.SystemInit
                0x10100554       0x44 ./psoc6sw-1.0/components/psoc6pdl/devices/psoc6/startup/system_psoc6_cm4.o
                0x10100554                SystemInit
 .text.Cy_SystemInitFpuEnable
                0x10100598       0x28 ./psoc6sw-1.0/components/psoc6pdl/devices/psoc6/startup/system_psoc6_cm4.o
                0x10100598                Cy_SystemInitFpuEnable
 .text.main     0x101005c0       0x24 ./Source/main.o
                0x101005c0                main
 .text.init_cycfg_all
                0x101005e4       0x18 ./BlinkyLED05_config/GeneratedSource/cycfg.o
                0x101005e4                init_cycfg_all
 .text.init_cycfg_clocks
                0x101005fc       0x4c ./BlinkyLED05_config/GeneratedSource/cycfg_clocks.o
                0x101005fc                init_cycfg_clocks
 .text.init_cycfg_connectivity
                0x10100648        0x2 ./BlinkyLED05_config/GeneratedSource/cycfg_connectivity.o
                0x10100648                init_cycfg_connectivity
 *fill*         0x1010064a        0x2 
 .text.init_cycfg_peripherals
                0x1010064c       0x1c ./BlinkyLED05_config/GeneratedSource/cycfg_peripherals.o
                0x1010064c                init_cycfg_peripherals
 .text.init_cycfg_pins
                0x10100668       0x48 ./BlinkyLED05_config/GeneratedSource/cycfg_pins.o
                0x10100668                init_cycfg_pins
 .text.cycfg_ClockStartupError
                0x101006b0        0x2 ./BlinkyLED05_config/GeneratedSource/cycfg_platform.o
                0x101006b0                cycfg_ClockStartupError
 *fill*         0x101006b2        0x2 
 .text.init_cycfg_platform
                0x101006b4      0x2c4 ./BlinkyLED05_config/GeneratedSource/cycfg_platform.o
                0x101006b4                init_cycfg_platform
 .text          0x10100978       0x20 C:/Users/ntan/git/BlinkyLED05/BlinkyLED05_mainapp_psoc6pdl/Debug/libBlinkyLED05_mainapp_psoc6pdl.a(cy_syslib_gcc.o)
                0x10100978                Cy_SysLib_DelayCycles
                0x1010098a                Cy_SysLib_EnterCriticalSection
                0x10100992                Cy_SysLib_ExitCriticalSection
 .text.Cy_PDL_Init
                0x10100998        0xc C:/Users/ntan/git/BlinkyLED05/BlinkyLED05_mainapp_psoc6pdl/Debug/libBlinkyLED05_mainapp_psoc6pdl.a(cy_device.o)
                0x10100998                Cy_PDL_Init
 .text.Cy_GPIO_Pin_Init
                0x101009a4      0x360 C:/Users/ntan/git/BlinkyLED05/BlinkyLED05_mainapp_psoc6pdl/Debug/libBlinkyLED05_mainapp_psoc6pdl.a(cy_gpio.o)
                0x101009a4                Cy_GPIO_Pin_Init
 .text.Cy_IPC_Pipe_Config
                0x10100d04       0x14 C:/Users/ntan/git/BlinkyLED05/BlinkyLED05_mainapp_psoc6pdl/Debug/libBlinkyLED05_mainapp_psoc6pdl.a(cy_ipc_pipe.o)
                0x10100d04                Cy_IPC_Pipe_Config
 .text.Cy_IPC_Pipe_EndpointInit
                0x10100d18       0xdc C:/Users/ntan/git/BlinkyLED05/BlinkyLED05_mainapp_psoc6pdl/Debug/libBlinkyLED05_mainapp_psoc6pdl.a(cy_ipc_pipe.o)
                0x10100d18                Cy_IPC_Pipe_EndpointInit
 .text.Cy_IPC_Pipe_Init
                0x10100df4       0xc0 C:/Users/ntan/git/BlinkyLED05/BlinkyLED05_mainapp_psoc6pdl/Debug/libBlinkyLED05_mainapp_psoc6pdl.a(cy_ipc_pipe.o)
                0x10100df4                Cy_IPC_Pipe_Init
 .text.Cy_IPC_Pipe_ExecCallback
                0x10100eb4       0xcc C:/Users/ntan/git/BlinkyLED05/BlinkyLED05_mainapp_psoc6pdl/Debug/libBlinkyLED05_mainapp_psoc6pdl.a(cy_ipc_pipe.o)
                0x10100eb4                Cy_IPC_Pipe_ExecCallback
 .text.Cy_IPC_Pipe_ExecuteCallback
                0x10100f80       0x30 C:/Users/ntan/git/BlinkyLED05/BlinkyLED05_mainapp_psoc6pdl/Debug/libBlinkyLED05_mainapp_psoc6pdl.a(cy_ipc_pipe.o)
                0x10100f80                Cy_IPC_Pipe_ExecuteCallback
 .text.Cy_IPC_Sema_InitExt
                0x10100fb0       0xac C:/Users/ntan/git/BlinkyLED05/BlinkyLED05_mainapp_psoc6pdl/Debug/libBlinkyLED05_mainapp_psoc6pdl.a(cy_ipc_sema.o)
                0x10100fb0                Cy_IPC_Sema_InitExt
 .text.Cy_IPC_Sema_Init
                0x1010105c       0x6c C:/Users/ntan/git/BlinkyLED05/BlinkyLED05_mainapp_psoc6pdl/Debug/libBlinkyLED05_mainapp_psoc6pdl.a(cy_ipc_sema.o)
                0x1010105c                Cy_IPC_Sema_Init
 .text.Cy_SysClk_ClkPathSetSource
                0x101010c8       0x5c C:/Users/ntan/git/BlinkyLED05/BlinkyLED05_mainapp_psoc6pdl/Debug/libBlinkyLED05_mainapp_psoc6pdl.a(cy_sysclk.o)
                0x101010c8                Cy_SysClk_ClkPathSetSource
 .text.Cy_SysClk_ClkPathGetSource
                0x10101124       0x4c C:/Users/ntan/git/BlinkyLED05/BlinkyLED05_mainapp_psoc6pdl/Debug/libBlinkyLED05_mainapp_psoc6pdl.a(cy_sysclk.o)
                0x10101124                Cy_SysClk_ClkPathGetSource
 .text.Cy_SysClk_PllManualConfigure
                0x10101170       0xc8 C:/Users/ntan/git/BlinkyLED05/BlinkyLED05_mainapp_psoc6pdl/Debug/libBlinkyLED05_mainapp_psoc6pdl.a(cy_sysclk.o)
                0x10101170                Cy_SysClk_PllManualConfigure
 .text.Cy_SysClk_PllEnable
                0x10101238       0x60 C:/Users/ntan/git/BlinkyLED05/BlinkyLED05_mainapp_psoc6pdl/Debug/libBlinkyLED05_mainapp_psoc6pdl.a(cy_sysclk.o)
                0x10101238                Cy_SysClk_PllEnable
 .text.Cy_SysInt_SetVector
                0x10101298       0x48 C:/Users/ntan/git/BlinkyLED05/BlinkyLED05_mainapp_psoc6pdl/Debug/libBlinkyLED05_mainapp_psoc6pdl.a(cy_sysint.o)
                0x10101298                Cy_SysInt_SetVector
 .text.Cy_SysInt_Init
                0x101012e0       0x74 C:/Users/ntan/git/BlinkyLED05/BlinkyLED05_mainapp_psoc6pdl/Debug/libBlinkyLED05_mainapp_psoc6pdl.a(cy_sysint.o)
                0x101012e0                Cy_SysInt_Init
 .text.Cy_SysLib_DelayUs
                0x10101354       0x14 C:/Users/ntan/git/BlinkyLED05/BlinkyLED05_mainapp_psoc6pdl/Debug/libBlinkyLED05_mainapp_psoc6pdl.a(cy_syslib.o)
                0x10101354                Cy_SysLib_DelayUs
 .text.Cy_SysLib_Halt
                0x10101368        0x4 C:/Users/ntan/git/BlinkyLED05/BlinkyLED05_mainapp_psoc6pdl/Debug/libBlinkyLED05_mainapp_psoc6pdl.a(cy_syslib.o)
                0x10101368                Cy_SysLib_Halt
 .text.Cy_SysLib_AssertFailed
                0x1010136c       0x1c C:/Users/ntan/git/BlinkyLED05/BlinkyLED05_mainapp_psoc6pdl/Debug/libBlinkyLED05_mainapp_psoc6pdl.a(cy_syslib.o)
                0x1010136c                Cy_SysLib_AssertFailed
 .text.Cy_SysLib_ResetBackupDomain
                0x10101388       0x20 C:/Users/ntan/git/BlinkyLED05/BlinkyLED05_mainapp_psoc6pdl/Debug/libBlinkyLED05_mainapp_psoc6pdl.a(cy_syslib.o)
                0x10101388                Cy_SysLib_ResetBackupDomain
 .text.Cy_SysLib_GetResetReason
                0x101013a8       0x18 C:/Users/ntan/git/BlinkyLED05/BlinkyLED05_mainapp_psoc6pdl/Debug/libBlinkyLED05_mainapp_psoc6pdl.a(cy_syslib.o)
                0x101013a8                Cy_SysLib_GetResetReason
 .text.Cy_SysLib_ProcessingFault
                0x101013c0        0x2 C:/Users/ntan/git/BlinkyLED05/BlinkyLED05_mainapp_psoc6pdl/Debug/libBlinkyLED05_mainapp_psoc6pdl.a(cy_syslib.o)
                0x101013c0                Cy_SysLib_ProcessingFault
 *fill*         0x101013c2        0x2 
 .text.Cy_SysLib_FaultHandler
                0x101013c4       0xa4 C:/Users/ntan/git/BlinkyLED05/BlinkyLED05_mainapp_psoc6pdl/Debug/libBlinkyLED05_mainapp_psoc6pdl.a(cy_syslib.o)
                0x101013c4                Cy_SysLib_FaultHandler
 .text.Cy_SysLib_SetWaitStates
                0x10101468       0xcc C:/Users/ntan/git/BlinkyLED05/BlinkyLED05_mainapp_psoc6pdl/Debug/libBlinkyLED05_mainapp_psoc6pdl.a(cy_syslib.o)
                0x10101468                Cy_SysLib_SetWaitStates
 .text.SetReadMarginTrimUlp
                0x10101534       0x84 C:/Users/ntan/git/BlinkyLED05/BlinkyLED05_mainapp_psoc6pdl/Debug/libBlinkyLED05_mainapp_psoc6pdl.a(cy_syspm.o)
 .text.SetReadMarginTrimLp
                0x101015b8       0x7c C:/Users/ntan/git/BlinkyLED05/BlinkyLED05_mainapp_psoc6pdl/Debug/libBlinkyLED05_mainapp_psoc6pdl.a(cy_syspm.o)
 .text.SetWriteAssistTrimUlp
                0x10101634       0x58 C:/Users/ntan/git/BlinkyLED05/BlinkyLED05_mainapp_psoc6pdl/Debug/libBlinkyLED05_mainapp_psoc6pdl.a(cy_syspm.o)
 .text.SetWriteAssistTrimLp
                0x1010168c       0x68 C:/Users/ntan/git/BlinkyLED05/BlinkyLED05_mainapp_psoc6pdl/Debug/libBlinkyLED05_mainapp_psoc6pdl.a(cy_syspm.o)
 .text.IsVoltageChangePossible
                0x101016f4       0x46 C:/Users/ntan/git/BlinkyLED05/BlinkyLED05_mainapp_psoc6pdl/Debug/libBlinkyLED05_mainapp_psoc6pdl.a(cy_syspm.o)
 *fill*         0x1010173a        0x2 
 .text.Cy_SysPm_WriteVoltageBitForFlash
                0x1010173c      0x118 C:/Users/ntan/git/BlinkyLED05/BlinkyLED05_mainapp_psoc6pdl/Debug/libBlinkyLED05_mainapp_psoc6pdl.a(cy_syspm.o)
                0x1010173c                Cy_SysPm_WriteVoltageBitForFlash
 .text.Cy_SysPm_LdoSetVoltage
                0x10101854       0xcc C:/Users/ntan/git/BlinkyLED05/BlinkyLED05_mainapp_psoc6pdl/Debug/libBlinkyLED05_mainapp_psoc6pdl.a(cy_syspm.o)
                0x10101854                Cy_SysPm_LdoSetVoltage
 .text.Cy_TCPWM_PWM_Init
                0x10101920      0x170 C:/Users/ntan/git/BlinkyLED05/BlinkyLED05_mainapp_psoc6pdl/Debug/libBlinkyLED05_mainapp_psoc6pdl.a(cy_tcpwm_pwm.o)
                0x10101920                Cy_TCPWM_PWM_Init
 .text.Cy_IPC_Drv_LockRelease
                0x10101a90       0x40 C:/Users/ntan/git/BlinkyLED05/BlinkyLED05_mainapp_psoc6pdl/Debug/libBlinkyLED05_mainapp_psoc6pdl.a(cy_ipc_drv.o)
                0x10101a90                Cy_IPC_Drv_LockRelease
 .text.Cy_IPC_Drv_SendMsgWord
                0x10101ad0       0x34 C:/Users/ntan/git/BlinkyLED05/BlinkyLED05_mainapp_psoc6pdl/Debug/libBlinkyLED05_mainapp_psoc6pdl.a(cy_ipc_drv.o)
                0x10101ad0                Cy_IPC_Drv_SendMsgWord
 .text.Cy_IPC_Drv_ReadMsgWord
                0x10101b04       0x38 C:/Users/ntan/git/BlinkyLED05/BlinkyLED05_mainapp_psoc6pdl/Debug/libBlinkyLED05_mainapp_psoc6pdl.a(cy_ipc_drv.o)
                0x10101b04                Cy_IPC_Drv_ReadMsgWord
 .text.Cy_Prot_GetActivePC
                0x10101b3c       0x38 C:/Users/ntan/git/BlinkyLED05/BlinkyLED05_mainapp_psoc6pdl/Debug/libBlinkyLED05_mainapp_psoc6pdl.a(cy_prot.o)
                0x10101b3c                Cy_Prot_GetActivePC
 .text.memset   0x10101b74       0x10 c:/users/ntan/modustoolbox_1.0/tools/gcc-7.2.1-1.0/bin/../lib/gcc/arm-none-eabi/7.2.1/../../../../arm-none-eabi/lib/thumb/v7e-m/fpv4-sp/softfp\libg_nano.a(lib_a-memset.o)
                0x10101b74                memset
 .text.strncpy  0x10101b84       0x2a c:/users/ntan/modustoolbox_1.0/tools/gcc-7.2.1-1.0/bin/../lib/gcc/arm-none-eabi/7.2.1/../../../../arm-none-eabi/lib/thumb/v7e-m/fpv4-sp/softfp\libg_nano.a(lib_a-strncpy.o)
                0x10101b84                strncpy
 *(.init)
 *fill*         0x10101bae        0x2 
 .init          0x10101bb0        0x4 c:/users/ntan/modustoolbox_1.0/tools/gcc-7.2.1-1.0/bin/../lib/gcc/arm-none-eabi/7.2.1/thumb/v7e-m/fpv4-sp/softfp/crti.o
                0x10101bb0                _init
 .init          0x10101bb4        0x8 c:/users/ntan/modustoolbox_1.0/tools/gcc-7.2.1-1.0/bin/../lib/gcc/arm-none-eabi/7.2.1/thumb/v7e-m/fpv4-sp/softfp/crtn.o
 *(.fini)
 .fini          0x10101bbc        0x4 c:/users/ntan/modustoolbox_1.0/tools/gcc-7.2.1-1.0/bin/../lib/gcc/arm-none-eabi/7.2.1/thumb/v7e-m/fpv4-sp/softfp/crti.o
                0x10101bbc                _fini
 .fini          0x10101bc0        0x8 c:/users/ntan/modustoolbox_1.0/tools/gcc-7.2.1-1.0/bin/../lib/gcc/arm-none-eabi/7.2.1/thumb/v7e-m/fpv4-sp/softfp/crtn.o
 *crtbegin.o(.ctors)
 *crtbegin?.o(.ctors)
 *(EXCLUDE_FILE(*crtend.o *crtend?.o) .ctors)
 *(SORT_BY_NAME(.ctors.*))
 *(.ctors)
 *crtbegin.o(.dtors)
 *crtbegin?.o(.dtors)
 *(EXCLUDE_FILE(*crtend.o *crtend?.o) .dtors)
 *(SORT_BY_NAME(.dtors.*))
 *(.dtors)
 *(.rodata .rodata.* .constdata .constdata.* .conststring .conststring.*)
 .rodata.systemIpcPipeConfigCm4.12318
                0x10101bc8       0x34 ./psoc6sw-1.0/components/psoc6pdl/devices/psoc6/startup/system_psoc6_cm4.o
 .rodata.PWM_2Hz_config
                0x10101bfc       0x64 ./BlinkyLED05_config/GeneratedSource/cycfg_peripherals.o
                0x10101bfc                PWM_2Hz_config
 .rodata.Pin_LEDR_config
                0x10101c60       0x34 ./BlinkyLED05_config/GeneratedSource/cycfg_pins.o
                0x10101c60                Pin_LEDR_config
 .rodata.SWCLK_config
                0x10101c94       0x34 ./BlinkyLED05_config/GeneratedSource/cycfg_pins.o
                0x10101c94                SWCLK_config
 .rodata.SWDIO_config
                0x10101cc8       0x34 ./BlinkyLED05_config/GeneratedSource/cycfg_pins.o
                0x10101cc8                SWDIO_config
 .rodata.SWO_config
                0x10101cfc       0x34 ./BlinkyLED05_config/GeneratedSource/cycfg_pins.o
                0x10101cfc                SWO_config
 .rodata.init_cycfg_platform.str1.4
                0x10101d30       0x65 ./BlinkyLED05_config/GeneratedSource/cycfg_platform.o
 *fill*         0x10101d95        0x3 
 .rodata.srss_0_clock_0_pll_0_pllConfig
                0x10101d98        0x5 ./BlinkyLED05_config/GeneratedSource/cycfg_platform.o
 *fill*         0x10101d9d        0x3 
 .rodata.cy_deviceIpBlockCfgPSoC6_02
                0x10101da0       0xb8 C:/Users/ntan/git/BlinkyLED05/BlinkyLED05_mainapp_psoc6pdl/Debug/libBlinkyLED05_mainapp_psoc6pdl.a(cy_device.o)
                0x10101da0                cy_deviceIpBlockCfgPSoC6_02
 .rodata.Cy_GPIO_Pin_Init.str1.4
                0x10101e58       0xc7 C:/Users/ntan/git/BlinkyLED05/BlinkyLED05_mainapp_psoc6pdl/Debug/libBlinkyLED05_mainapp_psoc6pdl.a(cy_gpio.o)
 *fill*         0x10101f1f        0x1 
 .rodata.Cy_IPC_Pipe_EndpointInit.str1.4
                0x10101f20       0xce C:/Users/ntan/git/BlinkyLED05/BlinkyLED05_mainapp_psoc6pdl/Debug/libBlinkyLED05_mainapp_psoc6pdl.a(cy_ipc_pipe.o)
 .rodata.Cy_IPC_Sema_InitExt.str1.4
                0x10101fee       0x66 C:/Users/ntan/git/BlinkyLED05/BlinkyLED05_mainapp_psoc6pdl/Debug/libBlinkyLED05_mainapp_psoc6pdl.a(cy_ipc_sema.o)
 *fill*         0x10101fee        0x2 
 .rodata.Cy_SysClk_ClkPathGetSource.str1.4
                0x10101ff0       0x64 C:/Users/ntan/git/BlinkyLED05/BlinkyLED05_mainapp_psoc6pdl/Debug/libBlinkyLED05_mainapp_psoc6pdl.a(cy_sysclk.o)
 .rodata.Cy_SysInt_SetVector.str1.4
                0x10102054       0x64 C:/Users/ntan/git/BlinkyLED05/BlinkyLED05_mainapp_psoc6pdl/Debug/libBlinkyLED05_mainapp_psoc6pdl.a(cy_sysint.o)
 .rodata.Cy_SysPm_SetHibernateWakeupSource.str1.4
                0x101020b8       0x63 C:/Users/ntan/git/BlinkyLED05/BlinkyLED05_mainapp_psoc6pdl/Debug/libBlinkyLED05_mainapp_psoc6pdl.a(cy_syspm.o)
 .rodata.Cy_SysPm_WriteVoltageBitForFlash.str1.4
                0x1010211b       0x66 C:/Users/ntan/git/BlinkyLED05/BlinkyLED05_mainapp_psoc6pdl/Debug/libBlinkyLED05_mainapp_psoc6pdl.a(cy_syspm.o)
 .rodata.Cy_IPC_Drv_LockRelease.str1.4
                0x1010211b       0x66 C:/Users/ntan/git/BlinkyLED05/BlinkyLED05_mainapp_psoc6pdl/Debug/libBlinkyLED05_mainapp_psoc6pdl.a(cy_ipc_drv.o)
 *fill*         0x1010211b        0x1 
 .rodata.Cy_IPC_Drv_ReadMsgWord.str1.4
                0x1010211c       0x65 C:/Users/ntan/git/BlinkyLED05/BlinkyLED05_mainapp_psoc6pdl/Debug/libBlinkyLED05_mainapp_psoc6pdl.a(cy_ipc_drv.o)
 *fill*         0x10102181        0x3 
 .rodata.Cy_Prot_ConfigBusMaster.str1.4
                0x10102184       0x64 C:/Users/ntan/git/BlinkyLED05/BlinkyLED05_mainapp_psoc6pdl/Debug/libBlinkyLED05_mainapp_psoc6pdl.a(cy_prot.o)
                                 0x62 (size before relaxing)
 *(.eh_frame*)
 .eh_frame      0x101021e8        0x0 c:/users/ntan/modustoolbox_1.0/tools/gcc-7.2.1-1.0/bin/../lib/gcc/arm-none-eabi/7.2.1/thumb/v7e-m/fpv4-sp/softfp/crtbegin.o
 .eh_frame      0x101021e8        0x4 c:/users/ntan/modustoolbox_1.0/tools/gcc-7.2.1-1.0/bin/../lib/gcc/arm-none-eabi/7.2.1/thumb/v7e-m/fpv4-sp/softfp/crtend.o

.glue_7         0x101021ec        0x0
 .glue_7        0x101021ec        0x0 linker stubs

.glue_7t        0x101021ec        0x0
 .glue_7t       0x101021ec        0x0 linker stubs

.vfp11_veneer   0x101021ec        0x0
 .vfp11_veneer  0x101021ec        0x0 linker stubs

.v4_bx          0x101021ec        0x0
 .v4_bx         0x101021ec        0x0 linker stubs

.iplt           0x101021ec        0x0
 .iplt          0x101021ec        0x0 c:/users/ntan/modustoolbox_1.0/tools/gcc-7.2.1-1.0/bin/../lib/gcc/arm-none-eabi/7.2.1/thumb/v7e-m/fpv4-sp/softfp/crtbegin.o

.rel.dyn        0x101021ec        0x0
 .rel.iplt      0x101021ec        0x0 c:/users/ntan/modustoolbox_1.0/tools/gcc-7.2.1-1.0/bin/../lib/gcc/arm-none-eabi/7.2.1/thumb/v7e-m/fpv4-sp/softfp/crtbegin.o

.ARM.extab
 *(.ARM.extab* .gnu.linkonce.armextab.*)
                0x101021ec                __exidx_start = .

.ARM.exidx
 *(.ARM.exidx* .gnu.linkonce.armexidx.*)
                0x101021ec                __exidx_end = .

.copy.table     0x101021ec       0x18
                0x101021ec                . = ALIGN (0x4)
                0x101021ec                __copy_table_start__ = .
                0x101021ec        0x4 LONG 0x10100000 __Vectors
                0x101021f0        0x4 LONG 0x8020000 __ram_vectors_start__
                0x101021f4        0x4 LONG 0x2e0 (__Vectors_End - __Vectors)
                0x101021f8        0x4 LONG 0x1010220c __etext
                0x101021fc        0x4 LONG 0x80202e0 __data_start__
                0x10102200        0x4 LONG 0x230 (__data_end__ - __data_start__)
                0x10102204                __copy_table_end__ = .

.zero.table     0x10102204        0x8
                0x10102204                . = ALIGN (0x4)
                0x10102204                __zero_table_start__ = .
                0x10102204        0x4 LONG 0x80205a4 __bss_start__
                0x10102208        0x4 LONG 0x1b4 (__bss_end__ - __bss_start__)
                0x1010220c                __zero_table_end__ = .
                0x1010220c                __etext = .

.ramVectors     0x08020000      0x2e0
                0x08020000                __ram_vectors_start__ = .
 *(.ram_vectors)
 .ram_vectors   0x08020000      0x2e0 ./psoc6sw-1.0/components/psoc6pdl/devices/psoc6/startup/gcc/startup_psoc6_02_cm4.o
                0x08020000                __ramVectors
                0x080202e0                __ram_vectors_end__ = .

.data           0x080202e0      0x230 load address 0x1010220c
                0x080202e0                __data_start__ = .
 *(vtable)
 *(.data*)
 .data.SystemCoreClock
                0x080202e0        0x4 ./psoc6sw-1.0/components/psoc6pdl/devices/psoc6/startup/system_psoc6_cm4.o
                0x080202e0                SystemCoreClock
 .data.cy_Hfclk0FreqHz
                0x080202e4        0x4 ./psoc6sw-1.0/components/psoc6pdl/devices/psoc6/startup/system_psoc6_cm4.o
                0x080202e4                cy_Hfclk0FreqHz
 .data.cy_PeriClkFreqHz
                0x080202e8        0x4 ./psoc6sw-1.0/components/psoc6pdl/devices/psoc6/startup/system_psoc6_cm4.o
                0x080202e8                cy_PeriClkFreqHz
 .data.cy_delay32kMs
                0x080202ec        0x4 ./psoc6sw-1.0/components/psoc6pdl/devices/psoc6/startup/system_psoc6_cm4.o
                0x080202ec                cy_delay32kMs
 .data.cy_delayFreqHz
                0x080202f0        0x4 ./psoc6sw-1.0/components/psoc6pdl/devices/psoc6/startup/system_psoc6_cm4.o
                0x080202f0                cy_delayFreqHz
 .data.cy_delayFreqKhz
                0x080202f4        0x4 ./psoc6sw-1.0/components/psoc6pdl/devices/psoc6/startup/system_psoc6_cm4.o
                0x080202f4                cy_delayFreqKhz
 .data.cy_delayFreqMhz
                0x080202f8        0x1 ./psoc6sw-1.0/components/psoc6pdl/devices/psoc6/startup/system_psoc6_cm4.o
                0x080202f8                cy_delayFreqMhz
                0x080202fc                . = ALIGN (0x4)
 *fill*         0x080202f9        0x3 
                0x080202fc                PROVIDE (__preinit_array_start, .)
 *(.preinit_array)
                0x080202fc                PROVIDE (__preinit_array_end, .)
                0x080202fc                . = ALIGN (0x4)
                0x080202fc                PROVIDE (__init_array_start, .)
 *(SORT_BY_NAME(.init_array.*))
 *(.init_array)
 .init_array    0x080202fc        0x4 c:/users/ntan/modustoolbox_1.0/tools/gcc-7.2.1-1.0/bin/../lib/gcc/arm-none-eabi/7.2.1/thumb/v7e-m/fpv4-sp/softfp/crtbegin.o
                0x08020300                PROVIDE (__init_array_end, .)
                0x08020300                . = ALIGN (0x4)
                [!provide]                PROVIDE (__fini_array_start, .)
 *(SORT_BY_NAME(.fini_array.*))
 *(.fini_array)
 .fini_array    0x08020300        0x4 c:/users/ntan/modustoolbox_1.0/tools/gcc-7.2.1-1.0/bin/../lib/gcc/arm-none-eabi/7.2.1/thumb/v7e-m/fpv4-sp/softfp/crtbegin.o
                [!provide]                PROVIDE (__fini_array_end, .)
 *(.jcr*)
                0x08020304                . = ALIGN (0x4)
 *(.cy_ramfunc*)
 .cy_ramfunc    0x08020304      0x20c C:/Users/ntan/git/BlinkyLED05/BlinkyLED05_mainapp_psoc6pdl/Debug/libBlinkyLED05_mainapp_psoc6pdl.a(cy_syspm.o)
                0x08020510                . = ALIGN (0x4)
                0x08020510                __data_end__ = .

.igot.plt       0x08020510        0x0 load address 0x1010243c
 .igot.plt      0x08020510        0x0 c:/users/ntan/modustoolbox_1.0/tools/gcc-7.2.1-1.0/bin/../lib/gcc/arm-none-eabi/7.2.1/thumb/v7e-m/fpv4-sp/softfp/crtbegin.o

.noinit         0x08020510       0x94 load address 0x10102440
 *(.noinit)
 .noinit        0x08020510       0x94 C:/Users/ntan/git/BlinkyLED05/BlinkyLED05_mainapp_psoc6pdl/Debug/libBlinkyLED05_mainapp_psoc6pdl.a(cy_syslib.o)
                0x08020510                cy_assertFileName
                0x08020528                cy_assertLine
                0x0802052c                cy_faultFrame

.bss            0x080205a4      0x1b4 load address 0x101024d4
                0x080205a4                . = ALIGN (0x4)
                0x080205a4                __bss_start__ = .
 *(.bss*)
 .bss           0x080205a4       0x1c c:/users/ntan/modustoolbox_1.0/tools/gcc-7.2.1-1.0/bin/../lib/gcc/arm-none-eabi/7.2.1/thumb/v7e-m/fpv4-sp/softfp/crtbegin.o
 .bss.systemIpcPipeEpArray.12316
                0x080205c0      0x160 ./psoc6sw-1.0/components/psoc6pdl/devices/psoc6/startup/system_psoc6_cm4.o
 .bss.systemIpcPipeSysCbArray.12317
                0x08020720       0x20 ./psoc6sw-1.0/components/psoc6pdl/devices/psoc6/startup/system_psoc6_cm4.o
 .bss.cy_ipc_pipe_epArray
                0x08020740        0x4 C:/Users/ntan/git/BlinkyLED05/BlinkyLED05_mainapp_psoc6pdl/Debug/libBlinkyLED05_mainapp_psoc6pdl.a(cy_ipc_pipe.o)
 .bss.cy_semaData.12548
                0x08020744        0x8 C:/Users/ntan/git/BlinkyLED05/BlinkyLED05_mainapp_psoc6pdl/Debug/libBlinkyLED05_mainapp_psoc6pdl.a(cy_ipc_sema.o)
 .bss.cy_semaIpcStruct
                0x0802074c        0x4 C:/Users/ntan/git/BlinkyLED05/BlinkyLED05_mainapp_psoc6pdl/Debug/libBlinkyLED05_mainapp_psoc6pdl.a(cy_ipc_sema.o)
 .bss.wasEventSent
                0x08020750        0x1 C:/Users/ntan/git/BlinkyLED05/BlinkyLED05_mainapp_psoc6pdl/Debug/libBlinkyLED05_mainapp_psoc6pdl.a(cy_syspm.o)
 *(COMMON)
 *fill*         0x08020751        0x3 
 COMMON         0x08020754        0x4 C:/Users/ntan/git/BlinkyLED05/BlinkyLED05_mainapp_psoc6pdl/Debug/libBlinkyLED05_mainapp_psoc6pdl.a(cy_device.o)
                0x08020754                cy_device
                0x08020758                . = ALIGN (0x4)
                0x08020758                __bss_end__ = .

.heap           0x08020758      0x400
                0x08020758                __HeapBase = .
                0x08020758                __end__ = .
                0x08020758                end = __end__
 *(.heap*)
 .heap          0x08020758      0x400 ./psoc6sw-1.0/components/psoc6pdl/devices/psoc6/startup/gcc/startup_psoc6_02_cm4.o
                0x08020b58                __HeapLimit = .

.stack_dummy    0x08020758     0x1000
 *(.stack*)
 .stack         0x08020758     0x1000 ./psoc6sw-1.0/components/psoc6pdl/devices/psoc6/startup/gcc/startup_psoc6_02_cm4.o
                0x080ff800                __StackTop = (ORIGIN (ram) + LENGTH (ram))
                0x080fe800                __StackLimit = (__StackTop - SIZEOF (.stack_dummy))
                0x080ff800                PROVIDE (__stack, __StackTop)
                0x00000001                ASSERT ((__StackLimit >= __HeapLimit), region RAM overflowed with stack)

.cy_app_signature
 *(.cy_app_signature)

.cy_em_eeprom
 *(.cy_em_eeprom)

.cy_sflash_user_data
 *(.cy_sflash_user_data)

.cy_sflash_nar
 *(.cy_sflash_nar)

.cy_sflash_public_key
 *(.cy_sflash_public_key)

.cy_toc_part2
 *(.cy_toc_part2)

.cy_rtoc_part2
 *(.cy_rtoc_part2)

.cy_xip
 *(.cy_xip)

.cy_efuse
 *(.cy_efuse)

.cymeta
 *(.cymeta)
                0x10000000                __cy_memory_0_start = 0x10000000
                0x00200000                __cy_memory_0_length = 0x200000
                0x00000200                __cy_memory_0_row_size = 0x200
                0x14000000                __cy_memory_1_start = 0x14000000
                0x00008000                __cy_memory_1_length = 0x8000
                0x00000200                __cy_memory_1_row_size = 0x200
                0x16000000                __cy_memory_2_start = 0x16000000
                0x00008000                __cy_memory_2_length = 0x8000
                0x00000200                __cy_memory_2_row_size = 0x200
                0x18000000                __cy_memory_3_start = 0x18000000
                0x08000000                __cy_memory_3_length = 0x8000000
                0x00000200                __cy_memory_3_row_size = 0x200
                0x90700000                __cy_memory_4_start = 0x90700000
                0x00100000                __cy_memory_4_length = 0x100000
                0x00000001                __cy_memory_4_row_size = 0x1
OUTPUT(BlinkyLED05_mainapp.elf elf32-littlearm)

.ARM.attributes
                0x00000000       0x2e
 .ARM.attributes
                0x00000000       0x22 c:/users/ntan/modustoolbox_1.0/tools/gcc-7.2.1-1.0/bin/../lib/gcc/arm-none-eabi/7.2.1/thumb/v7e-m/fpv4-sp/softfp/crti.o
 .ARM.attributes
                0x00000022       0x32 c:/users/ntan/modustoolbox_1.0/tools/gcc-7.2.1-1.0/bin/../lib/gcc/arm-none-eabi/7.2.1/thumb/v7e-m/fpv4-sp/softfp/crtbegin.o
 .ARM.attributes
                0x00000054       0x1f ./psoc6sw-1.0/components/psoc6pdl/devices/psoc6/startup/gcc/startup_psoc6_02_cm4.o
 .ARM.attributes
                0x00000073       0x37 ./psoc6sw-1.0/components/psoc6pdl/devices/psoc6/startup/system_psoc6_cm4.o
 .ARM.attributes
                0x000000aa       0x37 ./Source/main.o
 .ARM.attributes
                0x000000e1       0x37 ./BlinkyLED05_config/GeneratedSource/cycfg.o
 .ARM.attributes
                0x00000118       0x37 ./BlinkyLED05_config/GeneratedSource/cycfg_clocks.o
 .ARM.attributes
                0x0000014f       0x37 ./BlinkyLED05_config/GeneratedSource/cycfg_connectivity.o
 .ARM.attributes
                0x00000186       0x37 ./BlinkyLED05_config/GeneratedSource/cycfg_peripherals.o
 .ARM.attributes
                0x000001bd       0x37 ./BlinkyLED05_config/GeneratedSource/cycfg_pins.o
 .ARM.attributes
                0x000001f4       0x37 ./BlinkyLED05_config/GeneratedSource/cycfg_platform.o
 .ARM.attributes
                0x0000022b       0x25 C:/Users/ntan/git/BlinkyLED05/BlinkyLED05_mainapp_psoc6pdl/Debug/libBlinkyLED05_mainapp_psoc6pdl.a(cy_syslib_gcc.o)
 .ARM.attributes
                0x00000250       0x37 C:/Users/ntan/git/BlinkyLED05/BlinkyLED05_mainapp_psoc6pdl/Debug/libBlinkyLED05_mainapp_psoc6pdl.a(cy_device.o)
 .ARM.attributes
                0x00000287       0x37 C:/Users/ntan/git/BlinkyLED05/BlinkyLED05_mainapp_psoc6pdl/Debug/libBlinkyLED05_mainapp_psoc6pdl.a(cy_gpio.o)
 .ARM.attributes
                0x000002be       0x37 C:/Users/ntan/git/BlinkyLED05/BlinkyLED05_mainapp_psoc6pdl/Debug/libBlinkyLED05_mainapp_psoc6pdl.a(cy_ipc_pipe.o)
 .ARM.attributes
                0x000002f5       0x37 C:/Users/ntan/git/BlinkyLED05/BlinkyLED05_mainapp_psoc6pdl/Debug/libBlinkyLED05_mainapp_psoc6pdl.a(cy_ipc_sema.o)
 .ARM.attributes
                0x0000032c       0x37 C:/Users/ntan/git/BlinkyLED05/BlinkyLED05_mainapp_psoc6pdl/Debug/libBlinkyLED05_mainapp_psoc6pdl.a(cy_sysclk.o)
 .ARM.attributes
                0x00000363       0x37 C:/Users/ntan/git/BlinkyLED05/BlinkyLED05_mainapp_psoc6pdl/Debug/libBlinkyLED05_mainapp_psoc6pdl.a(cy_sysint.o)
 .ARM.attributes
                0x0000039a       0x37 C:/Users/ntan/git/BlinkyLED05/BlinkyLED05_mainapp_psoc6pdl/Debug/libBlinkyLED05_mainapp_psoc6pdl.a(cy_syslib.o)
 .ARM.attributes
                0x000003d1       0x37 C:/Users/ntan/git/BlinkyLED05/BlinkyLED05_mainapp_psoc6pdl/Debug/libBlinkyLED05_mainapp_psoc6pdl.a(cy_syspm.o)
 .ARM.attributes
                0x00000408       0x37 C:/Users/ntan/git/BlinkyLED05/BlinkyLED05_mainapp_psoc6pdl/Debug/libBlinkyLED05_mainapp_psoc6pdl.a(cy_tcpwm_pwm.o)
 .ARM.attributes
                0x0000043f       0x37 C:/Users/ntan/git/BlinkyLED05/BlinkyLED05_mainapp_psoc6pdl/Debug/libBlinkyLED05_mainapp_psoc6pdl.a(cy_ipc_drv.o)
 .ARM.attributes
                0x00000476       0x37 C:/Users/ntan/git/BlinkyLED05/BlinkyLED05_mainapp_psoc6pdl/Debug/libBlinkyLED05_mainapp_psoc6pdl.a(cy_prot.o)
 .ARM.attributes
                0x000004ad       0x32 c:/users/ntan/modustoolbox_1.0/tools/gcc-7.2.1-1.0/bin/../lib/gcc/arm-none-eabi/7.2.1/../../../../arm-none-eabi/lib/thumb/v7e-m/fpv4-sp/softfp\libg_nano.a(lib_a-memset.o)
 .ARM.attributes
                0x000004df       0x32 c:/users/ntan/modustoolbox_1.0/tools/gcc-7.2.1-1.0/bin/../lib/gcc/arm-none-eabi/7.2.1/../../../../arm-none-eabi/lib/thumb/v7e-m/fpv4-sp/softfp\libg_nano.a(lib_a-strncpy.o)
 .ARM.attributes
                0x00000511       0x32 c:/users/ntan/modustoolbox_1.0/tools/gcc-7.2.1-1.0/bin/../lib/gcc/arm-none-eabi/7.2.1/thumb/v7e-m/fpv4-sp/softfp/crtend.o
 .ARM.attributes
                0x00000543       0x22 c:/users/ntan/modustoolbox_1.0/tools/gcc-7.2.1-1.0/bin/../lib/gcc/arm-none-eabi/7.2.1/thumb/v7e-m/fpv4-sp/softfp/crtn.o

.comment        0x00000000       0x7f
 .comment       0x00000000       0x7f ./psoc6sw-1.0/components/psoc6pdl/devices/psoc6/startup/system_psoc6_cm4.o
                                 0x80 (size before relaxing)
 .comment       0x0000007f       0x80 ./Source/main.o
 .comment       0x0000007f       0x80 ./BlinkyLED05_config/GeneratedSource/cycfg.o
 .comment       0x0000007f       0x80 ./BlinkyLED05_config/GeneratedSource/cycfg_clocks.o
 .comment       0x0000007f       0x80 ./BlinkyLED05_config/GeneratedSource/cycfg_connectivity.o
 .comment       0x0000007f       0x80 ./BlinkyLED05_config/GeneratedSource/cycfg_peripherals.o
 .comment       0x0000007f       0x80 ./BlinkyLED05_config/GeneratedSource/cycfg_pins.o
 .comment       0x0000007f       0x80 ./BlinkyLED05_config/GeneratedSource/cycfg_platform.o
 .comment       0x0000007f       0x80 C:/Users/ntan/git/BlinkyLED05/BlinkyLED05_mainapp_psoc6pdl/Debug/libBlinkyLED05_mainapp_psoc6pdl.a(cy_device.o)
 .comment       0x0000007f       0x80 C:/Users/ntan/git/BlinkyLED05/BlinkyLED05_mainapp_psoc6pdl/Debug/libBlinkyLED05_mainapp_psoc6pdl.a(cy_gpio.o)
 .comment       0x0000007f       0x80 C:/Users/ntan/git/BlinkyLED05/BlinkyLED05_mainapp_psoc6pdl/Debug/libBlinkyLED05_mainapp_psoc6pdl.a(cy_ipc_pipe.o)
 .comment       0x0000007f       0x80 C:/Users/ntan/git/BlinkyLED05/BlinkyLED05_mainapp_psoc6pdl/Debug/libBlinkyLED05_mainapp_psoc6pdl.a(cy_ipc_sema.o)
 .comment       0x0000007f       0x80 C:/Users/ntan/git/BlinkyLED05/BlinkyLED05_mainapp_psoc6pdl/Debug/libBlinkyLED05_mainapp_psoc6pdl.a(cy_sysclk.o)
 .comment       0x0000007f       0x80 C:/Users/ntan/git/BlinkyLED05/BlinkyLED05_mainapp_psoc6pdl/Debug/libBlinkyLED05_mainapp_psoc6pdl.a(cy_sysint.o)
 .comment       0x0000007f       0x80 C:/Users/ntan/git/BlinkyLED05/BlinkyLED05_mainapp_psoc6pdl/Debug/libBlinkyLED05_mainapp_psoc6pdl.a(cy_syslib.o)
 .comment       0x0000007f       0x80 C:/Users/ntan/git/BlinkyLED05/BlinkyLED05_mainapp_psoc6pdl/Debug/libBlinkyLED05_mainapp_psoc6pdl.a(cy_syspm.o)
 .comment       0x0000007f       0x80 C:/Users/ntan/git/BlinkyLED05/BlinkyLED05_mainapp_psoc6pdl/Debug/libBlinkyLED05_mainapp_psoc6pdl.a(cy_tcpwm_pwm.o)
 .comment       0x0000007f       0x80 C:/Users/ntan/git/BlinkyLED05/BlinkyLED05_mainapp_psoc6pdl/Debug/libBlinkyLED05_mainapp_psoc6pdl.a(cy_ipc_drv.o)
 .comment       0x0000007f       0x80 C:/Users/ntan/git/BlinkyLED05/BlinkyLED05_mainapp_psoc6pdl/Debug/libBlinkyLED05_mainapp_psoc6pdl.a(cy_prot.o)

.debug_line     0x00000000     0xaeb2
 .debug_line    0x00000000       0xc7 ./psoc6sw-1.0/components/psoc6pdl/devices/psoc6/startup/gcc/startup_psoc6_02_cm4.o
 .debug_line    0x000000c7      0x89c ./psoc6sw-1.0/components/psoc6pdl/devices/psoc6/startup/system_psoc6_cm4.o
 .debug_line    0x00000963      0x858 ./Source/main.o
 .debug_line    0x000011bb      0x83c ./BlinkyLED05_config/GeneratedSource/cycfg.o
 .debug_line    0x000019f7      0x7cd ./BlinkyLED05_config/GeneratedSource/cycfg_clocks.o
 .debug_line    0x000021c4       0xb1 ./BlinkyLED05_config/GeneratedSource/cycfg_connectivity.o
 .debug_line    0x00002275      0x801 ./BlinkyLED05_config/GeneratedSource/cycfg_peripherals.o
 .debug_line    0x00002a76      0x7bc ./BlinkyLED05_config/GeneratedSource/cycfg_pins.o
 .debug_line    0x00003232      0x899 ./BlinkyLED05_config/GeneratedSource/cycfg_platform.o
 .debug_line    0x00003acb       0xac C:/Users/ntan/git/BlinkyLED05/BlinkyLED05_mainapp_psoc6pdl/Debug/libBlinkyLED05_mainapp_psoc6pdl.a(cy_syslib_gcc.o)
 .debug_line    0x00003b77      0x4f2 C:/Users/ntan/git/BlinkyLED05/BlinkyLED05_mainapp_psoc6pdl/Debug/libBlinkyLED05_mainapp_psoc6pdl.a(cy_device.o)
 .debug_line    0x00004069      0x9a4 C:/Users/ntan/git/BlinkyLED05/BlinkyLED05_mainapp_psoc6pdl/Debug/libBlinkyLED05_mainapp_psoc6pdl.a(cy_gpio.o)
 .debug_line    0x00004a0d      0xa0a C:/Users/ntan/git/BlinkyLED05/BlinkyLED05_mainapp_psoc6pdl/Debug/libBlinkyLED05_mainapp_psoc6pdl.a(cy_ipc_pipe.o)
 .debug_line    0x00005417      0x9a7 C:/Users/ntan/git/BlinkyLED05/BlinkyLED05_mainapp_psoc6pdl/Debug/libBlinkyLED05_mainapp_psoc6pdl.a(cy_ipc_sema.o)
 .debug_line    0x00005dbe      0xfbd C:/Users/ntan/git/BlinkyLED05/BlinkyLED05_mainapp_psoc6pdl/Debug/libBlinkyLED05_mainapp_psoc6pdl.a(cy_sysclk.o)
 .debug_line    0x00006d7b      0x7fb C:/Users/ntan/git/BlinkyLED05/BlinkyLED05_mainapp_psoc6pdl/Debug/libBlinkyLED05_mainapp_psoc6pdl.a(cy_sysint.o)
 .debug_line    0x00007576      0x972 C:/Users/ntan/git/BlinkyLED05/BlinkyLED05_mainapp_psoc6pdl/Debug/libBlinkyLED05_mainapp_psoc6pdl.a(cy_syslib.o)
 .debug_line    0x00007ee8      0xf58 C:/Users/ntan/git/BlinkyLED05/BlinkyLED05_mainapp_psoc6pdl/Debug/libBlinkyLED05_mainapp_psoc6pdl.a(cy_syspm.o)
 .debug_line    0x00008e40      0x830 C:/Users/ntan/git/BlinkyLED05/BlinkyLED05_mainapp_psoc6pdl/Debug/libBlinkyLED05_mainapp_psoc6pdl.a(cy_tcpwm_pwm.o)
 .debug_line    0x00009670      0x824 C:/Users/ntan/git/BlinkyLED05/BlinkyLED05_mainapp_psoc6pdl/Debug/libBlinkyLED05_mainapp_psoc6pdl.a(cy_ipc_drv.o)
 .debug_line    0x00009e94     0x101e C:/Users/ntan/git/BlinkyLED05/BlinkyLED05_mainapp_psoc6pdl/Debug/libBlinkyLED05_mainapp_psoc6pdl.a(cy_prot.o)

.debug_info     0x00000000    0x27b83
 .debug_info    0x00000000       0x26 ./psoc6sw-1.0/components/psoc6pdl/devices/psoc6/startup/gcc/startup_psoc6_02_cm4.o
 .debug_info    0x00000026     0x2365 ./psoc6sw-1.0/components/psoc6pdl/devices/psoc6/startup/system_psoc6_cm4.o
 .debug_info    0x0000238b     0x32bd ./Source/main.o
 .debug_info    0x00005648     0x3099 ./BlinkyLED05_config/GeneratedSource/cycfg.o
 .debug_info    0x000086e1     0x1044 ./BlinkyLED05_config/GeneratedSource/cycfg_clocks.o
 .debug_info    0x00009725       0x3b ./BlinkyLED05_config/GeneratedSource/cycfg_connectivity.o
 .debug_info    0x00009760     0x1224 ./BlinkyLED05_config/GeneratedSource/cycfg_peripherals.o
 .debug_info    0x0000a984     0x3188 ./BlinkyLED05_config/GeneratedSource/cycfg_pins.o
 .debug_info    0x0000db0c     0x1ca6 ./BlinkyLED05_config/GeneratedSource/cycfg_platform.o
 .debug_info    0x0000f7b2       0x26 C:/Users/ntan/git/BlinkyLED05/BlinkyLED05_mainapp_psoc6pdl/Debug/libBlinkyLED05_mainapp_psoc6pdl.a(cy_syslib_gcc.o)
 .debug_info    0x0000f7d8      0x55f C:/Users/ntan/git/BlinkyLED05/BlinkyLED05_mainapp_psoc6pdl/Debug/libBlinkyLED05_mainapp_psoc6pdl.a(cy_device.o)
 .debug_info    0x0000fd37     0x3d86 C:/Users/ntan/git/BlinkyLED05/BlinkyLED05_mainapp_psoc6pdl/Debug/libBlinkyLED05_mainapp_psoc6pdl.a(cy_gpio.o)
 .debug_info    0x00013abd     0x20a0 C:/Users/ntan/git/BlinkyLED05/BlinkyLED05_mainapp_psoc6pdl/Debug/libBlinkyLED05_mainapp_psoc6pdl.a(cy_ipc_pipe.o)
 .debug_info    0x00015b5d     0x1a90 C:/Users/ntan/git/BlinkyLED05/BlinkyLED05_mainapp_psoc6pdl/Debug/libBlinkyLED05_mainapp_psoc6pdl.a(cy_ipc_sema.o)
 .debug_info    0x000175ed     0x2fc0 C:/Users/ntan/git/BlinkyLED05/BlinkyLED05_mainapp_psoc6pdl/Debug/libBlinkyLED05_mainapp_psoc6pdl.a(cy_sysclk.o)
 .debug_info    0x0001a5ad     0x1446 C:/Users/ntan/git/BlinkyLED05/BlinkyLED05_mainapp_psoc6pdl/Debug/libBlinkyLED05_mainapp_psoc6pdl.a(cy_sysint.o)
 .debug_info    0x0001b9f3     0x2c99 C:/Users/ntan/git/BlinkyLED05/BlinkyLED05_mainapp_psoc6pdl/Debug/libBlinkyLED05_mainapp_psoc6pdl.a(cy_syslib.o)
 .debug_info    0x0001e68c     0x4533 C:/Users/ntan/git/BlinkyLED05/BlinkyLED05_mainapp_psoc6pdl/Debug/libBlinkyLED05_mainapp_psoc6pdl.a(cy_syspm.o)
 .debug_info    0x00022bbf      0xecd C:/Users/ntan/git/BlinkyLED05/BlinkyLED05_mainapp_psoc6pdl/Debug/libBlinkyLED05_mainapp_psoc6pdl.a(cy_tcpwm_pwm.o)
 .debug_info    0x00023a8c      0xf54 C:/Users/ntan/git/BlinkyLED05/BlinkyLED05_mainapp_psoc6pdl/Debug/libBlinkyLED05_mainapp_psoc6pdl.a(cy_ipc_drv.o)
 .debug_info    0x000249e0     0x31a3 C:/Users/ntan/git/BlinkyLED05/BlinkyLED05_mainapp_psoc6pdl/Debug/libBlinkyLED05_mainapp_psoc6pdl.a(cy_prot.o)

.debug_abbrev   0x00000000     0x2d71
 .debug_abbrev  0x00000000       0x14 ./psoc6sw-1.0/components/psoc6pdl/devices/psoc6/startup/gcc/startup_psoc6_02_cm4.o
 .debug_abbrev  0x00000014      0x287 ./psoc6sw-1.0/components/psoc6pdl/devices/psoc6/startup/system_psoc6_cm4.o
 .debug_abbrev  0x0000029b      0x231 ./Source/main.o
 .debug_abbrev  0x000004cc      0x165 ./BlinkyLED05_config/GeneratedSource/cycfg.o
 .debug_abbrev  0x00000631      0x1f2 ./BlinkyLED05_config/GeneratedSource/cycfg_clocks.o
 .debug_abbrev  0x00000823       0x2f ./BlinkyLED05_config/GeneratedSource/cycfg_connectivity.o
 .debug_abbrev  0x00000852      0x1fb ./BlinkyLED05_config/GeneratedSource/cycfg_peripherals.o
 .debug_abbrev  0x00000a4d      0x1a9 ./BlinkyLED05_config/GeneratedSource/cycfg_pins.o
 .debug_abbrev  0x00000bf6      0x2e4 ./BlinkyLED05_config/GeneratedSource/cycfg_platform.o
 .debug_abbrev  0x00000eda       0x14 C:/Users/ntan/git/BlinkyLED05/BlinkyLED05_mainapp_psoc6pdl/Debug/libBlinkyLED05_mainapp_psoc6pdl.a(cy_syslib_gcc.o)
 .debug_abbrev  0x00000eee       0xab C:/Users/ntan/git/BlinkyLED05/BlinkyLED05_mainapp_psoc6pdl/Debug/libBlinkyLED05_mainapp_psoc6pdl.a(cy_device.o)
 .debug_abbrev  0x00000f99      0x2b1 C:/Users/ntan/git/BlinkyLED05/BlinkyLED05_mainapp_psoc6pdl/Debug/libBlinkyLED05_mainapp_psoc6pdl.a(cy_gpio.o)
 .debug_abbrev  0x0000124a      0x399 C:/Users/ntan/git/BlinkyLED05/BlinkyLED05_mainapp_psoc6pdl/Debug/libBlinkyLED05_mainapp_psoc6pdl.a(cy_ipc_pipe.o)
 .debug_abbrev  0x000015e3      0x346 C:/Users/ntan/git/BlinkyLED05/BlinkyLED05_mainapp_psoc6pdl/Debug/libBlinkyLED05_mainapp_psoc6pdl.a(cy_ipc_sema.o)
 .debug_abbrev  0x00001929      0x467 C:/Users/ntan/git/BlinkyLED05/BlinkyLED05_mainapp_psoc6pdl/Debug/libBlinkyLED05_mainapp_psoc6pdl.a(cy_sysclk.o)
 .debug_abbrev  0x00001d90      0x26f C:/Users/ntan/git/BlinkyLED05/BlinkyLED05_mainapp_psoc6pdl/Debug/libBlinkyLED05_mainapp_psoc6pdl.a(cy_sysint.o)
 .debug_abbrev  0x00001fff      0x39f C:/Users/ntan/git/BlinkyLED05/BlinkyLED05_mainapp_psoc6pdl/Debug/libBlinkyLED05_mainapp_psoc6pdl.a(cy_syslib.o)
 .debug_abbrev  0x0000239e      0x38f C:/Users/ntan/git/BlinkyLED05/BlinkyLED05_mainapp_psoc6pdl/Debug/libBlinkyLED05_mainapp_psoc6pdl.a(cy_syspm.o)
 .debug_abbrev  0x0000272d      0x1c6 C:/Users/ntan/git/BlinkyLED05/BlinkyLED05_mainapp_psoc6pdl/Debug/libBlinkyLED05_mainapp_psoc6pdl.a(cy_tcpwm_pwm.o)
 .debug_abbrev  0x000028f3      0x1e7 C:/Users/ntan/git/BlinkyLED05/BlinkyLED05_mainapp_psoc6pdl/Debug/libBlinkyLED05_mainapp_psoc6pdl.a(cy_ipc_drv.o)
 .debug_abbrev  0x00002ada      0x297 C:/Users/ntan/git/BlinkyLED05/BlinkyLED05_mainapp_psoc6pdl/Debug/libBlinkyLED05_mainapp_psoc6pdl.a(cy_prot.o)

.debug_aranges  0x00000000      0x6d8
 .debug_aranges
                0x00000000       0x20 ./psoc6sw-1.0/components/psoc6pdl/devices/psoc6/startup/gcc/startup_psoc6_02_cm4.o
 .debug_aranges
                0x00000020       0x40 ./psoc6sw-1.0/components/psoc6pdl/devices/psoc6/startup/system_psoc6_cm4.o
 .debug_aranges
                0x00000060       0x20 ./Source/main.o
 .debug_aranges
                0x00000080       0x20 ./BlinkyLED05_config/GeneratedSource/cycfg.o
 .debug_aranges
                0x000000a0       0x20 ./BlinkyLED05_config/GeneratedSource/cycfg_clocks.o
 .debug_aranges
                0x000000c0       0x20 ./BlinkyLED05_config/GeneratedSource/cycfg_connectivity.o
 .debug_aranges
                0x000000e0       0x20 ./BlinkyLED05_config/GeneratedSource/cycfg_peripherals.o
 .debug_aranges
                0x00000100       0x20 ./BlinkyLED05_config/GeneratedSource/cycfg_pins.o
 .debug_aranges
                0x00000120       0x28 ./BlinkyLED05_config/GeneratedSource/cycfg_platform.o
 .debug_aranges
                0x00000148       0x20 C:/Users/ntan/git/BlinkyLED05/BlinkyLED05_mainapp_psoc6pdl/Debug/libBlinkyLED05_mainapp_psoc6pdl.a(cy_syslib_gcc.o)
 .debug_aranges
                0x00000168       0x20 C:/Users/ntan/git/BlinkyLED05/BlinkyLED05_mainapp_psoc6pdl/Debug/libBlinkyLED05_mainapp_psoc6pdl.a(cy_device.o)
 .debug_aranges
                0x00000188       0x48 C:/Users/ntan/git/BlinkyLED05/BlinkyLED05_mainapp_psoc6pdl/Debug/libBlinkyLED05_mainapp_psoc6pdl.a(cy_gpio.o)
 .debug_aranges
                0x000001d0       0x68 C:/Users/ntan/git/BlinkyLED05/BlinkyLED05_mainapp_psoc6pdl/Debug/libBlinkyLED05_mainapp_psoc6pdl.a(cy_ipc_pipe.o)
 .debug_aranges
                0x00000238       0x48 C:/Users/ntan/git/BlinkyLED05/BlinkyLED05_mainapp_psoc6pdl/Debug/libBlinkyLED05_mainapp_psoc6pdl.a(cy_ipc_sema.o)
 .debug_aranges
                0x00000280       0xa8 C:/Users/ntan/git/BlinkyLED05/BlinkyLED05_mainapp_psoc6pdl/Debug/libBlinkyLED05_mainapp_psoc6pdl.a(cy_sysclk.o)
 .debug_aranges
                0x00000328       0x30 C:/Users/ntan/git/BlinkyLED05/BlinkyLED05_mainapp_psoc6pdl/Debug/libBlinkyLED05_mainapp_psoc6pdl.a(cy_sysint.o)
 .debug_aranges
                0x00000358       0x78 C:/Users/ntan/git/BlinkyLED05/BlinkyLED05_mainapp_psoc6pdl/Debug/libBlinkyLED05_mainapp_psoc6pdl.a(cy_syslib.o)
 .debug_aranges
                0x000003d0      0x118 C:/Users/ntan/git/BlinkyLED05/BlinkyLED05_mainapp_psoc6pdl/Debug/libBlinkyLED05_mainapp_psoc6pdl.a(cy_syspm.o)
 .debug_aranges
                0x000004e8       0x28 C:/Users/ntan/git/BlinkyLED05/BlinkyLED05_mainapp_psoc6pdl/Debug/libBlinkyLED05_mainapp_psoc6pdl.a(cy_tcpwm_pwm.o)
 .debug_aranges
                0x00000510       0x30 C:/Users/ntan/git/BlinkyLED05/BlinkyLED05_mainapp_psoc6pdl/Debug/libBlinkyLED05_mainapp_psoc6pdl.a(cy_ipc_drv.o)
 .debug_aranges
                0x00000540      0x198 C:/Users/ntan/git/BlinkyLED05/BlinkyLED05_mainapp_psoc6pdl/Debug/libBlinkyLED05_mainapp_psoc6pdl.a(cy_prot.o)

.debug_str      0x00000000    0xbe284
 .debug_str     0x00000000       0x9b ./psoc6sw-1.0/components/psoc6pdl/devices/psoc6/startup/gcc/startup_psoc6_02_cm4.o
 .debug_str     0x0000009b    0xa6df6 ./psoc6sw-1.0/components/psoc6pdl/devices/psoc6/startup/system_psoc6_cm4.o
                              0xa7165 (size before relaxing)
 .debug_str     0x000a6e91     0xb014 ./Source/main.o
                              0xaf1de (size before relaxing)
 .debug_str     0x000b1ea5       0xae ./BlinkyLED05_config/GeneratedSource/cycfg.o
                              0xaf125 (size before relaxing)
 .debug_str     0x000b1f53      0x266 ./BlinkyLED05_config/GeneratedSource/cycfg_clocks.o
                              0xa68d3 (size before relaxing)
 .debug_str     0x000b21b9       0x56 ./BlinkyLED05_config/GeneratedSource/cycfg_connectivity.o
                               0x2e4c (size before relaxing)
 .debug_str     0x000b220f      0x4c5 ./BlinkyLED05_config/GeneratedSource/cycfg_peripherals.o
                              0xa7d2e (size before relaxing)
 .debug_str     0x000b26d4      0x142 ./BlinkyLED05_config/GeneratedSource/cycfg_pins.o
                              0xabd64 (size before relaxing)
 .debug_str     0x000b2816      0xddc ./BlinkyLED05_config/GeneratedSource/cycfg_platform.o
                              0xa7975 (size before relaxing)
 .debug_str     0x000b35f2       0xad C:/Users/ntan/git/BlinkyLED05/BlinkyLED05_mainapp_psoc6pdl/Debug/libBlinkyLED05_mainapp_psoc6pdl.a(cy_syslib_gcc.o)
                                 0xbc (size before relaxing)
 .debug_str     0x000b369f       0x64 C:/Users/ntan/git/BlinkyLED05/BlinkyLED05_mainapp_psoc6pdl/Debug/libBlinkyLED05_mainapp_psoc6pdl.a(cy_device.o)
                              0x5f2b8 (size before relaxing)
 .debug_str     0x000b3703      0x53f C:/Users/ntan/git/BlinkyLED05/BlinkyLED05_mainapp_psoc6pdl/Debug/libBlinkyLED05_mainapp_psoc6pdl.a(cy_gpio.o)
                              0xabdd4 (size before relaxing)
 .debug_str     0x000b3c42      0x62d C:/Users/ntan/git/BlinkyLED05/BlinkyLED05_mainapp_psoc6pdl/Debug/libBlinkyLED05_mainapp_psoc6pdl.a(cy_ipc_pipe.o)
                              0xa6733 (size before relaxing)
 .debug_str     0x000b426f     0x2f5d C:/Users/ntan/git/BlinkyLED05/BlinkyLED05_mainapp_psoc6pdl/Debug/libBlinkyLED05_mainapp_psoc6pdl.a(cy_ipc_sema.o)
                              0xa7550 (size before relaxing)
 .debug_str     0x000b71cc     0x1f3e C:/Users/ntan/git/BlinkyLED05/BlinkyLED05_mainapp_psoc6pdl/Debug/libBlinkyLED05_mainapp_psoc6pdl.a(cy_sysclk.o)
                              0xac82a (size before relaxing)
 .debug_str     0x000b910a       0xe9 C:/Users/ntan/git/BlinkyLED05/BlinkyLED05_mainapp_psoc6pdl/Debug/libBlinkyLED05_mainapp_psoc6pdl.a(cy_sysint.o)
                              0xa5ad3 (size before relaxing)
 .debug_str     0x000b91f3      0xb8d C:/Users/ntan/git/BlinkyLED05/BlinkyLED05_mainapp_psoc6pdl/Debug/libBlinkyLED05_mainapp_psoc6pdl.a(cy_syslib.o)
                              0xa8337 (size before relaxing)
 .debug_str     0x000b9d80     0x33a7 C:/Users/ntan/git/BlinkyLED05/BlinkyLED05_mainapp_psoc6pdl/Debug/libBlinkyLED05_mainapp_psoc6pdl.a(cy_syspm.o)
                              0xab9a1 (size before relaxing)
 .debug_str     0x000bd127       0xb4 C:/Users/ntan/git/BlinkyLED05/BlinkyLED05_mainapp_psoc6pdl/Debug/libBlinkyLED05_mainapp_psoc6pdl.a(cy_tcpwm_pwm.o)
                              0xa5240 (size before relaxing)
 .debug_str     0x000bd1db       0x97 C:/Users/ntan/git/BlinkyLED05/BlinkyLED05_mainapp_psoc6pdl/Debug/libBlinkyLED05_mainapp_psoc6pdl.a(cy_ipc_drv.o)
                              0xa4528 (size before relaxing)
 .debug_str     0x000bd272     0x1012 C:/Users/ntan/git/BlinkyLED05/BlinkyLED05_mainapp_psoc6pdl/Debug/libBlinkyLED05_mainapp_psoc6pdl.a(cy_prot.o)
                              0xa6f41 (size before relaxing)

.debug_loc      0x00000000     0x7471
 .debug_loc     0x00000000      0x208 ./psoc6sw-1.0/components/psoc6pdl/devices/psoc6/startup/system_psoc6_cm4.o
 .debug_loc     0x00000208       0x2c ./Source/main.o
 .debug_loc     0x00000234       0x99 ./BlinkyLED05_config/GeneratedSource/cycfg_clocks.o
 .debug_loc     0x000002cd       0x40 ./BlinkyLED05_config/GeneratedSource/cycfg_peripherals.o
 .debug_loc     0x0000030d      0x268 ./BlinkyLED05_config/GeneratedSource/cycfg_platform.o
 .debug_loc     0x00000575      0x9d8 C:/Users/ntan/git/BlinkyLED05/BlinkyLED05_mainapp_psoc6pdl/Debug/libBlinkyLED05_mainapp_psoc6pdl.a(cy_gpio.o)
 .debug_loc     0x00000f4d      0x9d6 C:/Users/ntan/git/BlinkyLED05/BlinkyLED05_mainapp_psoc6pdl/Debug/libBlinkyLED05_mainapp_psoc6pdl.a(cy_ipc_pipe.o)
 .debug_loc     0x00001923      0x83a C:/Users/ntan/git/BlinkyLED05/BlinkyLED05_mainapp_psoc6pdl/Debug/libBlinkyLED05_mainapp_psoc6pdl.a(cy_ipc_sema.o)
 .debug_loc     0x0000215d     0x1a43 C:/Users/ntan/git/BlinkyLED05/BlinkyLED05_mainapp_psoc6pdl/Debug/libBlinkyLED05_mainapp_psoc6pdl.a(cy_sysclk.o)
 .debug_loc     0x00003ba0      0x224 C:/Users/ntan/git/BlinkyLED05/BlinkyLED05_mainapp_psoc6pdl/Debug/libBlinkyLED05_mainapp_psoc6pdl.a(cy_sysint.o)
 .debug_loc     0x00003dc4      0x18f C:/Users/ntan/git/BlinkyLED05/BlinkyLED05_mainapp_psoc6pdl/Debug/libBlinkyLED05_mainapp_psoc6pdl.a(cy_syslib.o)
 .debug_loc     0x00003f53     0x105f C:/Users/ntan/git/BlinkyLED05/BlinkyLED05_mainapp_psoc6pdl/Debug/libBlinkyLED05_mainapp_psoc6pdl.a(cy_syspm.o)
 .debug_loc     0x00004fb2       0xfd C:/Users/ntan/git/BlinkyLED05/BlinkyLED05_mainapp_psoc6pdl/Debug/libBlinkyLED05_mainapp_psoc6pdl.a(cy_tcpwm_pwm.o)
 .debug_loc     0x000050af      0x3e0 C:/Users/ntan/git/BlinkyLED05/BlinkyLED05_mainapp_psoc6pdl/Debug/libBlinkyLED05_mainapp_psoc6pdl.a(cy_ipc_drv.o)
 .debug_loc     0x0000548f     0x1fe2 C:/Users/ntan/git/BlinkyLED05/BlinkyLED05_mainapp_psoc6pdl/Debug/libBlinkyLED05_mainapp_psoc6pdl.a(cy_prot.o)

.debug_ranges   0x00000000      0xb08
 .debug_ranges  0x00000000       0x48 ./psoc6sw-1.0/components/psoc6pdl/devices/psoc6/startup/system_psoc6_cm4.o
 .debug_ranges  0x00000048       0x10 ./Source/main.o
 .debug_ranges  0x00000058       0x10 ./BlinkyLED05_config/GeneratedSource/cycfg.o
 .debug_ranges  0x00000068       0x10 ./BlinkyLED05_config/GeneratedSource/cycfg_clocks.o
 .debug_ranges  0x00000078       0x10 ./BlinkyLED05_config/GeneratedSource/cycfg_connectivity.o
 .debug_ranges  0x00000088       0x10 ./BlinkyLED05_config/GeneratedSource/cycfg_peripherals.o
 .debug_ranges  0x00000098       0x10 ./BlinkyLED05_config/GeneratedSource/cycfg_pins.o
 .debug_ranges  0x000000a8       0x60 ./BlinkyLED05_config/GeneratedSource/cycfg_platform.o
 .debug_ranges  0x00000108       0x10 C:/Users/ntan/git/BlinkyLED05/BlinkyLED05_mainapp_psoc6pdl/Debug/libBlinkyLED05_mainapp_psoc6pdl.a(cy_device.o)
 .debug_ranges  0x00000118      0x110 C:/Users/ntan/git/BlinkyLED05/BlinkyLED05_mainapp_psoc6pdl/Debug/libBlinkyLED05_mainapp_psoc6pdl.a(cy_gpio.o)
 .debug_ranges  0x00000228       0xb8 C:/Users/ntan/git/BlinkyLED05/BlinkyLED05_mainapp_psoc6pdl/Debug/libBlinkyLED05_mainapp_psoc6pdl.a(cy_ipc_pipe.o)
 .debug_ranges  0x000002e0       0x80 C:/Users/ntan/git/BlinkyLED05/BlinkyLED05_mainapp_psoc6pdl/Debug/libBlinkyLED05_mainapp_psoc6pdl.a(cy_ipc_sema.o)
 .debug_ranges  0x00000360      0x278 C:/Users/ntan/git/BlinkyLED05/BlinkyLED05_mainapp_psoc6pdl/Debug/libBlinkyLED05_mainapp_psoc6pdl.a(cy_sysclk.o)
 .debug_ranges  0x000005d8       0x38 C:/Users/ntan/git/BlinkyLED05/BlinkyLED05_mainapp_psoc6pdl/Debug/libBlinkyLED05_mainapp_psoc6pdl.a(cy_sysint.o)
 .debug_ranges  0x00000610       0x68 C:/Users/ntan/git/BlinkyLED05/BlinkyLED05_mainapp_psoc6pdl/Debug/libBlinkyLED05_mainapp_psoc6pdl.a(cy_syslib.o)
 .debug_ranges  0x00000678      0x288 C:/Users/ntan/git/BlinkyLED05/BlinkyLED05_mainapp_psoc6pdl/Debug/libBlinkyLED05_mainapp_psoc6pdl.a(cy_syspm.o)
 .debug_ranges  0x00000900       0x18 C:/Users/ntan/git/BlinkyLED05/BlinkyLED05_mainapp_psoc6pdl/Debug/libBlinkyLED05_mainapp_psoc6pdl.a(cy_tcpwm_pwm.o)
 .debug_ranges  0x00000918       0x50 C:/Users/ntan/git/BlinkyLED05/BlinkyLED05_mainapp_psoc6pdl/Debug/libBlinkyLED05_mainapp_psoc6pdl.a(cy_ipc_drv.o)
 .debug_ranges  0x00000968      0x1a0 C:/Users/ntan/git/BlinkyLED05/BlinkyLED05_mainapp_psoc6pdl/Debug/libBlinkyLED05_mainapp_psoc6pdl.a(cy_prot.o)

.debug_macro    0x00000000    0x217bb
 .debug_macro   0x00000000      0x415 ./psoc6sw-1.0/components/psoc6pdl/devices/psoc6/startup/system_psoc6_cm4.o
 .debug_macro   0x00000415      0xa5a ./psoc6sw-1.0/components/psoc6pdl/devices/psoc6/startup/system_psoc6_cm4.o
 .debug_macro   0x00000e6f       0x22 ./psoc6sw-1.0/components/psoc6pdl/devices/psoc6/startup/system_psoc6_cm4.o
 .debug_macro   0x00000e91       0x22 ./psoc6sw-1.0/components/psoc6pdl/devices/psoc6/startup/system_psoc6_cm4.o
 .debug_macro   0x00000eb3       0x87 ./psoc6sw-1.0/components/psoc6pdl/devices/psoc6/startup/system_psoc6_cm4.o
 .debug_macro   0x00000f3a       0x51 ./psoc6sw-1.0/components/psoc6pdl/devices/psoc6/startup/system_psoc6_cm4.o
 .debug_macro   0x00000f8b       0xef ./psoc6sw-1.0/components/psoc6pdl/devices/psoc6/startup/system_psoc6_cm4.o
 .debug_macro   0x0000107a       0x6a ./psoc6sw-1.0/components/psoc6pdl/devices/psoc6/startup/system_psoc6_cm4.o
 .debug_macro   0x000010e4      0x1df ./psoc6sw-1.0/components/psoc6pdl/devices/psoc6/startup/system_psoc6_cm4.o
 .debug_macro   0x000012c3       0x97 ./psoc6sw-1.0/components/psoc6pdl/devices/psoc6/startup/system_psoc6_cm4.o
 .debug_macro   0x0000135a      0x174 ./psoc6sw-1.0/components/psoc6pdl/devices/psoc6/startup/system_psoc6_cm4.o
 .debug_macro   0x000014ce       0x1c ./psoc6sw-1.0/components/psoc6pdl/devices/psoc6/startup/system_psoc6_cm4.o
 .debug_macro   0x000014ea      0x50a ./psoc6sw-1.0/components/psoc6pdl/devices/psoc6/startup/system_psoc6_cm4.o
 .debug_macro   0x000019f4      0x6e1 ./psoc6sw-1.0/components/psoc6pdl/devices/psoc6/startup/system_psoc6_cm4.o
 .debug_macro   0x000020d5      0xa7a ./psoc6sw-1.0/components/psoc6pdl/devices/psoc6/startup/system_psoc6_cm4.o
 .debug_macro   0x00002b4f      0xdec ./psoc6sw-1.0/components/psoc6pdl/devices/psoc6/startup/system_psoc6_cm4.o
 .debug_macro   0x0000393b      0x9e3 ./psoc6sw-1.0/components/psoc6pdl/devices/psoc6/startup/system_psoc6_cm4.o
 .debug_macro   0x0000431e      0x9e4 ./psoc6sw-1.0/components/psoc6pdl/devices/psoc6/startup/system_psoc6_cm4.o
 .debug_macro   0x00004d02       0xbe ./psoc6sw-1.0/components/psoc6pdl/devices/psoc6/startup/system_psoc6_cm4.o
 .debug_macro   0x00004dc0       0xfa ./psoc6sw-1.0/components/psoc6pdl/devices/psoc6/startup/system_psoc6_cm4.o
 .debug_macro   0x00004eba      0x5f8 ./psoc6sw-1.0/components/psoc6pdl/devices/psoc6/startup/system_psoc6_cm4.o
 .debug_macro   0x000054b2      0xb49 ./psoc6sw-1.0/components/psoc6pdl/devices/psoc6/startup/system_psoc6_cm4.o
 .debug_macro   0x00005ffb      0x3a8 ./psoc6sw-1.0/components/psoc6pdl/devices/psoc6/startup/system_psoc6_cm4.o
 .debug_macro   0x000063a3      0x8bb ./psoc6sw-1.0/components/psoc6pdl/devices/psoc6/startup/system_psoc6_cm4.o
 .debug_macro   0x00006c5e      0x3bd ./psoc6sw-1.0/components/psoc6pdl/devices/psoc6/startup/system_psoc6_cm4.o
 .debug_macro   0x0000701b     0x1218 ./psoc6sw-1.0/components/psoc6pdl/devices/psoc6/startup/system_psoc6_cm4.o
 .debug_macro   0x00008233       0xca ./psoc6sw-1.0/components/psoc6pdl/devices/psoc6/startup/system_psoc6_cm4.o
 .debug_macro   0x000082fd      0x6aa ./psoc6sw-1.0/components/psoc6pdl/devices/psoc6/startup/system_psoc6_cm4.o
 .debug_macro   0x000089a7      0x6aa ./psoc6sw-1.0/components/psoc6pdl/devices/psoc6/startup/system_psoc6_cm4.o
 .debug_macro   0x00009051      0x118 ./psoc6sw-1.0/components/psoc6pdl/devices/psoc6/startup/system_psoc6_cm4.o
 .debug_macro   0x00009169      0x124 ./psoc6sw-1.0/components/psoc6pdl/devices/psoc6/startup/system_psoc6_cm4.o
 .debug_macro   0x0000928d     0x2cd8 ./psoc6sw-1.0/components/psoc6pdl/devices/psoc6/startup/system_psoc6_cm4.o
 .debug_macro   0x0000bf65      0x1e1 ./psoc6sw-1.0/components/psoc6pdl/devices/psoc6/startup/system_psoc6_cm4.o
 .debug_macro   0x0000c146      0x294 ./psoc6sw-1.0/components/psoc6pdl/devices/psoc6/startup/system_psoc6_cm4.o
 .debug_macro   0x0000c3da      0x384 ./psoc6sw-1.0/components/psoc6pdl/devices/psoc6/startup/system_psoc6_cm4.o
 .debug_macro   0x0000c75e      0x517 ./psoc6sw-1.0/components/psoc6pdl/devices/psoc6/startup/system_psoc6_cm4.o
 .debug_macro   0x0000cc75      0x22d ./psoc6sw-1.0/components/psoc6pdl/devices/psoc6/startup/system_psoc6_cm4.o
 .debug_macro   0x0000cea2       0xd0 ./psoc6sw-1.0/components/psoc6pdl/devices/psoc6/startup/system_psoc6_cm4.o
 .debug_macro   0x0000cf72     0x11aa ./psoc6sw-1.0/components/psoc6pdl/devices/psoc6/startup/system_psoc6_cm4.o
 .debug_macro   0x0000e11c      0x106 ./psoc6sw-1.0/components/psoc6pdl/devices/psoc6/startup/system_psoc6_cm4.o
 .debug_macro   0x0000e222     0x13c9 ./psoc6sw-1.0/components/psoc6pdl/devices/psoc6/startup/system_psoc6_cm4.o
 .debug_macro   0x0000f5eb       0x3b ./psoc6sw-1.0/components/psoc6pdl/devices/psoc6/startup/system_psoc6_cm4.o
 .debug_macro   0x0000f626       0x1c ./psoc6sw-1.0/components/psoc6pdl/devices/psoc6/startup/system_psoc6_cm4.o
 .debug_macro   0x0000f642       0x22 ./psoc6sw-1.0/components/psoc6pdl/devices/psoc6/startup/system_psoc6_cm4.o
 .debug_macro   0x0000f664       0xdf ./psoc6sw-1.0/components/psoc6pdl/devices/psoc6/startup/system_psoc6_cm4.o
 .debug_macro   0x0000f743      0xff5 ./psoc6sw-1.0/components/psoc6pdl/devices/psoc6/startup/system_psoc6_cm4.o
 .debug_macro   0x00010738       0xe2 ./psoc6sw-1.0/components/psoc6pdl/devices/psoc6/startup/system_psoc6_cm4.o
 .debug_macro   0x0001081a       0x66 ./psoc6sw-1.0/components/psoc6pdl/devices/psoc6/startup/system_psoc6_cm4.o
 .debug_macro   0x00010880      0x1e7 ./psoc6sw-1.0/components/psoc6pdl/devices/psoc6/startup/system_psoc6_cm4.o
 .debug_macro   0x00010a67      0x13e ./psoc6sw-1.0/components/psoc6pdl/devices/psoc6/startup/system_psoc6_cm4.o
 .debug_macro   0x00010ba5      0x72c ./psoc6sw-1.0/components/psoc6pdl/devices/psoc6/startup/system_psoc6_cm4.o
 .debug_macro   0x000112d1       0xd6 ./psoc6sw-1.0/components/psoc6pdl/devices/psoc6/startup/system_psoc6_cm4.o
 .debug_macro   0x000113a7      0x66c ./psoc6sw-1.0/components/psoc6pdl/devices/psoc6/startup/system_psoc6_cm4.o
 .debug_macro   0x00011a13      0x106 ./psoc6sw-1.0/components/psoc6pdl/devices/psoc6/startup/system_psoc6_cm4.o
 .debug_macro   0x00011b19      0x28c ./psoc6sw-1.0/components/psoc6pdl/devices/psoc6/startup/system_psoc6_cm4.o
 .debug_macro   0x00011da5      0x930 ./psoc6sw-1.0/components/psoc6pdl/devices/psoc6/startup/system_psoc6_cm4.o
 .debug_macro   0x000126d5      0x269 ./psoc6sw-1.0/components/psoc6pdl/devices/psoc6/startup/system_psoc6_cm4.o
 .debug_macro   0x0001293e     0x21b6 ./psoc6sw-1.0/components/psoc6pdl/devices/psoc6/startup/system_psoc6_cm4.o
 .debug_macro   0x00014af4      0x5a1 ./psoc6sw-1.0/components/psoc6pdl/devices/psoc6/startup/system_psoc6_cm4.o
 .debug_macro   0x00015095     0x103a ./psoc6sw-1.0/components/psoc6pdl/devices/psoc6/startup/system_psoc6_cm4.o
 .debug_macro   0x000160cf      0x526 ./psoc6sw-1.0/components/psoc6pdl/devices/psoc6/startup/system_psoc6_cm4.o
 .debug_macro   0x000165f5      0x10c ./psoc6sw-1.0/components/psoc6pdl/devices/psoc6/startup/system_psoc6_cm4.o
 .debug_macro   0x00016701      0xd79 ./psoc6sw-1.0/components/psoc6pdl/devices/psoc6/startup/system_psoc6_cm4.o
 .debug_macro   0x0001747a      0x166 ./psoc6sw-1.0/components/psoc6pdl/devices/psoc6/startup/system_psoc6_cm4.o
 .debug_macro   0x000175e0     0x1dd9 ./psoc6sw-1.0/components/psoc6pdl/devices/psoc6/startup/system_psoc6_cm4.o
 .debug_macro   0x000193b9      0xc7e ./psoc6sw-1.0/components/psoc6pdl/devices/psoc6/startup/system_psoc6_cm4.o
 .debug_macro   0x0001a037     0x105e ./psoc6sw-1.0/components/psoc6pdl/devices/psoc6/startup/system_psoc6_cm4.o
 .debug_macro   0x0001b095      0x3a7 ./psoc6sw-1.0/components/psoc6pdl/devices/psoc6/startup/system_psoc6_cm4.o
 .debug_macro   0x0001b43c       0x5f ./psoc6sw-1.0/components/psoc6pdl/devices/psoc6/startup/system_psoc6_cm4.o
 .debug_macro   0x0001b49b       0x43 ./psoc6sw-1.0/components/psoc6pdl/devices/psoc6/startup/system_psoc6_cm4.o
 .debug_macro   0x0001b4de       0x22 ./psoc6sw-1.0/components/psoc6pdl/devices/psoc6/startup/system_psoc6_cm4.o
 .debug_macro   0x0001b500       0xcf ./psoc6sw-1.0/components/psoc6pdl/devices/psoc6/startup/system_psoc6_cm4.o
 .debug_macro   0x0001b5cf       0x7b ./psoc6sw-1.0/components/psoc6pdl/devices/psoc6/startup/system_psoc6_cm4.o
 .debug_macro   0x0001b64a      0x3cc ./Source/main.o
 .debug_macro   0x0001ba16       0x9d ./Source/main.o
 .debug_macro   0x0001bab3      0x5f2 ./Source/main.o
 .debug_macro   0x0001c0a5      0x510 ./Source/main.o
 .debug_macro   0x0001c5b5      0x3ae ./Source/main.o
 .debug_macro   0x0001c963      0x353 ./Source/main.o
 .debug_macro   0x0001ccb6       0x51 ./Source/main.o
 .debug_macro   0x0001cd07       0x10 ./Source/main.o
 .debug_macro   0x0001cd17      0x131 ./Source/main.o
 .debug_macro   0x0001ce48       0xed ./Source/main.o
 .debug_macro   0x0001cf35       0x22 ./Source/main.o
 .debug_macro   0x0001cf57       0x16 ./Source/main.o
 .debug_macro   0x0001cf6d      0x2e3 ./Source/main.o
 .debug_macro   0x0001d250       0xac ./Source/main.o
 .debug_macro   0x0001d2fc      0x3cc ./BlinkyLED05_config/GeneratedSource/cycfg.o
 .debug_macro   0x0001d6c8      0x354 ./BlinkyLED05_config/GeneratedSource/cycfg_clocks.o
 .debug_macro   0x0001da1c       0x2a ./BlinkyLED05_config/GeneratedSource/cycfg_connectivity.o
 .debug_macro   0x0001da46       0x1c ./BlinkyLED05_config/GeneratedSource/cycfg_connectivity.o
 .debug_macro   0x0001da62      0x38f ./BlinkyLED05_config/GeneratedSource/cycfg_peripherals.o
 .debug_macro   0x0001ddf1      0x353 ./BlinkyLED05_config/GeneratedSource/cycfg_pins.o
 .debug_macro   0x0001e144      0x437 ./BlinkyLED05_config/GeneratedSource/cycfg_platform.o
 .debug_macro   0x0001e57b      0x186 C:/Users/ntan/git/BlinkyLED05/BlinkyLED05_mainapp_psoc6pdl/Debug/libBlinkyLED05_mainapp_psoc6pdl.a(cy_device.o)
 .debug_macro   0x0001e701      0x33d C:/Users/ntan/git/BlinkyLED05/BlinkyLED05_mainapp_psoc6pdl/Debug/libBlinkyLED05_mainapp_psoc6pdl.a(cy_gpio.o)
 .debug_macro   0x0001ea3e      0x354 C:/Users/ntan/git/BlinkyLED05/BlinkyLED05_mainapp_psoc6pdl/Debug/libBlinkyLED05_mainapp_psoc6pdl.a(cy_ipc_pipe.o)
 .debug_macro   0x0001ed92      0x409 C:/Users/ntan/git/BlinkyLED05/BlinkyLED05_mainapp_psoc6pdl/Debug/libBlinkyLED05_mainapp_psoc6pdl.a(cy_ipc_sema.o)
 .debug_macro   0x0001f19b       0x58 C:/Users/ntan/git/BlinkyLED05/BlinkyLED05_mainapp_psoc6pdl/Debug/libBlinkyLED05_mainapp_psoc6pdl.a(cy_ipc_sema.o)
 .debug_macro   0x0001f1f3       0x17 C:/Users/ntan/git/BlinkyLED05/BlinkyLED05_mainapp_psoc6pdl/Debug/libBlinkyLED05_mainapp_psoc6pdl.a(cy_ipc_sema.o)
 .debug_macro   0x0001f20a       0x35 C:/Users/ntan/git/BlinkyLED05/BlinkyLED05_mainapp_psoc6pdl/Debug/libBlinkyLED05_mainapp_psoc6pdl.a(cy_ipc_sema.o)
 .debug_macro   0x0001f23f       0x9c C:/Users/ntan/git/BlinkyLED05/BlinkyLED05_mainapp_psoc6pdl/Debug/libBlinkyLED05_mainapp_psoc6pdl.a(cy_ipc_sema.o)
 .debug_macro   0x0001f2db       0x58 C:/Users/ntan/git/BlinkyLED05/BlinkyLED05_mainapp_psoc6pdl/Debug/libBlinkyLED05_mainapp_psoc6pdl.a(cy_ipc_sema.o)
 .debug_macro   0x0001f333       0x1f C:/Users/ntan/git/BlinkyLED05/BlinkyLED05_mainapp_psoc6pdl/Debug/libBlinkyLED05_mainapp_psoc6pdl.a(cy_ipc_sema.o)
 .debug_macro   0x0001f352       0x43 C:/Users/ntan/git/BlinkyLED05/BlinkyLED05_mainapp_psoc6pdl/Debug/libBlinkyLED05_mainapp_psoc6pdl.a(cy_ipc_sema.o)
 .debug_macro   0x0001f395       0x20 C:/Users/ntan/git/BlinkyLED05/BlinkyLED05_mainapp_psoc6pdl/Debug/libBlinkyLED05_mainapp_psoc6pdl.a(cy_ipc_sema.o)
 .debug_macro   0x0001f3b5      0x18e C:/Users/ntan/git/BlinkyLED05/BlinkyLED05_mainapp_psoc6pdl/Debug/libBlinkyLED05_mainapp_psoc6pdl.a(cy_ipc_sema.o)
 .debug_macro   0x0001f543      0x32a C:/Users/ntan/git/BlinkyLED05/BlinkyLED05_mainapp_psoc6pdl/Debug/libBlinkyLED05_mainapp_psoc6pdl.a(cy_ipc_sema.o)
 .debug_macro   0x0001f86d       0x10 C:/Users/ntan/git/BlinkyLED05/BlinkyLED05_mainapp_psoc6pdl/Debug/libBlinkyLED05_mainapp_psoc6pdl.a(cy_ipc_sema.o)
 .debug_macro   0x0001f87d       0x35 C:/Users/ntan/git/BlinkyLED05/BlinkyLED05_mainapp_psoc6pdl/Debug/libBlinkyLED05_mainapp_psoc6pdl.a(cy_ipc_sema.o)
 .debug_macro   0x0001f8b2      0x55c C:/Users/ntan/git/BlinkyLED05/BlinkyLED05_mainapp_psoc6pdl/Debug/libBlinkyLED05_mainapp_psoc6pdl.a(cy_sysclk.o)
 .debug_macro   0x0001fe0e      0x1e1 C:/Users/ntan/git/BlinkyLED05/BlinkyLED05_mainapp_psoc6pdl/Debug/libBlinkyLED05_mainapp_psoc6pdl.a(cy_sysclk.o)
 .debug_macro   0x0001ffef       0x16 C:/Users/ntan/git/BlinkyLED05/BlinkyLED05_mainapp_psoc6pdl/Debug/libBlinkyLED05_mainapp_psoc6pdl.a(cy_sysclk.o)
 .debug_macro   0x00020005       0x16 C:/Users/ntan/git/BlinkyLED05/BlinkyLED05_mainapp_psoc6pdl/Debug/libBlinkyLED05_mainapp_psoc6pdl.a(cy_sysclk.o)
 .debug_macro   0x0002001b       0x29 C:/Users/ntan/git/BlinkyLED05/BlinkyLED05_mainapp_psoc6pdl/Debug/libBlinkyLED05_mainapp_psoc6pdl.a(cy_sysclk.o)
 .debug_macro   0x00020044      0x331 C:/Users/ntan/git/BlinkyLED05/BlinkyLED05_mainapp_psoc6pdl/Debug/libBlinkyLED05_mainapp_psoc6pdl.a(cy_sysint.o)
 .debug_macro   0x00020375      0x41b C:/Users/ntan/git/BlinkyLED05/BlinkyLED05_mainapp_psoc6pdl/Debug/libBlinkyLED05_mainapp_psoc6pdl.a(cy_syslib.o)
 .debug_macro   0x00020790      0x50e C:/Users/ntan/git/BlinkyLED05/BlinkyLED05_mainapp_psoc6pdl/Debug/libBlinkyLED05_mainapp_psoc6pdl.a(cy_syspm.o)
 .debug_macro   0x00020c9e      0x170 C:/Users/ntan/git/BlinkyLED05/BlinkyLED05_mainapp_psoc6pdl/Debug/libBlinkyLED05_mainapp_psoc6pdl.a(cy_syspm.o)
 .debug_macro   0x00020e0e      0x341 C:/Users/ntan/git/BlinkyLED05/BlinkyLED05_mainapp_psoc6pdl/Debug/libBlinkyLED05_mainapp_psoc6pdl.a(cy_tcpwm_pwm.o)
 .debug_macro   0x0002114f      0x330 C:/Users/ntan/git/BlinkyLED05/BlinkyLED05_mainapp_psoc6pdl/Debug/libBlinkyLED05_mainapp_psoc6pdl.a(cy_ipc_drv.o)
 .debug_macro   0x0002147f      0x33c C:/Users/ntan/git/BlinkyLED05/BlinkyLED05_mainapp_psoc6pdl/Debug/libBlinkyLED05_mainapp_psoc6pdl.a(cy_prot.o)

.debug_frame    0x00000000     0x120c
 .debug_frame   0x00000000       0x78 ./psoc6sw-1.0/components/psoc6pdl/devices/psoc6/startup/system_psoc6_cm4.o
 .debug_frame   0x00000078       0x28 ./Source/main.o
 .debug_frame   0x000000a0       0x28 ./BlinkyLED05_config/GeneratedSource/cycfg.o
 .debug_frame   0x000000c8       0x20 ./BlinkyLED05_config/GeneratedSource/cycfg_clocks.o
 .debug_frame   0x000000e8       0x20 ./BlinkyLED05_config/GeneratedSource/cycfg_connectivity.o
 .debug_frame   0x00000108       0x20 ./BlinkyLED05_config/GeneratedSource/cycfg_peripherals.o
 .debug_frame   0x00000128       0x28 ./BlinkyLED05_config/GeneratedSource/cycfg_pins.o
 .debug_frame   0x00000150       0x38 ./BlinkyLED05_config/GeneratedSource/cycfg_platform.o
 .debug_frame   0x00000188       0x20 C:/Users/ntan/git/BlinkyLED05/BlinkyLED05_mainapp_psoc6pdl/Debug/libBlinkyLED05_mainapp_psoc6pdl.a(cy_device.o)
 .debug_frame   0x000001a8       0xfc C:/Users/ntan/git/BlinkyLED05/BlinkyLED05_mainapp_psoc6pdl/Debug/libBlinkyLED05_mainapp_psoc6pdl.a(cy_gpio.o)
 .debug_frame   0x000002a4      0x130 C:/Users/ntan/git/BlinkyLED05/BlinkyLED05_mainapp_psoc6pdl/Debug/libBlinkyLED05_mainapp_psoc6pdl.a(cy_ipc_pipe.o)
 .debug_frame   0x000003d4       0xb8 C:/Users/ntan/git/BlinkyLED05/BlinkyLED05_mainapp_psoc6pdl/Debug/libBlinkyLED05_mainapp_psoc6pdl.a(cy_ipc_sema.o)
 .debug_frame   0x0000048c      0x2ac C:/Users/ntan/git/BlinkyLED05/BlinkyLED05_mainapp_psoc6pdl/Debug/libBlinkyLED05_mainapp_psoc6pdl.a(cy_sysclk.o)
 .debug_frame   0x00000738       0x60 C:/Users/ntan/git/BlinkyLED05/BlinkyLED05_mainapp_psoc6pdl/Debug/libBlinkyLED05_mainapp_psoc6pdl.a(cy_sysint.o)
 .debug_frame   0x00000798      0x114 C:/Users/ntan/git/BlinkyLED05/BlinkyLED05_mainapp_psoc6pdl/Debug/libBlinkyLED05_mainapp_psoc6pdl.a(cy_syslib.o)
 .debug_frame   0x000008ac      0x358 C:/Users/ntan/git/BlinkyLED05/BlinkyLED05_mainapp_psoc6pdl/Debug/libBlinkyLED05_mainapp_psoc6pdl.a(cy_syspm.o)
 .debug_frame   0x00000c04       0x60 C:/Users/ntan/git/BlinkyLED05/BlinkyLED05_mainapp_psoc6pdl/Debug/libBlinkyLED05_mainapp_psoc6pdl.a(cy_tcpwm_pwm.o)
 .debug_frame   0x00000c64       0x64 C:/Users/ntan/git/BlinkyLED05/BlinkyLED05_mainapp_psoc6pdl/Debug/libBlinkyLED05_mainapp_psoc6pdl.a(cy_ipc_drv.o)
 .debug_frame   0x00000cc8      0x4f8 C:/Users/ntan/git/BlinkyLED05/BlinkyLED05_mainapp_psoc6pdl/Debug/libBlinkyLED05_mainapp_psoc6pdl.a(cy_prot.o)
 .debug_frame   0x000011c0       0x20 c:/users/ntan/modustoolbox_1.0/tools/gcc-7.2.1-1.0/bin/../lib/gcc/arm-none-eabi/7.2.1/../../../../arm-none-eabi/lib/thumb/v7e-m/fpv4-sp/softfp\libg_nano.a(lib_a-memset.o)
 .debug_frame   0x000011e0       0x2c c:/users/ntan/modustoolbox_1.0/tools/gcc-7.2.1-1.0/bin/../lib/gcc/arm-none-eabi/7.2.1/../../../../arm-none-eabi/lib/thumb/v7e-m/fpv4-sp/softfp\libg_nano.a(lib_a-strncpy.o)
